Archive member included to satisfy reference by file (symbol)

../vga_bsp//newlib/nios2-elf/lib/libm.a(lib_a-s_cos.o)
                              obj/default/hello_world.o (cos)
../vga_bsp//newlib/nios2-elf/lib/libm.a(lib_a-s_sin.o)
                              obj/default/hello_world.o (sin)
../vga_bsp//newlib/nios2-elf/lib/libm.a(lib_a-e_rem_pio2.o)
                              ../vga_bsp//newlib/nios2-elf/lib/libm.a(lib_a-s_cos.o) (__ieee754_rem_pio2)
../vga_bsp//newlib/nios2-elf/lib/libm.a(lib_a-k_cos.o)
                              ../vga_bsp//newlib/nios2-elf/lib/libm.a(lib_a-s_cos.o) (__kernel_cos)
../vga_bsp//newlib/nios2-elf/lib/libm.a(lib_a-k_rem_pio2.o)
                              ../vga_bsp//newlib/nios2-elf/lib/libm.a(lib_a-e_rem_pio2.o) (__kernel_rem_pio2)
../vga_bsp//newlib/nios2-elf/lib/libm.a(lib_a-k_sin.o)
                              ../vga_bsp//newlib/nios2-elf/lib/libm.a(lib_a-s_cos.o) (__kernel_sin)
../vga_bsp//newlib/nios2-elf/lib/libm.a(lib_a-s_fabs.o)
                              ../vga_bsp//newlib/nios2-elf/lib/libm.a(lib_a-e_rem_pio2.o) (fabs)
../vga_bsp//newlib/nios2-elf/lib/libm.a(lib_a-s_floor.o)
                              ../vga_bsp//newlib/nios2-elf/lib/libm.a(lib_a-k_rem_pio2.o) (floor)
../vga_bsp//newlib/nios2-elf/lib/libm.a(lib_a-s_scalbn.o)
                              ../vga_bsp//newlib/nios2-elf/lib/libm.a(lib_a-k_rem_pio2.o) (scalbn)
../vga_bsp//newlib/nios2-elf/lib/libm.a(lib_a-s_copysign.o)
                              ../vga_bsp//newlib/nios2-elf/lib/libm.a(lib_a-s_scalbn.o) (copysign)
/usr/local/3rdparty/altera/18.1/nios2eds/bin/gnu/H-x86_64-pc-linux-gnu/bin/../lib/gcc/nios2-elf/5.3.0/libgcc.a(_fixunsdfsi.o)
                              obj/default/hello_world.o (__fixunsdfsi)
/usr/local/3rdparty/altera/18.1/nios2eds/bin/gnu/H-x86_64-pc-linux-gnu/bin/../lib/gcc/nios2-elf/5.3.0/libgcc.a(lib2-divmod.o)
                              ../vga_bsp//newlib/nios2-elf/lib/libm.a(lib_a-k_rem_pio2.o) (__divsi3)
/usr/local/3rdparty/altera/18.1/nios2eds/bin/gnu/H-x86_64-pc-linux-gnu/bin/../lib/gcc/nios2-elf/5.3.0/libgcc.a(adddf3.o)
                              obj/default/hello_world.o (__adddf3)
/usr/local/3rdparty/altera/18.1/nios2eds/bin/gnu/H-x86_64-pc-linux-gnu/bin/../lib/gcc/nios2-elf/5.3.0/libgcc.a(eqdf2.o)
                              ../vga_bsp//newlib/nios2-elf/lib/libm.a(lib_a-e_rem_pio2.o) (__eqdf2)
/usr/local/3rdparty/altera/18.1/nios2eds/bin/gnu/H-x86_64-pc-linux-gnu/bin/../lib/gcc/nios2-elf/5.3.0/libgcc.a(gedf2.o)
                              ../vga_bsp//newlib/nios2-elf/lib/libm.a(lib_a-k_rem_pio2.o) (__gedf2)
/usr/local/3rdparty/altera/18.1/nios2eds/bin/gnu/H-x86_64-pc-linux-gnu/bin/../lib/gcc/nios2-elf/5.3.0/libgcc.a(muldf3.o)
                              obj/default/hello_world.o (__muldf3)
/usr/local/3rdparty/altera/18.1/nios2eds/bin/gnu/H-x86_64-pc-linux-gnu/bin/../lib/gcc/nios2-elf/5.3.0/libgcc.a(subdf3.o)
                              ../vga_bsp//newlib/nios2-elf/lib/libm.a(lib_a-s_cos.o) (__subdf3)
/usr/local/3rdparty/altera/18.1/nios2eds/bin/gnu/H-x86_64-pc-linux-gnu/bin/../lib/gcc/nios2-elf/5.3.0/libgcc.a(fixdfsi.o)
                              ../vga_bsp//newlib/nios2-elf/lib/libm.a(lib_a-e_rem_pio2.o) (__fixdfsi)
/usr/local/3rdparty/altera/18.1/nios2eds/bin/gnu/H-x86_64-pc-linux-gnu/bin/../lib/gcc/nios2-elf/5.3.0/libgcc.a(floatsidf.o)
                              obj/default/hello_world.o (__floatsidf)
/usr/local/3rdparty/altera/18.1/nios2eds/bin/gnu/H-x86_64-pc-linux-gnu/bin/../lib/gcc/nios2-elf/5.3.0/libgcc.a(extendsfdf2.o)
                              obj/default/hello_world.o (__extendsfdf2)
/usr/local/3rdparty/altera/18.1/nios2eds/bin/gnu/H-x86_64-pc-linux-gnu/bin/../lib/gcc/nios2-elf/5.3.0/libgcc.a(_clzsi2.o)
                              /usr/local/3rdparty/altera/18.1/nios2eds/bin/gnu/H-x86_64-pc-linux-gnu/bin/../lib/gcc/nios2-elf/5.3.0/libgcc.a(adddf3.o) (__clzsi2)
/usr/local/3rdparty/altera/18.1/nios2eds/bin/gnu/H-x86_64-pc-linux-gnu/bin/../lib/gcc/nios2-elf/5.3.0/libgcc.a(_clz.o)
                              /usr/local/3rdparty/altera/18.1/nios2eds/bin/gnu/H-x86_64-pc-linux-gnu/bin/../lib/gcc/nios2-elf/5.3.0/libgcc.a(_clzsi2.o) (__clz_tab)
../vga_bsp//newlib/nios2-elf/lib/libc.a(lib_a-puts.o)
                              obj/default/hello_world.o (puts)
../vga_bsp//newlib/nios2-elf/lib/libc.a(lib_a-strlen.o)
                              ../vga_bsp//newlib/nios2-elf/lib/libc.a(lib_a-puts.o) (strlen)
../vga_bsp//newlib/nios2-elf/lib/libc.a(lib_a-findfp.o)
                              ../vga_bsp//newlib/nios2-elf/lib/libc.a(lib_a-puts.o) (__sinit)
../vga_bsp//newlib/nios2-elf/lib/libc.a(lib_a-fvwrite.o)
                              ../vga_bsp//newlib/nios2-elf/lib/libc.a(lib_a-puts.o) (__sfvwrite_r)
../vga_bsp//newlib/nios2-elf/lib/libc.a(lib_a-fwalk.o)
                              ../vga_bsp//newlib/nios2-elf/lib/libc.a(lib_a-findfp.o) (_fwalk)
../vga_bsp//newlib/nios2-elf/lib/libc.a(lib_a-impure.o)
[...]
Memory Configuration

Name             Origin             Length             Attributes
reset            0x0000000008000000 0x0000000000000020
sdram_controller_0 0x0000000008000020 0x0000000007ffffe0
*default*        0x0000000000000000 0xffffffffffffffff

Linker script and memory map

LOAD ../vga_bsp//obj/HAL/src/crt0.o
LOAD obj/default/hello_world.o
LOAD obj/default/myfile.o
LOAD /usr/local/3rdparty/altera/18.1/nios2eds/bin/gnu/H-x86_64-pc-linux-gnu/bin/../lib/gcc/nios2-elf/5.3.0/../../../../../H-x86_64-pc-linux-gnu/nios2-elf/lib/libstdc++.a
LOAD ../vga_bsp//newlib/nios2-elf/lib/libm.a
LOAD /usr/local/3rdparty/altera/18.1/nios2eds/bin/gnu/H-x86_64-pc-linux-gnu/bin/../lib/gcc/nios2-elf/5.3.0/libgcc.a
START GROUP
LOAD ../vga_bsp//newlib/nios2-elf/lib/libc.a
LOAD /usr/local/3rdparty/altera/18.1/nios2eds/bin/gnu/H-x86_64-pc-linux-gnu/bin/../lib/gcc/nios2-elf/5.3.0/libgcc.a
LOAD ../vga_bsp//libhal_bsp.a
LOAD ../vga_bsp//newlib/nios2-elf/lib/libm.a
END GROUP
LOAD /usr/local/3rdparty/altera/18.1/nios2eds/bin/gnu/H-x86_64-pc-linux-gnu/bin/../lib/gcc/nios2-elf/5.3.0/libgcc.a
                0x0000000008000000                __alt_mem_sdram_controller_0 = 0x8000000

.entry          0x0000000008000000       0x20
 *(.entry)
 .entry         0x0000000008000000       0x20 ../vga_bsp//obj/HAL/src/crt0.o
                0x0000000008000000                __reset

.exceptions     0x0000000008000020      0x224
                0x0000000008000020                PROVIDE (__ram_exceptions_start, ABSOLUTE (.))
                0x0000000008000020                . = ALIGN (0x20)
 *(.irq)
 *(.exceptions.entry.label)
 .exceptions.entry.label
                0x0000000008000020        0x0 ../vga_bsp//libhal_bsp.a(alt_irq_entry.o)
                0x0000000008000020                alt_irq_entry
 .exceptions.entry.label
                0x0000000008000020        0x0 ../vga_bsp//libhal_bsp.a(alt_exception_entry.o)
                0x0000000008000020                alt_exception
 *(.exceptions.entry.user)
 *(.exceptions.entry.ecc_fatal)
 *(.exceptions.entry)
 .exceptions.entry
                0x0000000008000020       0x54 ../vga_bsp//libhal_bsp.a(alt_exception_entry.o)
 *(.exceptions.irqtest.user)
 *(.exceptions.irqtest)
 .exceptions.irqtest
                0x0000000008000074       0x10 ../vga_bsp//libhal_bsp.a(alt_irq_entry.o)
 *(.exceptions.irqhandler.user)
 *(.exceptions.irqhandler)
 .exceptions.irqhandler
                0x0000000008000084        0x4 ../vga_bsp//libhal_bsp.a(alt_irq_entry.o)
 *(.exceptions.irqreturn.user)
 *(.exceptions.irqreturn)
 .exceptions.irqreturn
                0x0000000008000088        0x4 ../vga_bsp//libhal_bsp.a(alt_irq_entry.o)
 *(.exceptions.notirq.label)
 .exceptions.notirq.label
                0x000000000800008c        0x0 ../vga_bsp//libhal_bsp.a(alt_irq_entry.o)
 *(.exceptions.notirq.user)
 *(.exceptions.notirq)
 .exceptions.notirq
                0x000000000800008c        0x8 ../vga_bsp//libhal_bsp.a(alt_exception_entry.o)
 *(.exceptions.soft.user)
 *(.exceptions.soft)
 *(.exceptions.unknown.user)
 *(.exceptions.unknown)
 .exceptions.unknown
                0x0000000008000094       0x14 ../vga_bsp//libhal_bsp.a(alt_exception_entry.o)
 *(.exceptions.exit.label)
 .exceptions.exit.label
                0x00000000080000a8        0x0 ../vga_bsp//libhal_bsp.a(alt_irq_entry.o)
 .exceptions.exit.label
                0x00000000080000a8        0x0 ../vga_bsp//libhal_bsp.a(alt_exception_entry.o)
 *(.exceptions.exit.user)
 *(.exceptions.exit)
 .exceptions.exit
                0x00000000080000a8       0x54 ../vga_bsp//libhal_bsp.a(alt_exception_entry.o)
 *(.exceptions)
 .exceptions    0x00000000080000fc       0xd4 ../vga_bsp//libhal_bsp.a(alt_irq_handler.o)
                0x00000000080000fc                alt_irq_handler
 .exceptions    0x00000000080001d0       0x74 ../vga_bsp//libhal_bsp.a(alt_instruction_exception_entry.o)
                0x00000000080001d0                alt_instruction_exception_entry
                0x0000000008000244                PROVIDE (__ram_exceptions_end, ABSOLUTE (.))
                0x0000000008000020                PROVIDE (__flash_exceptions_start, LOADADDR (.exceptions))

.text           0x0000000008000244     0xdc00
                [!provide]                        PROVIDE (stext, ABSOLUTE (.))
 *(.interp)
 *(.hash)
 *(.dynsym)
 *(.dynstr)
 *(.gnu.version)
 *(.gnu.version_d)
 *(.gnu.version_r)
 *(.rel.init)
 *(.rela.init)
 *(.rel.text .rel.text.* .rel.gnu.linkonce.t.*)
 *(.rela.text .rela.text.* .rela.gnu.linkonce.t.*)
 *(.rel.fini)
 *(.rela.fini)
 *(.rel.rodata .rel.rodata.* .rel.gnu.linkonce.r.*)
 *(.rela.rodata .rela.rodata.* .rela.gnu.linkonce.r.*)
 *(.rel.data .rel.data.* .rel.gnu.linkonce.d.*)
 *(.rela.data .rela.data.* .rela.gnu.linkonce.d.*)
 *(.rel.tdata .rel.tdata.* .rel.gnu.linkonce.td.*)
 *(.rela.tdata .rela.tdata.* .rela.gnu.linkonce.td.*)
 *(.rel.tbss .rel.tbss.* .rel.gnu.linkonce.tb.*)
 *(.rela.tbss .rela.tbss.* .rela.gnu.linkonce.tb.*)
 *(.rel.ctors)
 *(.rela.ctors)
 *(.rel.dtors)
 *(.rela.dtors)
 *(.rel.got)
 *(.rela.got)
 *(.rel.sdata .rel.sdata.* .rel.gnu.linkonce.s.*)
 *(.rela.sdata .rela.sdata.* .rela.gnu.linkonce.s.*)
 *(.rel.sbss .rel.sbss.* .rel.gnu.linkonce.sb.*)
 *(.rela.sbss .rela.sbss.* .rela.gnu.linkonce.sb.*)
 *(.rel.sdata2 .rel.sdata2.* .rel.gnu.linkonce.s2.*)
 *(.rela.sdata2 .rela.sdata2.* .rela.gnu.linkonce.s2.*)
 *(.rel.sbss2 .rel.sbss2.* .rel.gnu.linkonce.sb2.*)
 *(.rela.sbss2 .rela.sbss2.* .rela.gnu.linkonce.sb2.*)
 *(.rel.bss .rel.bss.* .rel.gnu.linkonce.b.*)
 *(.rela.bss .rela.bss.* .rela.gnu.linkonce.b.*)
 *(.rel.plt)
 *(.rela.plt)
 *(.rel.dyn)
 *(.init)
 *(.plt)
 *(.text .stub .text.* .gnu.linkonce.t.*)
 .text          0x0000000008000244       0x4c ../vga_bsp//obj/HAL/src/crt0.o
                0x0000000008000244                _start
 .text          0x0000000008000290      0x5a0 obj/default/hello_world.o
                0x0000000008000290                printOnScreen
                0x0000000008000300                displayImage
                0x00000000080006c0                main
 .text          0x0000000008000830        0x0 obj/default/myfile.o
 .text          0x0000000008000830        0x0 ../vga_bsp//newlib/nios2-elf/lib/libm.a(lib_a-s_cos.o)
 .text.cos      0x0000000008000830      0x1f4 ../vga_bsp//newlib/nios2-elf/lib/libm.a(lib_a-s_cos.o)
                0x0000000008000830                cos
 .text          0x0000000008000a24        0x0 ../vga_bsp//newlib/nios2-elf/lib/libm.a(lib_a-s_sin.o)
 .text.sin      0x0000000008000a24      0x1f8 ../vga_bsp//newlib/nios2-elf/lib/libm.a(lib_a-s_sin.o)
                0x0000000008000a24                sin
 .text          0x0000000008000c1c        0x0 ../vga_bsp//newlib/nios2-elf/lib/libm.a(lib_a-e_rem_pio2.o)
 .text.__ieee754_rem_pio2
                0x0000000008000c1c      0xce4 ../vga_bsp//newlib/nios2-elf/lib/libm.a(lib_a-e_rem_pio2.o)
                0x0000000008000c1c                __ieee754_rem_pio2
 .text          0x0000000008001900        0x0 ../vga_bsp//newlib/nios2-elf/lib/libm.a(lib_a-k_cos.o)
 .text.__kernel_cos
                0x0000000008001900      0x534 ../vga_bsp//newlib/nios2-elf/lib/libm.a(lib_a-k_cos.o)
                0x0000000008001900                __kernel_cos
 .text          0x0000000008001e34        0x0 ../vga_bsp//newlib/nios2-elf/lib/libm.a(lib_a-k_rem_pio2.o)
 .text.__kernel_rem_pio2
                0x0000000008001e34     0x13f8 ../vga_bsp//newlib/nios2-elf/lib/libm.a(lib_a-k_rem_pio2.o)
                0x0000000008001e34                __kernel_rem_pio2
 .text          0x000000000800322c        0x0 ../vga_bsp//newlib/nios2-elf/lib/libm.a(lib_a-k_sin.o)
 .text.__kernel_sin
                0x000000000800322c      0x444 ../vga_bsp//newlib/nios2-elf/lib/libm.a(lib_a-k_sin.o)
                0x000000000800322c                __kernel_sin
 .text          0x0000000008003670        0x0 ../vga_bsp//newlib/nios2-elf/lib/libm.a(lib_a-s_fabs.o)
 .text.fabs     0x0000000008003670       0x88 ../vga_bsp//newlib/nios2-elf/lib/libm.a(lib_a-s_fabs.o)
                0x0000000008003670                fabs
 .text          0x00000000080036f8        0x0 ../vga_bsp//newlib/nios2-elf/lib/libm.a(lib_a-s_floor.o)
 .text.floor    0x00000000080036f8      0x344 ../vga_bsp//newlib/nios2-elf/lib/libm.a(lib_a-s_floor.o)
                0x00000000080036f8                floor
 .text          0x0000000008003a3c        0x0 ../vga_bsp//newlib/nios2-elf/lib/libm.a(lib_a-s_scalbn.o)
 .text.scalbn   0x0000000008003a3c      0x3a8 ../vga_bsp//newlib/nios2-elf/lib/libm.a(lib_a-s_scalbn.o)
                0x0000000008003a3c                scalbn
 .text          0x0000000008003de4        0x0 ../vga_bsp//newlib/nios2-elf/lib/libm.a(lib_a-s_copysign.o)
 .text.copysign
                0x0000000008003de4       0xb4 ../vga_bsp//newlib/nios2-elf/lib/libm.a(lib_a-s_copysign.o)
                0x0000000008003de4                copysign
 .text          0x0000000008003e98       0x74 /usr/local/3rdparty/altera/18.1/nios2eds/bin/gnu/H-x86_64-pc-linux-gnu/bin/../lib/gcc/nios2-elf/5.3.0/libgcc.a(_fixunsdfsi.o)
                0x0000000008003e98                __fixunsdfsi
 .text          0x0000000008003f0c      0x1b4 /usr/local/3rdparty/altera/18.1/nios2eds/bin/gnu/H-x86_64-pc-linux-gnu/bin/../lib/gcc/nios2-elf/5.3.0/libgcc.a(lib2-divmod.o)
                0x0000000008003f0c                __divsi3
                0x0000000008003f90                __modsi3
                0x0000000008004004                __udivsi3
                0x0000000008004068                __umodsi3
 .text          0x00000000080040c0      0x8ac /usr/local/3rdparty/altera/18.1/nios2eds/bin/gnu/H-x86_64-pc-linux-gnu/bin/../lib/gcc/nios2-elf/5.3.0/libgcc.a(adddf3.o)
                0x00000000080040c0                __adddf3
 .text          0x000000000800496c       0x88 /usr/local/3rdparty/altera/18.1/nios2eds/bin/gnu/H-x86_64-pc-linux-gnu/bin/../lib/gcc/nios2-elf/5.3.0/libgcc.a(eqdf2.o)
                0x000000000800496c                __eqdf2
                0x000000000800496c                __nedf2
 .text          0x00000000080049f4       0xdc /usr/local/3rdparty/altera/18.1/nios2eds/bin/gnu/H-x86_64-pc-linux-gnu/bin/../lib/gcc/nios2-elf/5.3.0/libgcc.a(gedf2.o)
                0x00000000080049f4                __gtdf2
                0x00000000080049f4                __gedf2
 .text          0x0000000008004ad0      0x718 /usr/local/3rdparty/altera/18.1/nios2eds/bin/gnu/H-x86_64-pc-linux-gnu/bin/../lib/gcc/nios2-elf/5.3.0/libgcc.a(muldf3.o)
                0x0000000008004ad0                __muldf3
 .text          0x00000000080051e8      0x8fc /usr/local/3rdparty/altera/18.1/nios2eds/bin/gnu/H-x86_64-pc-linux-gnu/bin/../lib/gcc/nios2-elf/5.3.0/libgcc.a(subdf3.o)
                0x00000000080051e8                __subdf3
 .text          0x0000000008005ae4       0x80 /usr/local/3rdparty/altera/18.1/nios2eds/bin/gnu/H-x86_64-pc-linux-gnu/bin/../lib/gcc/nios2-elf/5.3.0/libgcc.a(fixdfsi.o)
                0x0000000008005ae4                __fixdfsi
 .text          0x0000000008005b64       0xdc /usr/local/3rdparty/altera/18.1/nios2eds/bin/gnu/H-x86_64-pc-linux-gnu/bin/../lib/gcc/nios2-elf/5.3.0/libgcc.a(floatsidf.o)
                0x0000000008005b64                __floatsidf
 .text          0x0000000008005c40      0x110 /usr/local/3rdparty/altera/18.1/nios2eds/bin/gnu/H-x86_64-pc-linux-gnu/bin/../lib/gcc/nios2-elf/5.3.0/libgcc.a(extendsfdf2.o)
                0x0000000008005c40                __extendsfdf2
 .text          0x0000000008005d50       0x64 /usr/local/3rdparty/altera/18.1/nios2eds/bin/gnu/H-x86_64-pc-linux-gnu/bin/../lib/gcc/nios2-elf/5.3.0/libgcc.a(_clzsi2.o)
                0x0000000008005d50                __clzsi2
 .text          0x0000000008005db4        0x0 /usr/local/3rdparty/altera/18.1/nios2eds/bin/gnu/H-x86_64-pc-linux-gnu/bin/../lib/gcc/nios2-elf/5.3.0/libgcc.a(_clz.o)
 .text          0x0000000008005db4        0x0 ../vga_bsp//newlib/nios2-elf/lib/libc.a(lib_a-puts.o)
 .text._puts_r  0x0000000008005db4      0x118 ../vga_bsp//newlib/nios2-elf/lib/libc.a(lib_a-puts.o)
                0x0000000008005db4                _puts_r
 .text.puts     0x0000000008005ecc       0x38 ../vga_bsp//newlib/nios2-elf/lib/libc.a(lib_a-puts.o)
                0x0000000008005ecc                puts
 .text          0x0000000008005f04        0x0 ../vga_bsp//newlib/nios2-elf/lib/libc.a(lib_a-strlen.o)
 .text.strlen   0x0000000008005f04       0xf4 ../vga_bsp//newlib/nios2-elf/lib/libc.a(lib_a-strlen.o)
                0x0000000008005f04                strlen
 .text          0x0000000008005ff8        0x0 ../vga_bsp//newlib/nios2-elf/lib/libc.a(lib_a-findfp.o)
 .text.std      0x0000000008005ff8       0xf4 ../vga_bsp//newlib/nios2-elf/lib/libc.a(lib_a-findfp.o)
 .text.__sfmoreglue
                0x00000000080060ec       0xa4 ../vga_bsp//newlib/nios2-elf/lib/libc.a(lib_a-findfp.o)
                0x00000000080060ec                __sfmoreglue
 .text.__sfp    0x0000000008006190      0x194 ../vga_bsp//newlib/nios2-elf/lib/libc.a(lib_a-findfp.o)
                0x0000000008006190                __sfp
 .text._cleanup_r
                0x0000000008006324       0x44 ../vga_bsp//newlib/nios2-elf/lib/libc.a(lib_a-findfp.o)
                0x0000000008006324                _cleanup_r
 .text._cleanup
                0x0000000008006368       0x34 ../vga_bsp//newlib/nios2-elf/lib/libc.a(lib_a-findfp.o)
                0x0000000008006368                _cleanup
 .text.__sinit  0x000000000800639c       0xd8 ../vga_bsp//newlib/nios2-elf/lib/libc.a(lib_a-findfp.o)
                0x000000000800639c                __sinit
 .text.__sfp_lock_acquire
                0x0000000008006474       0x20 ../vga_bsp//newlib/nios2-elf/lib/libc.a(lib_a-findfp.o)
                0x0000000008006474                __sfp_lock_acquire
 .text.__sfp_lock_release
                0x0000000008006494       0x20 ../vga_bsp//newlib/nios2-elf/lib/libc.a(lib_a-findfp.o)
                0x0000000008006494                __sfp_lock_release
 .text.__sinit_lock_acquire
                0x00000000080064b4       0x20 ../vga_bsp//newlib/nios2-elf/lib/libc.a(lib_a-findfp.o)
                0x00000000080064b4                __sinit_lock_acquire
 .text.__sinit_lock_release
                0x00000000080064d4       0x20 ../vga_bsp//newlib/nios2-elf/lib/libc.a(lib_a-findfp.o)
                0x00000000080064d4                __sinit_lock_release
 .text.__fp_lock
                0x00000000080064f4       0x24 ../vga_bsp//newlib/nios2-elf/lib/libc.a(lib_a-findfp.o)
 .text.__fp_unlock
                0x0000000008006518       0x24 ../vga_bsp//newlib/nios2-elf/lib/libc.a(lib_a-findfp.o)
 .text.__fp_lock_all
                0x000000000800653c       0x40 ../vga_bsp//newlib/nios2-elf/lib/libc.a(lib_a-findfp.o)
                0x000000000800653c                __fp_lock_all
 .text.__fp_unlock_all
                0x000000000800657c       0x40 ../vga_bsp//newlib/nios2-elf/lib/libc.a(lib_a-findfp.o)
                0x000000000800657c                __fp_unlock_all
 .text          0x00000000080065bc        0x0 ../vga_bsp//newlib/nios2-elf/lib/libc.a(lib_a-fvwrite.o)
 .text.__sfvwrite_r
                0x00000000080065bc      0x5dc ../vga_bsp//newlib/nios2-elf/lib/libc.a(lib_a-fvwrite.o)
                0x00000000080065bc                __sfvwrite_r
 .text          0x0000000008006b98        0x0 ../vga_bsp//newlib/nios2-elf/lib/libc.a(lib_a-fwalk.o)
 .text._fwalk   0x0000000008006b98       0xd8 ../vga_bsp//newlib/nios2-elf/lib/libc.a(lib_a-fwalk.o)
                0x0000000008006b98                _fwalk
 .text._fwalk_reent
                0x0000000008006c70       0xdc ../vga_bsp//newlib/nios2-elf/lib/libc.a(lib_a-fwalk.o)
                0x0000000008006c70                _fwalk_reent
 .text          0x0000000008006d4c        0x0 ../vga_bsp//newlib/nios2-elf/lib/libc.a(lib_a-impure.o)
 .text          0x0000000008006d4c        0x0 ../vga_bsp//newlib/nios2-elf/lib/libc.a(lib_a-mallocr.o)
 .text.malloc_extend_top
                0x0000000008006d4c      0x3b4 ../vga_bsp//newlib/nios2-elf/lib/libc.a(lib_a-mallocr.o)
 .text._malloc_r
                0x0000000008007100      0xb7c ../vga_bsp//newlib/nios2-elf/lib/libc.a(lib_a-mallocr.o)
                0x0000000008007100                _malloc_r
 .text          0x0000000008007c7c        0x0 ../vga_bsp//newlib/nios2-elf/lib/libc.a(lib_a-memchr.o)
 .text.memchr   0x0000000008007c7c      0x1bc ../vga_bsp//newlib/nios2-elf/lib/libc.a(lib_a-memchr.o)
                0x0000000008007c7c                memchr
 .text          0x0000000008007e38        0x0 ../vga_bsp//newlib/nios2-elf/lib/libc.a(lib_a-memcpy.o)
 .text.memcpy   0x0000000008007e38      0x188 ../vga_bsp//newlib/nios2-elf/lib/libc.a(lib_a-memcpy.o)
                0x0000000008007e38                memcpy
 .text          0x0000000008007fc0        0x0 ../vga_bsp//newlib/nios2-elf/lib/libc.a(lib_a-memmove.o)
 .text.memmove  0x0000000008007fc0      0x208 ../vga_bsp//newlib/nios2-elf/lib/libc.a(lib_a-memmove.o)
                0x0000000008007fc0                memmove
 .text          0x00000000080081c8        0x0 ../vga_bsp//newlib/nios2-elf/lib/libc.a(lib_a-memset.o)
 .text.memset   0x00000000080081c8      0x1c4 ../vga_bsp//newlib/nios2-elf/lib/libc.a(lib_a-memset.o)
                0x00000000080081c8                memset
 .text          0x000000000800838c        0x0 ../vga_bsp//newlib/nios2-elf/lib/libc.a(lib_a-reallocr.o)
 .text._realloc_r
                0x000000000800838c      0xbf0 ../vga_bsp//newlib/nios2-elf/lib/libc.a(lib_a-reallocr.o)
                0x000000000800838c                _realloc_r
 .text          0x0000000008008f7c        0x0 ../vga_bsp//newlib/nios2-elf/lib/libc.a(lib_a-sbrkr.o)
 .text._sbrk_r  0x0000000008008f7c       0x60 ../vga_bsp//newlib/nios2-elf/lib/libc.a(lib_a-sbrkr.o)
                0x0000000008008f7c                _sbrk_r
 .text          0x0000000008008fdc        0x0 ../vga_bsp//newlib/nios2-elf/lib/libc.a(lib_a-stdio.o)
 .text.__sread  0x0000000008008fdc       0x9c ../vga_bsp//newlib/nios2-elf/lib/libc.a(lib_a-stdio.o)
                0x0000000008008fdc                __sread
 .text.__seofread
                0x0000000008009078       0x30 ../vga_bsp//newlib/nios2-elf/lib/libc.a(lib_a-stdio.o)
                0x0000000008009078                __seofread
 .text.__swrite
                0x00000000080090a8       0xb4 ../vga_bsp//newlib/nios2-elf/lib/libc.a(lib_a-stdio.o)
                0x00000000080090a8                __swrite
 .text.__sseek  0x000000000800915c       0xa0 ../vga_bsp//newlib/nios2-elf/lib/libc.a(lib_a-stdio.o)
                0x000000000800915c                __sseek
 .text.__sclose
                0x00000000080091fc       0x54 ../vga_bsp//newlib/nios2-elf/lib/libc.a(lib_a-stdio.o)
                0x00000000080091fc                __sclose
 .text          0x0000000008009250        0x0 ../vga_bsp//newlib/nios2-elf/lib/libc.a(lib_a-writer.o)
 .text._write_r
                0x0000000008009250       0x70 ../vga_bsp//newlib/nios2-elf/lib/libc.a(lib_a-writer.o)
                0x0000000008009250                _write_r
 .text          0x00000000080092c0        0x0 ../vga_bsp//newlib/nios2-elf/lib/libc.a(lib_a-wsetup.o)
 .text.__swsetup_r
                0x00000000080092c0      0x1a0 ../vga_bsp//newlib/nios2-elf/lib/libc.a(lib_a-wsetup.o)
                0x00000000080092c0                __swsetup_r
 .text          0x0000000008009460        0x0 ../vga_bsp//newlib/nios2-elf/lib/libc.a(closer.o)
 .text._close_r
                0x0000000008009460       0x60 ../vga_bsp//newlib/nios2-elf/lib/libc.a(closer.o)
                0x0000000008009460                _close_r
 .text          0x00000000080094c0        0x0 ../vga_bsp//newlib/nios2-elf/lib/libc.a(lib_a-fclose.o)
 .text._fclose_r
                0x00000000080094c0      0x12c ../vga_bsp//newlib/nios2-elf/lib/libc.a(lib_a-fclose.o)
                0x00000000080094c0                _fclose_r
 .text.fclose   0x00000000080095ec       0x38 ../vga_bsp//newlib/nios2-elf/lib/libc.a(lib_a-fclose.o)
                0x00000000080095ec                fclose
 .text          0x0000000008009624        0x0 ../vga_bsp//newlib/nios2-elf/lib/libc.a(lib_a-fflush.o)
 .text.__sflush_r
                0x0000000008009624      0x304 ../vga_bsp//newlib/nios2-elf/lib/libc.a(lib_a-fflush.o)
                0x0000000008009624                __sflush_r
 .text._fflush_r
                0x0000000008009928       0x88 ../vga_bsp//newlib/nios2-elf/lib/libc.a(lib_a-fflush.o)
                0x0000000008009928                _fflush_r
 .text.fflush   0x00000000080099b0       0x54 ../vga_bsp//newlib/nios2-elf/lib/libc.a(lib_a-fflush.o)
                0x00000000080099b0                fflush
 .text          0x0000000008009a04        0x0 ../vga_bsp//newlib/nios2-elf/lib/libc.a(lib_a-freer.o)
 .text._free_r  0x0000000008009a04      0x560 ../vga_bsp//newlib/nios2-elf/lib/libc.a(lib_a-freer.o)
                0x0000000008009a04                _free_r
 .text._malloc_trim_r
                0x0000000008009f64      0x1cc ../vga_bsp//newlib/nios2-elf/lib/libc.a(lib_a-freer.o)
                0x0000000008009f64                _malloc_trim_r
 .text          0x000000000800a130        0x0 ../vga_bsp//newlib/nios2-elf/lib/libc.a(lib_a-int_errno.o)
 .text          0x000000000800a130        0x0 ../vga_bsp//newlib/nios2-elf/lib/libc.a(lib_a-lseekr.o)
 .text._lseek_r
                0x000000000800a130       0x70 ../vga_bsp//newlib/nios2-elf/lib/libc.a(lib_a-lseekr.o)
                0x000000000800a130                _lseek_r
 .text          0x000000000800a1a0        0x0 ../vga_bsp//newlib/nios2-elf/lib/libc.a(lib_a-makebuf.o)
 .text.__smakebuf_r
                0x000000000800a1a0      0x22c ../vga_bsp//newlib/nios2-elf/lib/libc.a(lib_a-makebuf.o)
                0x000000000800a1a0                __smakebuf_r
 .text          0x000000000800a3cc        0x0 ../vga_bsp//newlib/nios2-elf/lib/libc.a(lib_a-readr.o)
 .text._read_r  0x000000000800a3cc       0x70 ../vga_bsp//newlib/nios2-elf/lib/libc.a(lib_a-readr.o)
                0x000000000800a3cc                _read_r
 .text          0x000000000800a43c        0x0 ../vga_bsp//newlib/nios2-elf/lib/libc.a(lib_a-fstatr.o)
 .text._fstat_r
                0x000000000800a43c       0x68 ../vga_bsp//newlib/nios2-elf/lib/libc.a(lib_a-fstatr.o)
                0x000000000800a43c                _fstat_r
 .text          0x000000000800a4a4        0x0 ../vga_bsp//newlib/nios2-elf/lib/libc.a(lib_a-isattyr.o)
 .text._isatty_r
                0x000000000800a4a4       0x60 ../vga_bsp//newlib/nios2-elf/lib/libc.a(lib_a-isattyr.o)
                0x000000000800a4a4                _isatty_r
 .text          0x000000000800a504      0x10c ../vga_bsp//libhal_bsp.a(alt_close.o)
                0x000000000800a540                close
 .text          0x000000000800a610       0x2c ../vga_bsp//libhal_bsp.a(alt_dev.o)
 .text          0x000000000800a63c        0x0 ../vga_bsp//libhal_bsp.a(alt_errno.o)
 .text          0x000000000800a63c       0xec ../vga_bsp//libhal_bsp.a(alt_fstat.o)
                0x000000000800a678                fstat
 .text          0x000000000800a728       0xe0 ../vga_bsp//libhal_bsp.a(alt_isatty.o)
                0x000000000800a764                isatty
 .text          0x000000000800a808       0xec ../vga_bsp//libhal_bsp.a(alt_load.o)
                0x000000000800a870                alt_load
 .text          0x000000000800a8f4      0x110 ../vga_bsp//libhal_bsp.a(alt_lseek.o)
                0x000000000800a930                lseek
 .text          0x000000000800aa04       0x60 ../vga_bsp//libhal_bsp.a(alt_main.o)
                0x000000000800aa04                alt_main
 .text          0x000000000800aa64       0x48 ../vga_bsp//libhal_bsp.a(alt_malloc_lock.o)
                0x000000000800aa64                __malloc_lock
                0x000000000800aa88                __malloc_unlock
 .text          0x000000000800aaac      0x138 ../vga_bsp//libhal_bsp.a(alt_read.o)
                0x000000000800aae8                read
 .text          0x000000000800abe4       0x64 ../vga_bsp//libhal_bsp.a(alt_release_fd.o)
                0x000000000800abe4                alt_release_fd
 .text          0x000000000800ac48       0xb0 ../vga_bsp//libhal_bsp.a(alt_sbrk.o)
                0x000000000800ac48                sbrk
 .text          0x000000000800acf8      0x134 ../vga_bsp//libhal_bsp.a(alt_write.o)
                0x000000000800ad34                write
 .text          0x000000000800ae2c      0x428 ../vga_bsp//libhal_bsp.a(alt_sys_init.o)
                0x000000000800ae60                alt_irq_init
                0x000000000800ae98                alt_sys_init
 .text          0x000000000800b254      0x164 ../vga_bsp//libhal_bsp.a(altera_avalon_jtag_uart_fd.o)
                0x000000000800b254                altera_avalon_jtag_uart_read_fd
                0x000000000800b2b4                altera_avalon_jtag_uart_write_fd
                0x000000000800b314                altera_avalon_jtag_uart_close_fd
                0x000000000800b364                altera_avalon_jtag_uart_ioctl_fd
 .text          0x000000000800b3b8      0x3d4 ../vga_bsp//libhal_bsp.a(altera_avalon_jtag_uart_init.o)
                0x000000000800b3b8                altera_avalon_jtag_uart_init
                0x000000000800b724                altera_avalon_jtag_uart_close
 .text          0x000000000800b78c       0xf0 ../vga_bsp//libhal_bsp.a(altera_avalon_jtag_uart_ioctl.o)
                0x000000000800b78c                altera_avalon_jtag_uart_ioctl
 .text          0x000000000800b87c      0x21c ../vga_bsp//libhal_bsp.a(altera_avalon_jtag_uart_read.o)
                0x000000000800b87c                altera_avalon_jtag_uart_read
 .text          0x000000000800ba98      0x224 ../vga_bsp//libhal_bsp.a(altera_avalon_jtag_uart_write.o)
                0x000000000800ba98                altera_avalon_jtag_uart_write
 .text          0x000000000800bcbc      0x2e0 ../vga_bsp//libhal_bsp.a(altera_up_avalon_video_character_buffer_with_dma.o)
                0x000000000800bcbc                alt_up_char_buffer_init
                0x000000000800bd3c                alt_up_char_buffer_open_dev
                0x000000000800bd78                alt_up_char_buffer_draw
                0x000000000800be44                alt_up_char_buffer_string
                0x000000000800bf40                alt_up_char_buffer_clear
 .text          0x000000000800bf9c      0xeb4 ../vga_bsp//libhal_bsp.a(altera_up_avalon_video_pixel_buffer_dma.o)
                0x000000000800bf9c                alt_up_pixel_buffer_dma_open_dev
                0x000000000800bfd8                alt_up_pixel_buffer_dma_draw
                0x000000000800c16c                alt_up_pixel_buffer_dma_change_back_buffer_address
                0x000000000800c1c8                alt_up_pixel_buffer_dma_swap_buffers
                0x000000000800c228                alt_up_pixel_buffer_dma_check_swap_buffers_status
                0x000000000800c25c                alt_up_pixel_buffer_dma_clear_screen
                0x000000000800c384                alt_up_pixel_buffer_dma_draw_box
                0x000000000800c660                alt_up_pixel_buffer_dma_draw_hline
                0x000000000800c870                alt_up_pixel_buffer_dma_draw_vline
                0x000000000800cabc                alt_up_pixel_buffer_dma_draw_rectangle
                0x000000000800cb84                helper_plot_pixel
                0x000000000800cc08                alt_up_pixel_buffer_dma_draw_line
 .text          0x000000000800ce50      0x12c ../vga_bsp//libhal_bsp.a(alt_alarm_start.o)
                0x000000000800ce50                alt_alarm_start
 .text          0x000000000800cf7c       0x48 ../vga_bsp//libhal_bsp.a(alt_dcache_flush_all.o)
                0x000000000800cf7c                alt_dcache_flush_all
 .text          0x000000000800cfc4       0xe0 ../vga_bsp//libhal_bsp.a(alt_dev_llist_insert.o)
                0x000000000800d000                alt_dev_llist_insert
 .text          0x000000000800d0a4       0x60 ../vga_bsp//libhal_bsp.a(alt_do_ctors.o)
                0x000000000800d0a4                _do_ctors
 .text          0x000000000800d104       0x60 ../vga_bsp//libhal_bsp.a(alt_do_dtors.o)
                0x000000000800d104                _do_dtors
 .text          0x000000000800d164       0x90 ../vga_bsp//libhal_bsp.a(alt_find_dev.o)
                0x000000000800d164                alt_find_dev
 .text          0x000000000800d1f4       0x34 ../vga_bsp//libhal_bsp.a(alt_icache_flush_all.o)
                0x000000000800d1f4                alt_icache_flush_all
 .text          0x000000000800d228      0x1b0 ../vga_bsp//libhal_bsp.a(alt_iic.o)
                0x000000000800d228                alt_ic_isr_register
                0x000000000800d278                alt_ic_irq_enable
                0x000000000800d300                alt_ic_irq_disable
                0x000000000800d38c                alt_ic_irq_enabled
 .text          0x000000000800d3d8       0xf0 ../vga_bsp//libhal_bsp.a(alt_iic_isr_register.o)
                0x000000000800d3d8                alt_iic_isr_register
 .text          0x000000000800d4c8        0x0 ../vga_bsp//libhal_bsp.a(alt_irq_entry.o)
 .text          0x000000000800d4c8        0x0 ../vga_bsp//libhal_bsp.a(alt_irq_handler.o)
 .text          0x000000000800d4c8        0x0 ../vga_bsp//libhal_bsp.a(alt_irq_vars.o)
 .text          0x000000000800d4c8      0x1a4 ../vga_bsp//libhal_bsp.a(alt_tick.o)
                0x000000000800d4c8                alt_alarm_stop
                0x000000000800d564                alt_tick
 .text          0x000000000800d66c       0x24 ../vga_bsp//libhal_bsp.a(altera_nios2_gen2_irq.o)
                0x000000000800d66c                altera_nios2_gen2_irq_init
 .text          0x000000000800d690        0x0 ../vga_bsp//libhal_bsp.a(alt_exception_entry.o)
 .text          0x000000000800d690       0x90 ../vga_bsp//libhal_bsp.a(alt_icache_flush.o)
                0x000000000800d690                alt_icache_flush
 .text          0x000000000800d720       0x9c ../vga_bsp//libhal_bsp.a(alt_instruction_exception_entry.o)
                0x000000000800d720                alt_exception_cause_generated_bad_addr
 .text          0x000000000800d7bc        0x0 ../vga_bsp//newlib/nios2-elf/lib/libc.a(lib_a-atexit.o)
 .text.atexit   0x000000000800d7bc       0x3c ../vga_bsp//newlib/nios2-elf/lib/libc.a(lib_a-atexit.o)
                0x000000000800d7bc                atexit
 .text          0x000000000800d7f8        0x0 ../vga_bsp//newlib/nios2-elf/lib/libc.a(lib_a-exit.o)
 .text.exit     0x000000000800d7f8       0x48 ../vga_bsp//newlib/nios2-elf/lib/libc.a(lib_a-exit.o)
                0x000000000800d7f8                exit
 .text          0x000000000800d840        0x0 ../vga_bsp//newlib/nios2-elf/lib/libc.a(lib_a-memcmp.o)
 .text.memcmp   0x000000000800d840      0x134 ../vga_bsp//newlib/nios2-elf/lib/libc.a(lib_a-memcmp.o)
                0x000000000800d840                memcmp
 .text          0x000000000800d974        0x0 ../vga_bsp//newlib/nios2-elf/lib/libc.a(lib_a-strcmp.o)
 .text.strcmp   0x000000000800d974      0x140 ../vga_bsp//newlib/nios2-elf/lib/libc.a(lib_a-strcmp.o)
                0x000000000800d974                strcmp
 .text          0x000000000800dab4        0x0 ../vga_bsp//newlib/nios2-elf/lib/libc.a(lib_a-__atexit.o)
 .text.__register_exitproc
                0x000000000800dab4      0x170 ../vga_bsp//newlib/nios2-elf/lib/libc.a(lib_a-__atexit.o)
                0x000000000800dab4                __register_exitproc
 .text          0x000000000800dc24        0x0 ../vga_bsp//newlib/nios2-elf/lib/libc.a(lib_a-__call_atexit.o)
 .text.__call_exitprocs
                0x000000000800dc24      0x1ec ../vga_bsp//newlib/nios2-elf/lib/libc.a(lib_a-__call_atexit.o)
                0x000000000800dc24                __call_exitprocs
 .text          0x000000000800de10       0x34 ../vga_bsp//libhal_bsp.a(alt_exit.o)
                0x000000000800de10                _exit
 *(.gnu.warning.*)
 *(.fini)
                [!provide]                        PROVIDE (__etext, ABSOLUTE (.))
                [!provide]                        PROVIDE (_etext, ABSOLUTE (.))
                [!provide]                        PROVIDE (etext, ABSOLUTE (.))
 *(.eh_frame_hdr)
                0x000000000800de44                . = ALIGN (0x4)
                [!provide]                        PROVIDE (__preinit_array_start, ABSOLUTE (.))
 *(.preinit_array)
                [!provide]                        PROVIDE (__preinit_array_end, ABSOLUTE (.))
                [!provide]                        PROVIDE (__init_array_start, ABSOLUTE (.))
 *(.init_array)
                [!provide]                        PROVIDE (__init_array_end, ABSOLUTE (.))
                [!provide]                        PROVIDE (__fini_array_start, ABSOLUTE (.))
 *(.fini_array)
                [!provide]                        PROVIDE (__fini_array_end, ABSOLUTE (.))
 *(.eh_frame)
 *(.gcc_except_table .gcc_except_table.*)
 *(.dynamic)
                0x000000000800de44                PROVIDE (__CTOR_LIST__, ABSOLUTE (.))
 *(.ctors)
 *(SORT(.ctors.*))
                0x000000000800de44                PROVIDE (__CTOR_END__, ABSOLUTE (.))
                0x000000000800de44                PROVIDE (__DTOR_LIST__, ABSOLUTE (.))
 *(.dtors)
 *(SORT(.dtors.*))
                0x000000000800de44                PROVIDE (__DTOR_END__, ABSOLUTE (.))
 *(.jcr)
                0x000000000800de44                . = ALIGN (0x4)

.rodata         0x000000000800de44    0x38820
                0x000000000800de44                PROVIDE (__ram_rodata_start, ABSOLUTE (.))
                0x000000000800de44                . = ALIGN (0x4)
 *(.rodata .rodata.* .gnu.linkonce.r.*)
 .rodata        0x000000000800de44       0x86 obj/default/hello_world.o
 .rodata        0x000000000800deca    0x38401 obj/default/myfile.o
                0x000000000800deca                myimage
 *fill*         0x00000000080462cb        0x1 
 .rodata.two_over_pi
                0x00000000080462cc      0x108 ../vga_bsp//newlib/nios2-elf/lib/libm.a(lib_a-e_rem_pio2.o)
 .rodata.npio2_hw
                0x00000000080463d4       0x80 ../vga_bsp//newlib/nios2-elf/lib/libm.a(lib_a-e_rem_pio2.o)
 .rodata.init_jk
                0x0000000008046454       0x10 ../vga_bsp//newlib/nios2-elf/lib/libm.a(lib_a-k_rem_pio2.o)
 .rodata.PIo2   0x0000000008046464       0x40 ../vga_bsp//newlib/nios2-elf/lib/libm.a(lib_a-k_rem_pio2.o)
 .rodata        0x00000000080464a4      0x100 /usr/local/3rdparty/altera/18.1/nios2eds/bin/gnu/H-x86_64-pc-linux-gnu/bin/../lib/gcc/nios2-elf/5.3.0/libgcc.a(_clz.o)
                0x00000000080464a4                __clz_tab
 .rodata        0x00000000080465a4        0x2 ../vga_bsp//newlib/nios2-elf/lib/libc.a(lib_a-puts.o)
 *fill*         0x00000000080465a6        0x2 
 .rodata        0x00000000080465a8        0x2 ../vga_bsp//newlib/nios2-elf/lib/libc.a(lib_a-impure.o)
 *fill*         0x00000000080465aa        0x2 
 .rodata        0x00000000080465ac        0xa ../vga_bsp//libhal_bsp.a(alt_dev.o)
 *fill*         0x00000000080465b6        0x2 
 .rodata        0x00000000080465b8       0x8f ../vga_bsp//libhal_bsp.a(alt_sys_init.o)
 *fill*         0x0000000008046647        0x1 
 .rodata        0x0000000008046648       0x1a ../vga_bsp//libhal_bsp.a(altera_up_avalon_video_character_buffer_with_dma.o)
 *(.rodata1)
                0x0000000008046664                . = ALIGN (0x4)
 *fill*         0x0000000008046662        0x2 
                0x0000000008046664                PROVIDE (__ram_rodata_end, ABSOLUTE (.))
                0x000000000800de44                PROVIDE (__flash_rodata_start, LOADADDR (.rodata))

.rwdata         0x0000000008046664     0x1c54 load address 0x00000000080482b8
                0x0000000008046664                PROVIDE (__ram_rwdata_start, ABSOLUTE (.))
                0x0000000008046664                . = ALIGN (0x4)
 *(.got.plt)
 *(.got)
 *(.data1)
 *(.data .data.* .gnu.linkonce.d.*)
 .data          0x0000000008046664        0x0 ../vga_bsp//obj/HAL/src/crt0.o
 .data          0x0000000008046664        0x0 obj/default/hello_world.o
 .data          0x0000000008046664        0x0 obj/default/myfile.o
 .data          0x0000000008046664        0x0 ../vga_bsp//newlib/nios2-elf/lib/libm.a(lib_a-s_cos.o)
 .data          0x0000000008046664        0x0 ../vga_bsp//newlib/nios2-elf/lib/libm.a(lib_a-s_sin.o)
 .data          0x0000000008046664        0x0 ../vga_bsp//newlib/nios2-elf/lib/libm.a(lib_a-e_rem_pio2.o)
 .data          0x0000000008046664        0x0 ../vga_bsp//newlib/nios2-elf/lib/libm.a(lib_a-k_cos.o)
 .data          0x0000000008046664        0x0 ../vga_bsp//newlib/nios2-elf/lib/libm.a(lib_a-k_rem_pio2.o)
 .data          0x0000000008046664        0x0 ../vga_bsp//newlib/nios2-elf/lib/libm.a(lib_a-k_sin.o)
 .data          0x0000000008046664        0x0 ../vga_bsp//newlib/nios2-elf/lib/libm.a(lib_a-s_fabs.o)
 .data          0x0000000008046664        0x0 ../vga_bsp//newlib/nios2-elf/lib/libm.a(lib_a-s_floor.o)
 .data          0x0000000008046664        0x0 ../vga_bsp//newlib/nios2-elf/lib/libm.a(lib_a-s_scalbn.o)
 .data          0x0000000008046664        0x0 ../vga_bsp//newlib/nios2-elf/lib/libm.a(lib_a-s_copysign.o)
 .data          0x0000000008046664        0x0 /usr/local/3rdparty/altera/18.1/nios2eds/bin/gnu/H-x86_64-pc-linux-gnu/bin/../lib/gcc/nios2-elf/5.3.0/libgcc.a(_fixunsdfsi.o)
 .data          0x0000000008046664        0x0 /usr/local/3rdparty/altera/18.1/nios2eds/bin/gnu/H-x86_64-pc-linux-gnu/bin/../lib/gcc/nios2-elf/5.3.0/libgcc.a(lib2-divmod.o)
 .data          0x0000000008046664        0x0 /usr/local/3rdparty/altera/18.1/nios2eds/bin/gnu/H-x86_64-pc-linux-gnu/bin/../lib/gcc/nios2-elf/5.3.0/libgcc.a(adddf3.o)
 .data          0x0000000008046664        0x0 /usr/local/3rdparty/altera/18.1/nios2eds/bin/gnu/H-x86_64-pc-linux-gnu/bin/../lib/gcc/nios2-elf/5.3.0/libgcc.a(eqdf2.o)
 .data          0x0000000008046664        0x0 /usr/local/3rdparty/altera/18.1/nios2eds/bin/gnu/H-x86_64-pc-linux-gnu/bin/../lib/gcc/nios2-elf/5.3.0/libgcc.a(gedf2.o)
 .data          0x0000000008046664        0x0 /usr/local/3rdparty/altera/18.1/nios2eds/bin/gnu/H-x86_64-pc-linux-gnu/bin/../lib/gcc/nios2-elf/5.3.0/libgcc.a(muldf3.o)
 .data          0x0000000008046664        0x0 /usr/local/3rdparty/altera/18.1/nios2eds/bin/gnu/H-x86_64-pc-linux-gnu/bin/../lib/gcc/nios2-elf/5.3.0/libgcc.a(subdf3.o)
 .data          0x0000000008046664        0x0 /usr/local/3rdparty/altera/18.1/nios2eds/bin/gnu/H-x86_64-pc-linux-gnu/bin/../lib/gcc/nios2-elf/5.3.0/libgcc.a(fixdfsi.o)
 .data          0x0000000008046664        0x0 /usr/local/3rdparty/altera/18.1/nios2eds/bin/gnu/H-x86_64-pc-linux-gnu/bin/../lib/gcc/nios2-elf/5.3.0/libgcc.a(floatsidf.o)
 .data          0x0000000008046664        0x0 /usr/local/3rdparty/altera/18.1/nios2eds/bin/gnu/H-x86_64-pc-linux-gnu/bin/../lib/gcc/nios2-elf/5.3.0/libgcc.a(extendsfdf2.o)
 .data          0x0000000008046664        0x0 /usr/local/3rdparty/altera/18.1/nios2eds/bin/gnu/H-x86_64-pc-linux-gnu/bin/../lib/gcc/nios2-elf/5.3.0/libgcc.a(_clzsi2.o)
 .data          0x0000000008046664        0x0 /usr/local/3rdparty/altera/18.1/nios2eds/bin/gnu/H-x86_64-pc-linux-gnu/bin/../lib/gcc/nios2-elf/5.3.0/libgcc.a(_clz.o)
 .data          0x0000000008046664        0x0 ../vga_bsp//newlib/nios2-elf/lib/libc.a(lib_a-puts.o)
 .data          0x0000000008046664        0x0 ../vga_bsp//newlib/nios2-elf/lib/libc.a(lib_a-strlen.o)
 .data          0x0000000008046664        0x0 ../vga_bsp//newlib/nios2-elf/lib/libc.a(lib_a-findfp.o)
 .data          0x0000000008046664        0x0 ../vga_bsp//newlib/nios2-elf/lib/libc.a(lib_a-fvwrite.o)
 .data          0x0000000008046664        0x0 ../vga_bsp//newlib/nios2-elf/lib/libc.a(lib_a-fwalk.o)
 .data          0x0000000008046664        0x0 ../vga_bsp//newlib/nios2-elf/lib/libc.a(lib_a-impure.o)
 .data.impure_data
                0x0000000008046664      0x424 ../vga_bsp//newlib/nios2-elf/lib/libc.a(lib_a-impure.o)
 .data          0x0000000008046a88        0x0 ../vga_bsp//newlib/nios2-elf/lib/libc.a(lib_a-mallocr.o)
 .data.__malloc_av_
                0x0000000008046a88      0x408 ../vga_bsp//newlib/nios2-elf/lib/libc.a(lib_a-mallocr.o)
                0x0000000008046a88                __malloc_av_
 .data          0x0000000008046e90        0x0 ../vga_bsp//newlib/nios2-elf/lib/libc.a(lib_a-memchr.o)
 .data          0x0000000008046e90        0x0 ../vga_bsp//newlib/nios2-elf/lib/libc.a(lib_a-memcpy.o)
 .data          0x0000000008046e90        0x0 ../vga_bsp//newlib/nios2-elf/lib/libc.a(lib_a-memmove.o)
 .data          0x0000000008046e90        0x0 ../vga_bsp//newlib/nios2-elf/lib/libc.a(lib_a-memset.o)
 .data          0x0000000008046e90        0x0 ../vga_bsp//newlib/nios2-elf/lib/libc.a(lib_a-reallocr.o)
 .data          0x0000000008046e90        0x0 ../vga_bsp//newlib/nios2-elf/lib/libc.a(lib_a-sbrkr.o)
 .data          0x0000000008046e90        0x0 ../vga_bsp//newlib/nios2-elf/lib/libc.a(lib_a-stdio.o)
 .data          0x0000000008046e90        0x0 ../vga_bsp//newlib/nios2-elf/lib/libc.a(lib_a-writer.o)
 .data          0x0000000008046e90        0x0 ../vga_bsp//newlib/nios2-elf/lib/libc.a(lib_a-wsetup.o)
 .data          0x0000000008046e90        0x0 ../vga_bsp//newlib/nios2-elf/lib/libc.a(closer.o)
 .data          0x0000000008046e90        0x0 ../vga_bsp//newlib/nios2-elf/lib/libc.a(lib_a-fclose.o)
 .data          0x0000000008046e90        0x0 ../vga_bsp//newlib/nios2-elf/lib/libc.a(lib_a-fflush.o)
 .data          0x0000000008046e90        0x0 ../vga_bsp//newlib/nios2-elf/lib/libc.a(lib_a-freer.o)
 .data          0x0000000008046e90        0x0 ../vga_bsp//newlib/nios2-elf/lib/libc.a(lib_a-int_errno.o)
 .data          0x0000000008046e90        0x0 ../vga_bsp//newlib/nios2-elf/lib/libc.a(lib_a-lseekr.o)
 .data          0x0000000008046e90        0x0 ../vga_bsp//newlib/nios2-elf/lib/libc.a(lib_a-makebuf.o)
 .data          0x0000000008046e90        0x0 ../vga_bsp//newlib/nios2-elf/lib/libc.a(lib_a-readr.o)
 .data          0x0000000008046e90        0x0 ../vga_bsp//newlib/nios2-elf/lib/libc.a(lib_a-fstatr.o)
 .data          0x0000000008046e90        0x0 ../vga_bsp//newlib/nios2-elf/lib/libc.a(lib_a-isattyr.o)
 .data          0x0000000008046e90        0x0 ../vga_bsp//libhal_bsp.a(alt_close.o)
 .data          0x0000000008046e90      0x1a8 ../vga_bsp//libhal_bsp.a(alt_dev.o)
                0x0000000008046e90                alt_dev_null
                0x0000000008046eb8                alt_fd_list
 .data          0x0000000008047038        0x0 ../vga_bsp//libhal_bsp.a(alt_errno.o)
 .data          0x0000000008047038        0x0 ../vga_bsp//libhal_bsp.a(alt_fstat.o)
 .data          0x0000000008047038        0x0 ../vga_bsp//libhal_bsp.a(alt_isatty.o)
 .data          0x0000000008047038        0x0 ../vga_bsp//libhal_bsp.a(alt_load.o)
 .data          0x0000000008047038        0x0 ../vga_bsp//libhal_bsp.a(alt_lseek.o)
 .data          0x0000000008047038        0x0 ../vga_bsp//libhal_bsp.a(alt_main.o)
 .data          0x0000000008047038        0x0 ../vga_bsp//libhal_bsp.a(alt_malloc_lock.o)
 .data          0x0000000008047038        0x0 ../vga_bsp//libhal_bsp.a(alt_read.o)
 .data          0x0000000008047038        0x0 ../vga_bsp//libhal_bsp.a(alt_release_fd.o)
 .data          0x0000000008047038        0x0 ../vga_bsp//libhal_bsp.a(alt_sbrk.o)
 .data          0x0000000008047038        0x0 ../vga_bsp//libhal_bsp.a(alt_write.o)
 .data          0x0000000008047038     0x1140 ../vga_bsp//libhal_bsp.a(alt_sys_init.o)
 .data          0x0000000008048178        0x0 ../vga_bsp//libhal_bsp.a(altera_avalon_jtag_uart_fd.o)
 .data          0x0000000008048178        0x0 ../vga_bsp//libhal_bsp.a(altera_avalon_jtag_uart_init.o)
 .data          0x0000000008048178        0x0 ../vga_bsp//libhal_bsp.a(altera_avalon_jtag_uart_ioctl.o)
 .data          0x0000000008048178        0x0 ../vga_bsp//libhal_bsp.a(altera_avalon_jtag_uart_read.o)
 .data          0x0000000008048178        0x0 ../vga_bsp//libhal_bsp.a(altera_avalon_jtag_uart_write.o)
 .data          0x0000000008048178        0x0 ../vga_bsp//libhal_bsp.a(altera_up_avalon_video_character_buffer_with_dma.o)
 .data          0x0000000008048178        0x0 ../vga_bsp//libhal_bsp.a(altera_up_avalon_video_pixel_buffer_dma.o)
 .data          0x0000000008048178        0x0 ../vga_bsp//libhal_bsp.a(alt_alarm_start.o)
 .data          0x0000000008048178        0x0 ../vga_bsp//libhal_bsp.a(alt_dcache_flush_all.o)
 .data          0x0000000008048178        0x0 ../vga_bsp//libhal_bsp.a(alt_dev_llist_insert.o)
 .data          0x0000000008048178        0x0 ../vga_bsp//libhal_bsp.a(alt_do_ctors.o)
 .data          0x0000000008048178        0x0 ../vga_bsp//libhal_bsp.a(alt_do_dtors.o)
 .data          0x0000000008048178        0x0 ../vga_bsp//libhal_bsp.a(alt_find_dev.o)
 .data          0x0000000008048178        0x0 ../vga_bsp//libhal_bsp.a(alt_icache_flush_all.o)
 .data          0x0000000008048178        0x0 ../vga_bsp//libhal_bsp.a(alt_iic.o)
 .data          0x0000000008048178        0x0 ../vga_bsp//libhal_bsp.a(alt_iic_isr_register.o)
 .data          0x0000000008048178        0x0 ../vga_bsp//libhal_bsp.a(alt_irq_entry.o)
 .data          0x0000000008048178        0x0 ../vga_bsp//libhal_bsp.a(alt_irq_handler.o)
 .data          0x0000000008048178        0x0 ../vga_bsp//libhal_bsp.a(alt_irq_vars.o)
 .data          0x0000000008048178        0x0 ../vga_bsp//libhal_bsp.a(alt_tick.o)
 .data          0x0000000008048178        0x0 ../vga_bsp//libhal_bsp.a(altera_nios2_gen2_irq.o)
 .data          0x0000000008048178        0x0 ../vga_bsp//libhal_bsp.a(alt_exception_entry.o)
 .data          0x0000000008048178        0x0 ../vga_bsp//libhal_bsp.a(alt_icache_flush.o)
 .data          0x0000000008048178        0x0 ../vga_bsp//libhal_bsp.a(alt_instruction_exception_entry.o)
 .data          0x0000000008048178        0x0 ../vga_bsp//newlib/nios2-elf/lib/libc.a(lib_a-atexit.o)
 .data          0x0000000008048178        0x0 ../vga_bsp//newlib/nios2-elf/lib/libc.a(lib_a-exit.o)
 .data          0x0000000008048178        0x0 ../vga_bsp//newlib/nios2-elf/lib/libc.a(lib_a-memcmp.o)
 .data          0x0000000008048178        0x0 ../vga_bsp//newlib/nios2-elf/lib/libc.a(lib_a-strcmp.o)
 .data          0x0000000008048178        0x0 ../vga_bsp//newlib/nios2-elf/lib/libc.a(lib_a-__atexit.o)
 .data          0x0000000008048178        0x0 ../vga_bsp//newlib/nios2-elf/lib/libc.a(lib_a-__call_atexit.o)
 .data          0x0000000008048178        0x0 ../vga_bsp//libhal_bsp.a(alt_exit.o)
                0x0000000008050178                _gp = ABSOLUTE ((. + 0x8000))
                [!provide]                        PROVIDE (gp, _gp)
 *(.rwdata .rwdata.*)
 *(.sdata .sdata.* .gnu.linkonce.s.*)
 .sdata.zero    0x0000000008048178        0x8 ../vga_bsp//newlib/nios2-elf/lib/libm.a(lib_a-e_rem_pio2.o)
 .sdata.half    0x0000000008048180        0x8 ../vga_bsp//newlib/nios2-elf/lib/libm.a(lib_a-e_rem_pio2.o)
 .sdata.two24   0x0000000008048188        0x8 ../vga_bsp//newlib/nios2-elf/lib/libm.a(lib_a-e_rem_pio2.o)
 .sdata.invpio2
                0x0000000008048190        0x8 ../vga_bsp//newlib/nios2-elf/lib/libm.a(lib_a-e_rem_pio2.o)
 .sdata.pio2_1  0x0000000008048198        0x8 ../vga_bsp//newlib/nios2-elf/lib/libm.a(lib_a-e_rem_pio2.o)
 .sdata.pio2_1t
                0x00000000080481a0        0x8 ../vga_bsp//newlib/nios2-elf/lib/libm.a(lib_a-e_rem_pio2.o)
 .sdata.pio2_2  0x00000000080481a8        0x8 ../vga_bsp//newlib/nios2-elf/lib/libm.a(lib_a-e_rem_pio2.o)
 .sdata.pio2_2t
                0x00000000080481b0        0x8 ../vga_bsp//newlib/nios2-elf/lib/libm.a(lib_a-e_rem_pio2.o)
 .sdata.pio2_3  0x00000000080481b8        0x8 ../vga_bsp//newlib/nios2-elf/lib/libm.a(lib_a-e_rem_pio2.o)
 .sdata.pio2_3t
                0x00000000080481c0        0x8 ../vga_bsp//newlib/nios2-elf/lib/libm.a(lib_a-e_rem_pio2.o)
 .sdata.one     0x00000000080481c8        0x8 ../vga_bsp//newlib/nios2-elf/lib/libm.a(lib_a-k_cos.o)
 .sdata.C1      0x00000000080481d0        0x8 ../vga_bsp//newlib/nios2-elf/lib/libm.a(lib_a-k_cos.o)
 .sdata.C2      0x00000000080481d8        0x8 ../vga_bsp//newlib/nios2-elf/lib/libm.a(lib_a-k_cos.o)
 .sdata.C3      0x00000000080481e0        0x8 ../vga_bsp//newlib/nios2-elf/lib/libm.a(lib_a-k_cos.o)
 .sdata.C4      0x00000000080481e8        0x8 ../vga_bsp//newlib/nios2-elf/lib/libm.a(lib_a-k_cos.o)
 .sdata.C5      0x00000000080481f0        0x8 ../vga_bsp//newlib/nios2-elf/lib/libm.a(lib_a-k_cos.o)
 .sdata.C6      0x00000000080481f8        0x8 ../vga_bsp//newlib/nios2-elf/lib/libm.a(lib_a-k_cos.o)
 .sdata.zero    0x0000000008048200        0x8 ../vga_bsp//newlib/nios2-elf/lib/libm.a(lib_a-k_rem_pio2.o)
 .sdata.one     0x0000000008048208        0x8 ../vga_bsp//newlib/nios2-elf/lib/libm.a(lib_a-k_rem_pio2.o)
 .sdata.two24   0x0000000008048210        0x8 ../vga_bsp//newlib/nios2-elf/lib/libm.a(lib_a-k_rem_pio2.o)
 .sdata.twon24  0x0000000008048218        0x8 ../vga_bsp//newlib/nios2-elf/lib/libm.a(lib_a-k_rem_pio2.o)
 .sdata.half    0x0000000008048220        0x8 ../vga_bsp//newlib/nios2-elf/lib/libm.a(lib_a-k_sin.o)
 .sdata.S1      0x0000000008048228        0x8 ../vga_bsp//newlib/nios2-elf/lib/libm.a(lib_a-k_sin.o)
 .sdata.S2      0x0000000008048230        0x8 ../vga_bsp//newlib/nios2-elf/lib/libm.a(lib_a-k_sin.o)
 .sdata.S3      0x0000000008048238        0x8 ../vga_bsp//newlib/nios2-elf/lib/libm.a(lib_a-k_sin.o)
 .sdata.S4      0x0000000008048240        0x8 ../vga_bsp//newlib/nios2-elf/lib/libm.a(lib_a-k_sin.o)
 .sdata.S5      0x0000000008048248        0x8 ../vga_bsp//newlib/nios2-elf/lib/libm.a(lib_a-k_sin.o)
 .sdata.S6      0x0000000008048250        0x8 ../vga_bsp//newlib/nios2-elf/lib/libm.a(lib_a-k_sin.o)
 .sdata.huge    0x0000000008048258        0x8 ../vga_bsp//newlib/nios2-elf/lib/libm.a(lib_a-s_floor.o)
 .sdata.two54   0x0000000008048260        0x8 ../vga_bsp//newlib/nios2-elf/lib/libm.a(lib_a-s_scalbn.o)
 .sdata.twom54  0x0000000008048268        0x8 ../vga_bsp//newlib/nios2-elf/lib/libm.a(lib_a-s_scalbn.o)
 .sdata.huge    0x0000000008048270        0x8 ../vga_bsp//newlib/nios2-elf/lib/libm.a(lib_a-s_scalbn.o)
 .sdata.tiny    0x0000000008048278        0x8 ../vga_bsp//newlib/nios2-elf/lib/libm.a(lib_a-s_scalbn.o)
 .sdata._impure_ptr
                0x0000000008048280        0x4 ../vga_bsp//newlib/nios2-elf/lib/libc.a(lib_a-impure.o)
                0x0000000008048280                _impure_ptr
 .sdata._global_impure_ptr
                0x0000000008048284        0x4 ../vga_bsp//newlib/nios2-elf/lib/libc.a(lib_a-impure.o)
                0x0000000008048284                _global_impure_ptr
 .sdata.__malloc_trim_threshold
                0x0000000008048288        0x4 ../vga_bsp//newlib/nios2-elf/lib/libc.a(lib_a-mallocr.o)
                0x0000000008048288                __malloc_trim_threshold
 .sdata.__malloc_sbrk_base
                0x000000000804828c        0x4 ../vga_bsp//newlib/nios2-elf/lib/libc.a(lib_a-mallocr.o)
                0x000000000804828c                __malloc_sbrk_base
 .sdata         0x0000000008048290       0x14 ../vga_bsp//libhal_bsp.a(alt_dev.o)
                0x0000000008048290                alt_fs_list
                0x0000000008048298                alt_dev_list
                0x00000000080482a0                alt_max_fd
 .sdata         0x00000000080482a4        0x4 ../vga_bsp//libhal_bsp.a(alt_errno.o)
                0x00000000080482a4                alt_errno
 .sdata         0x00000000080482a8        0x4 ../vga_bsp//libhal_bsp.a(alt_sbrk.o)
 .sdata         0x00000000080482ac        0x4 ../vga_bsp//libhal_bsp.a(alt_irq_vars.o)
                0x00000000080482ac                alt_priority_mask
 .sdata         0x00000000080482b0        0x8 ../vga_bsp//libhal_bsp.a(alt_tick.o)
                0x00000000080482b0                alt_alarm_list
 *(.sdata2 .sdata2.* .gnu.linkonce.s2.*)
                0x00000000080482b8                . = ALIGN (0x4)
                0x00000000080482b8                _edata = ABSOLUTE (.)
                [!provide]                        PROVIDE (edata, ABSOLUTE (.))
                0x00000000080482b8                PROVIDE (__ram_rwdata_end, ABSOLUTE (.))
                0x00000000080482b8                PROVIDE (__flash_rwdata_start, LOADADDR (.rwdata))

.bss            0x0000000008049f0c      0x160
                0x0000000008049f0c                __bss_start = ABSOLUTE (.)
                [!provide]                        PROVIDE (__sbss_start, ABSOLUTE (.))
                [!provide]                        PROVIDE (___sbss_start, ABSOLUTE (.))
 *(.dynsbss)
 *(.sbss .sbss.* .gnu.linkonce.sb.*)
 .sbss.__sfp_lock
                0x0000000008049f0c        0x4 ../vga_bsp//newlib/nios2-elf/lib/libc.a(lib_a-findfp.o)
 .sbss.__sinit_lock
                0x0000000008049f10        0x4 ../vga_bsp//newlib/nios2-elf/lib/libc.a(lib_a-findfp.o)
 .sbss.__malloc_top_pad
                0x0000000008049f14        0x4 ../vga_bsp//newlib/nios2-elf/lib/libc.a(lib_a-mallocr.o)
                0x0000000008049f14                __malloc_top_pad
 .sbss.__malloc_max_sbrked_mem
                0x0000000008049f18        0x4 ../vga_bsp//newlib/nios2-elf/lib/libc.a(lib_a-mallocr.o)
                0x0000000008049f18                __malloc_max_sbrked_mem
 .sbss.__malloc_max_total_mem
                0x0000000008049f1c        0x4 ../vga_bsp//newlib/nios2-elf/lib/libc.a(lib_a-mallocr.o)
                0x0000000008049f1c                __malloc_max_total_mem
 .sbss          0x0000000008049f20        0x4 ../vga_bsp//newlib/nios2-elf/lib/libc.a(lib_a-int_errno.o)
                0x0000000008049f20                errno
 .sbss          0x0000000008049f24        0xc ../vga_bsp//libhal_bsp.a(alt_main.o)
                0x0000000008049f24                alt_argc
                0x0000000008049f28                alt_argv
                0x0000000008049f2c                alt_envp
 .sbss          0x0000000008049f30        0x4 ../vga_bsp//libhal_bsp.a(alt_irq_vars.o)
                0x0000000008049f30                alt_irq_active
 .sbss          0x0000000008049f34        0x8 ../vga_bsp//libhal_bsp.a(alt_tick.o)
                0x0000000008049f34                _alt_tick_rate
                0x0000000008049f38                _alt_nticks
 .sbss          0x0000000008049f3c        0x4 ../vga_bsp//libhal_bsp.a(alt_instruction_exception_entry.o)
                0x0000000008049f3c                alt_instruction_exception_handler
 .sbss.__atexit_lock
                0x0000000008049f40        0x4 ../vga_bsp//newlib/nios2-elf/lib/libc.a(lib_a-__call_atexit.o)
 *(.sbss2 .sbss2.* .gnu.linkonce.sb2.*)
 *(.scommon)
                [!provide]                        PROVIDE (__sbss_end, ABSOLUTE (.))
                [!provide]                        PROVIDE (___sbss_end, ABSOLUTE (.))
 *(.dynbss)
 *(.bss .bss.* .gnu.linkonce.b.*)
 .bss           0x0000000008049f44        0x0 ../vga_bsp//obj/HAL/src/crt0.o
 .bss           0x0000000008049f44        0x0 obj/default/hello_world.o
 .bss           0x0000000008049f44        0x0 obj/default/myfile.o
 .bss           0x0000000008049f44        0x0 ../vga_bsp//newlib/nios2-elf/lib/libm.a(lib_a-s_cos.o)
 .bss           0x0000000008049f44        0x0 ../vga_bsp//newlib/nios2-elf/lib/libm.a(lib_a-s_sin.o)
 .bss           0x0000000008049f44        0x0 ../vga_bsp//newlib/nios2-elf/lib/libm.a(lib_a-e_rem_pio2.o)
 .bss           0x0000000008049f44        0x0 ../vga_bsp//newlib/nios2-elf/lib/libm.a(lib_a-k_cos.o)
 .bss           0x0000000008049f44        0x0 ../vga_bsp//newlib/nios2-elf/lib/libm.a(lib_a-k_rem_pio2.o)
 .bss           0x0000000008049f44        0x0 ../vga_bsp//newlib/nios2-elf/lib/libm.a(lib_a-k_sin.o)
 .bss           0x0000000008049f44        0x0 ../vga_bsp//newlib/nios2-elf/lib/libm.a(lib_a-s_fabs.o)
 .bss           0x0000000008049f44        0x0 ../vga_bsp//newlib/nios2-elf/lib/libm.a(lib_a-s_floor.o)
 .bss           0x0000000008049f44        0x0 ../vga_bsp//newlib/nios2-elf/lib/libm.a(lib_a-s_scalbn.o)
 .bss           0x0000000008049f44        0x0 ../vga_bsp//newlib/nios2-elf/lib/libm.a(lib_a-s_copysign.o)
 .bss           0x0000000008049f44        0x0 /usr/local/3rdparty/altera/18.1/nios2eds/bin/gnu/H-x86_64-pc-linux-gnu/bin/../lib/gcc/nios2-elf/5.3.0/libgcc.a(_fixunsdfsi.o)
 .bss           0x0000000008049f44        0x0 /usr/local/3rdparty/altera/18.1/nios2eds/bin/gnu/H-x86_64-pc-linux-gnu/bin/../lib/gcc/nios2-elf/5.3.0/libgcc.a(lib2-divmod.o)
 .bss           0x0000000008049f44        0x0 /usr/local/3rdparty/altera/18.1/nios2eds/bin/gnu/H-x86_64-pc-linux-gnu/bin/../lib/gcc/nios2-elf/5.3.0/libgcc.a(adddf3.o)
 .bss           0x0000000008049f44        0x0 /usr/local/3rdparty/altera/18.1/nios2eds/bin/gnu/H-x86_64-pc-linux-gnu/bin/../lib/gcc/nios2-elf/5.3.0/libgcc.a(eqdf2.o)
 .bss           0x0000000008049f44        0x0 /usr/local/3rdparty/altera/18.1/nios2eds/bin/gnu/H-x86_64-pc-linux-gnu/bin/../lib/gcc/nios2-elf/5.3.0/libgcc.a(gedf2.o)
 .bss           0x0000000008049f44        0x0 /usr/local/3rdparty/altera/18.1/nios2eds/bin/gnu/H-x86_64-pc-linux-gnu/bin/../lib/gcc/nios2-elf/5.3.0/libgcc.a(muldf3.o)
 .bss           0x0000000008049f44        0x0 /usr/local/3rdparty/altera/18.1/nios2eds/bin/gnu/H-x86_64-pc-linux-gnu/bin/../lib/gcc/nios2-elf/5.3.0/libgcc.a(subdf3.o)
 .bss           0x0000000008049f44        0x0 /usr/local/3rdparty/altera/18.1/nios2eds/bin/gnu/H-x86_64-pc-linux-gnu/bin/../lib/gcc/nios2-elf/5.3.0/libgcc.a(fixdfsi.o)
 .bss           0x0000000008049f44        0x0 /usr/local/3rdparty/altera/18.1/nios2eds/bin/gnu/H-x86_64-pc-linux-gnu/bin/../lib/gcc/nios2-elf/5.3.0/libgcc.a(floatsidf.o)
 .bss           0x0000000008049f44        0x0 /usr/local/3rdparty/altera/18.1/nios2eds/bin/gnu/H-x86_64-pc-linux-gnu/bin/../lib/gcc/nios2-elf/5.3.0/libgcc.a(extendsfdf2.o)
 .bss           0x0000000008049f44        0x0 /usr/local/3rdparty/altera/18.1/nios2eds/bin/gnu/H-x86_64-pc-linux-gnu/bin/../lib/gcc/nios2-elf/5.3.0/libgcc.a(_clzsi2.o)
 .bss           0x0000000008049f44        0x0 /usr/local/3rdparty/altera/18.1/nios2eds/bin/gnu/H-x86_64-pc-linux-gnu/bin/../lib/gcc/nios2-elf/5.3.0/libgcc.a(_clz.o)
 .bss           0x0000000008049f44        0x0 ../vga_bsp//newlib/nios2-elf/lib/libc.a(lib_a-puts.o)
 .bss           0x0000000008049f44        0x0 ../vga_bsp//newlib/nios2-elf/lib/libc.a(lib_a-strlen.o)
 .bss           0x0000000008049f44        0x0 ../vga_bsp//newlib/nios2-elf/lib/libc.a(lib_a-findfp.o)
 .bss           0x0000000008049f44        0x0 ../vga_bsp//newlib/nios2-elf/lib/libc.a(lib_a-fvwrite.o)
 .bss           0x0000000008049f44        0x0 ../vga_bsp//newlib/nios2-elf/lib/libc.a(lib_a-fwalk.o)
 .bss           0x0000000008049f44        0x0 ../vga_bsp//newlib/nios2-elf/lib/libc.a(lib_a-impure.o)
 .bss           0x0000000008049f44        0x0 ../vga_bsp//newlib/nios2-elf/lib/libc.a(lib_a-mallocr.o)
 .bss.__malloc_current_mallinfo
                0x0000000008049f44       0x28 ../vga_bsp//newlib/nios2-elf/lib/libc.a(lib_a-mallocr.o)
                0x0000000008049f44                __malloc_current_mallinfo
 .bss           0x0000000008049f6c        0x0 ../vga_bsp//newlib/nios2-elf/lib/libc.a(lib_a-memchr.o)
 .bss           0x0000000008049f6c        0x0 ../vga_bsp//newlib/nios2-elf/lib/libc.a(lib_a-memcpy.o)
 .bss           0x0000000008049f6c        0x0 ../vga_bsp//newlib/nios2-elf/lib/libc.a(lib_a-memmove.o)
 .bss           0x0000000008049f6c        0x0 ../vga_bsp//newlib/nios2-elf/lib/libc.a(lib_a-memset.o)
 .bss           0x0000000008049f6c        0x0 ../vga_bsp//newlib/nios2-elf/lib/libc.a(lib_a-reallocr.o)
 .bss           0x0000000008049f6c        0x0 ../vga_bsp//newlib/nios2-elf/lib/libc.a(lib_a-sbrkr.o)
 .bss           0x0000000008049f6c        0x0 ../vga_bsp//newlib/nios2-elf/lib/libc.a(lib_a-stdio.o)
 .bss           0x0000000008049f6c        0x0 ../vga_bsp//newlib/nios2-elf/lib/libc.a(lib_a-writer.o)
 .bss           0x0000000008049f6c        0x0 ../vga_bsp//newlib/nios2-elf/lib/libc.a(lib_a-wsetup.o)
 .bss           0x0000000008049f6c        0x0 ../vga_bsp//newlib/nios2-elf/lib/libc.a(closer.o)
 .bss           0x0000000008049f6c        0x0 ../vga_bsp//newlib/nios2-elf/lib/libc.a(lib_a-fclose.o)
 .bss           0x0000000008049f6c        0x0 ../vga_bsp//newlib/nios2-elf/lib/libc.a(lib_a-fflush.o)
 .bss           0x0000000008049f6c        0x0 ../vga_bsp//newlib/nios2-elf/lib/libc.a(lib_a-freer.o)
 .bss           0x0000000008049f6c        0x0 ../vga_bsp//newlib/nios2-elf/lib/libc.a(lib_a-int_errno.o)
 .bss           0x0000000008049f6c        0x0 ../vga_bsp//newlib/nios2-elf/lib/libc.a(lib_a-lseekr.o)
 .bss           0x0000000008049f6c        0x0 ../vga_bsp//newlib/nios2-elf/lib/libc.a(lib_a-makebuf.o)
 .bss           0x0000000008049f6c        0x0 ../vga_bsp//newlib/nios2-elf/lib/libc.a(lib_a-readr.o)
 .bss           0x0000000008049f6c        0x0 ../vga_bsp//newlib/nios2-elf/lib/libc.a(lib_a-fstatr.o)
 .bss           0x0000000008049f6c        0x0 ../vga_bsp//newlib/nios2-elf/lib/libc.a(lib_a-isattyr.o)
 .bss           0x0000000008049f6c        0x0 ../vga_bsp//libhal_bsp.a(alt_close.o)
 .bss           0x0000000008049f6c        0x0 ../vga_bsp//libhal_bsp.a(alt_dev.o)
 .bss           0x0000000008049f6c        0x0 ../vga_bsp//libhal_bsp.a(alt_errno.o)
 .bss           0x0000000008049f6c        0x0 ../vga_bsp//libhal_bsp.a(alt_fstat.o)
 .bss           0x0000000008049f6c        0x0 ../vga_bsp//libhal_bsp.a(alt_isatty.o)
 .bss           0x0000000008049f6c        0x0 ../vga_bsp//libhal_bsp.a(alt_load.o)
 .bss           0x0000000008049f6c        0x0 ../vga_bsp//libhal_bsp.a(alt_lseek.o)
 .bss           0x0000000008049f6c        0x0 ../vga_bsp//libhal_bsp.a(alt_main.o)
 .bss           0x0000000008049f6c        0x0 ../vga_bsp//libhal_bsp.a(alt_malloc_lock.o)
 .bss           0x0000000008049f6c        0x0 ../vga_bsp//libhal_bsp.a(alt_read.o)
 .bss           0x0000000008049f6c        0x0 ../vga_bsp//libhal_bsp.a(alt_release_fd.o)
 .bss           0x0000000008049f6c        0x0 ../vga_bsp//libhal_bsp.a(alt_sbrk.o)
 .bss           0x0000000008049f6c        0x0 ../vga_bsp//libhal_bsp.a(alt_write.o)
 .bss           0x0000000008049f6c        0x0 ../vga_bsp//libhal_bsp.a(alt_sys_init.o)
 .bss           0x0000000008049f6c        0x0 ../vga_bsp//libhal_bsp.a(altera_avalon_jtag_uart_fd.o)
 .bss           0x0000000008049f6c        0x0 ../vga_bsp//libhal_bsp.a(altera_avalon_jtag_uart_init.o)
 .bss           0x0000000008049f6c        0x0 ../vga_bsp//libhal_bsp.a(altera_avalon_jtag_uart_ioctl.o)
 .bss           0x0000000008049f6c        0x0 ../vga_bsp//libhal_bsp.a(altera_avalon_jtag_uart_read.o)
 .bss           0x0000000008049f6c        0x0 ../vga_bsp//libhal_bsp.a(altera_avalon_jtag_uart_write.o)
 .bss           0x0000000008049f6c        0x0 ../vga_bsp//libhal_bsp.a(altera_up_avalon_video_character_buffer_with_dma.o)
 .bss           0x0000000008049f6c        0x0 ../vga_bsp//libhal_bsp.a(altera_up_avalon_video_pixel_buffer_dma.o)
 .bss           0x0000000008049f6c        0x0 ../vga_bsp//libhal_bsp.a(alt_alarm_start.o)
 .bss           0x0000000008049f6c        0x0 ../vga_bsp//libhal_bsp.a(alt_dcache_flush_all.o)
 .bss           0x0000000008049f6c        0x0 ../vga_bsp//libhal_bsp.a(alt_dev_llist_insert.o)
 .bss           0x0000000008049f6c        0x0 ../vga_bsp//libhal_bsp.a(alt_do_ctors.o)
 .bss           0x0000000008049f6c        0x0 ../vga_bsp//libhal_bsp.a(alt_do_dtors.o)
 .bss           0x0000000008049f6c        0x0 ../vga_bsp//libhal_bsp.a(alt_find_dev.o)
 .bss           0x0000000008049f6c        0x0 ../vga_bsp//libhal_bsp.a(alt_icache_flush_all.o)
 .bss           0x0000000008049f6c        0x0 ../vga_bsp//libhal_bsp.a(alt_iic.o)
 .bss           0x0000000008049f6c        0x0 ../vga_bsp//libhal_bsp.a(alt_iic_isr_register.o)
 .bss           0x0000000008049f6c        0x0 ../vga_bsp//libhal_bsp.a(alt_irq_entry.o)
 .bss           0x0000000008049f6c        0x0 ../vga_bsp//libhal_bsp.a(alt_irq_handler.o)
 .bss           0x0000000008049f6c        0x0 ../vga_bsp//libhal_bsp.a(alt_irq_vars.o)
 .bss           0x0000000008049f6c        0x0 ../vga_bsp//libhal_bsp.a(alt_tick.o)
 .bss           0x0000000008049f6c        0x0 ../vga_bsp//libhal_bsp.a(altera_nios2_gen2_irq.o)
 .bss           0x0000000008049f6c        0x0 ../vga_bsp//libhal_bsp.a(alt_exception_entry.o)
 .bss           0x0000000008049f6c        0x0 ../vga_bsp//libhal_bsp.a(alt_icache_flush.o)
 .bss           0x0000000008049f6c        0x0 ../vga_bsp//libhal_bsp.a(alt_instruction_exception_entry.o)
 .bss           0x0000000008049f6c        0x0 ../vga_bsp//newlib/nios2-elf/lib/libc.a(lib_a-atexit.o)
 .bss           0x0000000008049f6c        0x0 ../vga_bsp//newlib/nios2-elf/lib/libc.a(lib_a-exit.o)
 .bss           0x0000000008049f6c        0x0 ../vga_bsp//newlib/nios2-elf/lib/libc.a(lib_a-memcmp.o)
 .bss           0x0000000008049f6c        0x0 ../vga_bsp//newlib/nios2-elf/lib/libc.a(lib_a-strcmp.o)
 .bss           0x0000000008049f6c        0x0 ../vga_bsp//newlib/nios2-elf/lib/libc.a(lib_a-__atexit.o)
 .bss           0x0000000008049f6c        0x0 ../vga_bsp//newlib/nios2-elf/lib/libc.a(lib_a-__call_atexit.o)
 .bss           0x0000000008049f6c        0x0 ../vga_bsp//libhal_bsp.a(alt_exit.o)
 *(COMMON)
 COMMON         0x0000000008049f6c      0x100 ../vga_bsp//libhal_bsp.a(alt_irq_handler.o)
                0x0000000008049f6c                alt_irq
                0x000000000804a06c                . = ALIGN (0x4)
                0x000000000804a06c                __bss_end = ABSOLUTE (.)

.sdram_controller_0
                0x000000000804a06c        0x0
                [!provide]                        PROVIDE (_alt_partition_sdram_controller_0_start, ABSOLUTE (.))
 *(.sdram_controller_0 .sdram_controller_0. sdram_controller_0.*)
                0x000000000804a06c                . = ALIGN (0x4)
                [!provide]                        PROVIDE (_alt_partition_sdram_controller_0_end, ABSOLUTE (.))
                0x000000000804a06c                _end = ABSOLUTE (.)
                0x000000000804a06c                end = ABSOLUTE (.)
                0x000000000804a06c                __alt_stack_base = ABSOLUTE (.)
                [!provide]                        PROVIDE (_alt_partition_sdram_controller_0_load_addr, LOADADDR (.sdram_controller_0))

.stab
 *(.stab)

.stabstr
 *(.stabstr)

.stab.excl
 *(.stab.excl)

.stab.exclstr
 *(.stab.exclstr)

.stab.index
 *(.stab.index)

.stab.indexstr
 *(.stab.indexstr)

.comment        0x0000000000000000       0x23
 *(.comment)
 .comment       0x0000000000000000       0x23 obj/default/hello_world.o
                                         0x24 (size before relaxing)
 .comment       0x0000000000000023       0x24 obj/default/myfile.o
 .comment       0x0000000000000023       0x24 ../vga_bsp//newlib/nios2-elf/lib/libm.a(lib_a-s_cos.o)
 .comment       0x0000000000000023       0x24 ../vga_bsp//newlib/nios2-elf/lib/libm.a(lib_a-s_sin.o)
 .comment       0x0000000000000023       0x24 ../vga_bsp//newlib/nios2-elf/lib/libm.a(lib_a-e_rem_pio2.o)
 .comment       0x0000000000000023       0x24 ../vga_bsp//newlib/nios2-elf/lib/libm.a(lib_a-k_cos.o)
 .comment       0x0000000000000023       0x24 ../vga_bsp//newlib/nios2-elf/lib/libm.a(lib_a-k_rem_pio2.o)
 .comment       0x0000000000000023       0x24 ../vga_bsp//newlib/nios2-elf/lib/libm.a(lib_a-k_sin.o)
 .comment       0x0000000000000023       0x24 ../vga_bsp//newlib/nios2-elf/lib/libm.a(lib_a-s_fabs.o)
 .comment       0x0000000000000023       0x24 ../vga_bsp//newlib/nios2-elf/lib/libm.a(lib_a-s_floor.o)
 .comment       0x0000000000000023       0x24 ../vga_bsp//newlib/nios2-elf/lib/libm.a(lib_a-s_scalbn.o)
 .comment       0x0000000000000023       0x24 ../vga_bsp//newlib/nios2-elf/lib/libm.a(lib_a-s_copysign.o)
 .comment       0x0000000000000023       0x24 /usr/local/3rdparty/altera/18.1/nios2eds/bin/gnu/H-x86_64-pc-linux-gnu/bin/../lib/gcc/nios2-elf/5.3.0/libgcc.a(_fixunsdfsi.o)
 .comment       0x0000000000000023       0x24 /usr/local/3rdparty/altera/18.1/nios2eds/bin/gnu/H-x86_64-pc-linux-gnu/bin/../lib/gcc/nios2-elf/5.3.0/libgcc.a(lib2-divmod.o)
 .comment       0x0000000000000023       0x24 /usr/local/3rdparty/altera/18.1/nios2eds/bin/gnu/H-x86_64-pc-linux-gnu/bin/../lib/gcc/nios2-elf/5.3.0/libgcc.a(adddf3.o)
 .comment       0x0000000000000023       0x24 /usr/local/3rdparty/altera/18.1/nios2eds/bin/gnu/H-x86_64-pc-linux-gnu/bin/../lib/gcc/nios2-elf/5.3.0/libgcc.a(eqdf2.o)
 .comment       0x0000000000000023       0x24 /usr/local/3rdparty/altera/18.1/nios2eds/bin/gnu/H-x86_64-pc-linux-gnu/bin/../lib/gcc/nios2-elf/5.3.0/libgcc.a(gedf2.o)
 .comment       0x0000000000000023       0x24 /usr/local/3rdparty/altera/18.1/nios2eds/bin/gnu/H-x86_64-pc-linux-gnu/bin/../lib/gcc/nios2-elf/5.3.0/libgcc.a(muldf3.o)
 .comment       0x0000000000000023       0x24 /usr/local/3rdparty/altera/18.1/nios2eds/bin/gnu/H-x86_64-pc-linux-gnu/bin/../lib/gcc/nios2-elf/5.3.0/libgcc.a(subdf3.o)
 .comment       0x0000000000000023       0x24 /usr/local/3rdparty/altera/18.1/nios2eds/bin/gnu/H-x86_64-pc-linux-gnu/bin/../lib/gcc/nios2-elf/5.3.0/libgcc.a(fixdfsi.o)
 .comment       0x0000000000000023       0x24 /usr/local/3rdparty/altera/18.1/nios2eds/bin/gnu/H-x86_64-pc-linux-gnu/bin/../lib/gcc/nios2-elf/5.3.0/libgcc.a(floatsidf.o)
 .comment       0x0000000000000023       0x24 /usr/local/3rdparty/altera/18.1/nios2eds/bin/gnu/H-x86_64-pc-linux-gnu/bin/../lib/gcc/nios2-elf/5.3.0/libgcc.a(extendsfdf2.o)
 .comment       0x0000000000000023       0x24 /usr/local/3rdparty/altera/18.1/nios2eds/bin/gnu/H-x86_64-pc-linux-gnu/bin/../lib/gcc/nios2-elf/5.3.0/libgcc.a(_clzsi2.o)
 .comment       0x0000000000000023       0x24 /usr/local/3rdparty/altera/18.1/nios2eds/bin/gnu/H-x86_64-pc-linux-gnu/bin/../lib/gcc/nios2-elf/5.3.0/libgcc.a(_clz.o)
 .comment       0x0000000000000023       0x24 ../vga_bsp//newlib/nios2-elf/lib/libc.a(lib_a-puts.o)
 .comment       0x0000000000000023       0x24 ../vga_bsp//newlib/nios2-elf/lib/libc.a(lib_a-strlen.o)
 .comment       0x0000000000000023       0x24 ../vga_bsp//newlib/nios2-elf/lib/libc.a(lib_a-findfp.o)
 .comment       0x0000000000000023       0x24 ../vga_bsp//newlib/nios2-elf/lib/libc.a(lib_a-fvwrite.o)
 .comment       0x0000000000000023       0x24 ../vga_bsp//newlib/nios2-elf/lib/libc.a(lib_a-fwalk.o)
 .comment       0x0000000000000023       0x24 ../vga_bsp//newlib/nios2-elf/lib/libc.a(lib_a-impure.o)
 .comment       0x0000000000000023       0x24 ../vga_bsp//newlib/nios2-elf/lib/libc.a(lib_a-mallocr.o)
 .comment       0x0000000000000023       0x24 ../vga_bsp//newlib/nios2-elf/lib/libc.a(lib_a-memchr.o)
 .comment       0x0000000000000023       0x24 ../vga_bsp//newlib/nios2-elf/lib/libc.a(lib_a-memcpy.o)
 .comment       0x0000000000000023       0x24 ../vga_bsp//newlib/nios2-elf/lib/libc.a(lib_a-memmove.o)
 .comment       0x0000000000000023       0x24 ../vga_bsp//newlib/nios2-elf/lib/libc.a(lib_a-memset.o)
 .comment       0x0000000000000023       0x24 ../vga_bsp//newlib/nios2-elf/lib/libc.a(lib_a-reallocr.o)
 .comment       0x0000000000000023       0x24 ../vga_bsp//newlib/nios2-elf/lib/libc.a(lib_a-sbrkr.o)
 .comment       0x0000000000000023       0x24 ../vga_bsp//newlib/nios2-elf/lib/libc.a(lib_a-stdio.o)
 .comment       0x0000000000000023       0x24 ../vga_bsp//newlib/nios2-elf/lib/libc.a(lib_a-writer.o)
 .comment       0x0000000000000023       0x24 ../vga_bsp//newlib/nios2-elf/lib/libc.a(lib_a-wsetup.o)
 .comment       0x0000000000000023       0x24 ../vga_bsp//newlib/nios2-elf/lib/libc.a(closer.o)
 .comment       0x0000000000000023       0x24 ../vga_bsp//newlib/nios2-elf/lib/libc.a(lib_a-fclose.o)
 .comment       0x0000000000000023       0x24 ../vga_bsp//newlib/nios2-elf/lib/libc.a(lib_a-fflush.o)
 .comment       0x0000000000000023       0x24 ../vga_bsp//newlib/nios2-elf/lib/libc.a(lib_a-freer.o)
 .comment       0x0000000000000023       0x24 ../vga_bsp//newlib/nios2-elf/lib/libc.a(lib_a-int_errno.o)
 .comment       0x0000000000000023       0x24 ../vga_bsp//newlib/nios2-elf/lib/libc.a(lib_a-lseekr.o)
 .comment       0x0000000000000023       0x24 ../vga_bsp//newlib/nios2-elf/lib/libc.a(lib_a-makebuf.o)
 .comment       0x0000000000000023       0x24 ../vga_bsp//newlib/nios2-elf/lib/libc.a(lib_a-readr.o)
 .comment       0x0000000000000023       0x24 ../vga_bsp//newlib/nios2-elf/lib/libc.a(lib_a-fstatr.o)
 .comment       0x0000000000000023       0x24 ../vga_bsp//newlib/nios2-elf/lib/libc.a(lib_a-isattyr.o)
 .comment       0x0000000000000023       0x24 ../vga_bsp//libhal_bsp.a(alt_close.o)
 .comment       0x0000000000000023       0x24 ../vga_bsp//libhal_bsp.a(alt_dev.o)
 .comment       0x0000000000000023       0x24 ../vga_bsp//libhal_bsp.a(alt_errno.o)
 .comment       0x0000000000000023       0x24 ../vga_bsp//libhal_bsp.a(alt_fstat.o)
 .comment       0x0000000000000023       0x24 ../vga_bsp//libhal_bsp.a(alt_isatty.o)
 .comment       0x0000000000000023       0x24 ../vga_bsp//libhal_bsp.a(alt_load.o)
 .comment       0x0000000000000023       0x24 ../vga_bsp//libhal_bsp.a(alt_lseek.o)
 .comment       0x0000000000000023       0x24 ../vga_bsp//libhal_bsp.a(alt_main.o)
 .comment       0x0000000000000023       0x24 ../vga_bsp//libhal_bsp.a(alt_malloc_lock.o)
 .comment       0x0000000000000023       0x24 ../vga_bsp//libhal_bsp.a(alt_read.o)
 .comment       0x0000000000000023       0x24 ../vga_bsp//libhal_bsp.a(alt_release_fd.o)
 .comment       0x0000000000000023       0x24 ../vga_bsp//libhal_bsp.a(alt_sbrk.o)
 .comment       0x0000000000000023       0x24 ../vga_bsp//libhal_bsp.a(alt_write.o)
 .comment       0x0000000000000023       0x24 ../vga_bsp//libhal_bsp.a(alt_sys_init.o)
 .comment       0x0000000000000023       0x24 ../vga_bsp//libhal_bsp.a(altera_avalon_jtag_uart_fd.o)
 .comment       0x0000000000000023       0x24 ../vga_bsp//libhal_bsp.a(altera_avalon_jtag_uart_init.o)
 .comment       0x0000000000000023       0x24 ../vga_bsp//libhal_bsp.a(altera_avalon_jtag_uart_ioctl.o)
 .comment       0x0000000000000023       0x24 ../vga_bsp//libhal_bsp.a(altera_avalon_jtag_uart_read.o)
 .comment       0x0000000000000023       0x24 ../vga_bsp//libhal_bsp.a(altera_avalon_jtag_uart_write.o)
 .comment       0x0000000000000023       0x24 ../vga_bsp//libhal_bsp.a(altera_up_avalon_video_character_buffer_with_dma.o)
 .comment       0x0000000000000023       0x24 ../vga_bsp//libhal_bsp.a(altera_up_avalon_video_pixel_buffer_dma.o)
 .comment       0x0000000000000023       0x24 ../vga_bsp//libhal_bsp.a(alt_alarm_start.o)
 .comment       0x0000000000000023       0x24 ../vga_bsp//libhal_bsp.a(alt_dcache_flush_all.o)
 .comment       0x0000000000000023       0x24 ../vga_bsp//libhal_bsp.a(alt_dev_llist_insert.o)
 .comment       0x0000000000000023       0x24 ../vga_bsp//libhal_bsp.a(alt_do_ctors.o)
 .comment       0x0000000000000023       0x24 ../vga_bsp//libhal_bsp.a(alt_do_dtors.o)
 .comment       0x0000000000000023       0x24 ../vga_bsp//libhal_bsp.a(alt_find_dev.o)
 .comment       0x0000000000000023       0x24 ../vga_bsp//libhal_bsp.a(alt_icache_flush_all.o)
 .comment       0x0000000000000023       0x24 ../vga_bsp//libhal_bsp.a(alt_iic.o)
 .comment       0x0000000000000023       0x24 ../vga_bsp//libhal_bsp.a(alt_iic_isr_register.o)
 .comment       0x0000000000000023       0x24 ../vga_bsp//libhal_bsp.a(alt_irq_handler.o)
 .comment       0x0000000000000023       0x24 ../vga_bsp//libhal_bsp.a(alt_irq_vars.o)
 .comment       0x0000000000000023       0x24 ../vga_bsp//libhal_bsp.a(alt_tick.o)
 .comment       0x0000000000000023       0x24 ../vga_bsp//libhal_bsp.a(altera_nios2_gen2_irq.o)
 .comment       0x0000000000000023       0x24 ../vga_bsp//libhal_bsp.a(alt_icache_flush.o)
 .comment       0x0000000000000023       0x24 ../vga_bsp//libhal_bsp.a(alt_instruction_exception_entry.o)
 .comment       0x0000000000000023       0x24 ../vga_bsp//newlib/nios2-elf/lib/libc.a(lib_a-atexit.o)
 .comment       0x0000000000000023       0x24 ../vga_bsp//newlib/nios2-elf/lib/libc.a(lib_a-exit.o)
 .comment       0x0000000000000023       0x24 ../vga_bsp//newlib/nios2-elf/lib/libc.a(lib_a-memcmp.o)
 .comment       0x0000000000000023       0x24 ../vga_bsp//newlib/nios2-elf/lib/libc.a(lib_a-strcmp.o)
 .comment       0x0000000000000023       0x24 ../vga_bsp//newlib/nios2-elf/lib/libc.a(lib_a-__atexit.o)
 .comment       0x0000000000000023       0x24 ../vga_bsp//newlib/nios2-elf/lib/libc.a(lib_a-__call_atexit.o)
 .comment       0x0000000000000023       0x24 ../vga_bsp//libhal_bsp.a(alt_exit.o)

.debug
 *(.debug)

.line
 *(.line)

.debug_srcinfo
 *(.debug_srcinfo)

.debug_sfnames
 *(.debug_sfnames)

.debug_aranges  0x0000000000000000      0xcc8
 *(.debug_aranges)
 .debug_aranges
                0x0000000000000000       0x28 ../vga_bsp//obj/HAL/src/crt0.o
 .debug_aranges
                0x0000000000000028       0x20 obj/default/hello_world.o
 .debug_aranges
                0x0000000000000048       0x18 obj/default/myfile.o
 .debug_aranges
                0x0000000000000060       0x20 ../vga_bsp//newlib/nios2-elf/lib/libm.a(lib_a-s_cos.o)
 .debug_aranges
                0x0000000000000080       0x20 ../vga_bsp//newlib/nios2-elf/lib/libm.a(lib_a-s_sin.o)
 .debug_aranges
                0x00000000000000a0       0x20 ../vga_bsp//newlib/nios2-elf/lib/libm.a(lib_a-e_rem_pio2.o)
 .debug_aranges
                0x00000000000000c0       0x20 ../vga_bsp//newlib/nios2-elf/lib/libm.a(lib_a-k_cos.o)
 .debug_aranges
                0x00000000000000e0       0x20 ../vga_bsp//newlib/nios2-elf/lib/libm.a(lib_a-k_rem_pio2.o)
 .debug_aranges
                0x0000000000000100       0x20 ../vga_bsp//newlib/nios2-elf/lib/libm.a(lib_a-k_sin.o)
 .debug_aranges
                0x0000000000000120       0x20 ../vga_bsp//newlib/nios2-elf/lib/libm.a(lib_a-s_fabs.o)
 .debug_aranges
                0x0000000000000140       0x20 ../vga_bsp//newlib/nios2-elf/lib/libm.a(lib_a-s_floor.o)
 .debug_aranges
                0x0000000000000160       0x20 ../vga_bsp//newlib/nios2-elf/lib/libm.a(lib_a-s_scalbn.o)
 .debug_aranges
                0x0000000000000180       0x20 ../vga_bsp//newlib/nios2-elf/lib/libm.a(lib_a-s_copysign.o)
 .debug_aranges
                0x00000000000001a0       0x20 /usr/local/3rdparty/altera/18.1/nios2eds/bin/gnu/H-x86_64-pc-linux-gnu/bin/../lib/gcc/nios2-elf/5.3.0/libgcc.a(_fixunsdfsi.o)
 .debug_aranges
                0x00000000000001c0       0x20 /usr/local/3rdparty/altera/18.1/nios2eds/bin/gnu/H-x86_64-pc-linux-gnu/bin/../lib/gcc/nios2-elf/5.3.0/libgcc.a(lib2-divmod.o)
 .debug_aranges
                0x00000000000001e0       0x20 /usr/local/3rdparty/altera/18.1/nios2eds/bin/gnu/H-x86_64-pc-linux-gnu/bin/../lib/gcc/nios2-elf/5.3.0/libgcc.a(adddf3.o)
 .debug_aranges
                0x0000000000000200       0x20 /usr/local/3rdparty/altera/18.1/nios2eds/bin/gnu/H-x86_64-pc-linux-gnu/bin/../lib/gcc/nios2-elf/5.3.0/libgcc.a(eqdf2.o)
 .debug_aranges
                0x0000000000000220       0x20 /usr/local/3rdparty/altera/18.1/nios2eds/bin/gnu/H-x86_64-pc-linux-gnu/bin/../lib/gcc/nios2-elf/5.3.0/libgcc.a(gedf2.o)
 .debug_aranges
                0x0000000000000240       0x20 /usr/local/3rdparty/altera/18.1/nios2eds/bin/gnu/H-x86_64-pc-linux-gnu/bin/../lib/gcc/nios2-elf/5.3.0/libgcc.a(muldf3.o)
 .debug_aranges
                0x0000000000000260       0x20 /usr/local/3rdparty/altera/18.1/nios2eds/bin/gnu/H-x86_64-pc-linux-gnu/bin/../lib/gcc/nios2-elf/5.3.0/libgcc.a(subdf3.o)
 .debug_aranges
                0x0000000000000280       0x20 /usr/local/3rdparty/altera/18.1/nios2eds/bin/gnu/H-x86_64-pc-linux-gnu/bin/../lib/gcc/nios2-elf/5.3.0/libgcc.a(fixdfsi.o)
 .debug_aranges
                0x00000000000002a0       0x20 /usr/local/3rdparty/altera/18.1/nios2eds/bin/gnu/H-x86_64-pc-linux-gnu/bin/../lib/gcc/nios2-elf/5.3.0/libgcc.a(floatsidf.o)
 .debug_aranges
                0x00000000000002c0       0x20 /usr/local/3rdparty/altera/18.1/nios2eds/bin/gnu/H-x86_64-pc-linux-gnu/bin/../lib/gcc/nios2-elf/5.3.0/libgcc.a(extendsfdf2.o)
 .debug_aranges
                0x00000000000002e0       0x20 /usr/local/3rdparty/altera/18.1/nios2eds/bin/gnu/H-x86_64-pc-linux-gnu/bin/../lib/gcc/nios2-elf/5.3.0/libgcc.a(_clzsi2.o)
 .debug_aranges
                0x0000000000000300       0x18 /usr/local/3rdparty/altera/18.1/nios2eds/bin/gnu/H-x86_64-pc-linux-gnu/bin/../lib/gcc/nios2-elf/5.3.0/libgcc.a(_clz.o)
 .debug_aranges
                0x0000000000000318       0x28 ../vga_bsp//newlib/nios2-elf/lib/libc.a(lib_a-puts.o)
 .debug_aranges
                0x0000000000000340       0x20 ../vga_bsp//newlib/nios2-elf/lib/libc.a(lib_a-strlen.o)
 .debug_aranges
                0x0000000000000360       0x88 ../vga_bsp//newlib/nios2-elf/lib/libc.a(lib_a-findfp.o)
 .debug_aranges
                0x00000000000003e8       0x20 ../vga_bsp//newlib/nios2-elf/lib/libc.a(lib_a-fvwrite.o)
 .debug_aranges
                0x0000000000000408       0x28 ../vga_bsp//newlib/nios2-elf/lib/libc.a(lib_a-fwalk.o)
 .debug_aranges
                0x0000000000000430       0x18 ../vga_bsp//newlib/nios2-elf/lib/libc.a(lib_a-impure.o)
 .debug_aranges
                0x0000000000000448       0x28 ../vga_bsp//newlib/nios2-elf/lib/libc.a(lib_a-mallocr.o)
 .debug_aranges
                0x0000000000000470       0x20 ../vga_bsp//newlib/nios2-elf/lib/libc.a(lib_a-memchr.o)
 .debug_aranges
                0x0000000000000490       0x20 ../vga_bsp//newlib/nios2-elf/lib/libc.a(lib_a-memcpy.o)
 .debug_aranges
                0x00000000000004b0       0x20 ../vga_bsp//newlib/nios2-elf/lib/libc.a(lib_a-memmove.o)
 .debug_aranges
                0x00000000000004d0       0x20 ../vga_bsp//newlib/nios2-elf/lib/libc.a(lib_a-memset.o)
 .debug_aranges
                0x00000000000004f0       0x20 ../vga_bsp//newlib/nios2-elf/lib/libc.a(lib_a-reallocr.o)
 .debug_aranges
                0x0000000000000510       0x20 ../vga_bsp//newlib/nios2-elf/lib/libc.a(lib_a-sbrkr.o)
 .debug_aranges
                0x0000000000000530       0x40 ../vga_bsp//newlib/nios2-elf/lib/libc.a(lib_a-stdio.o)
 .debug_aranges
                0x0000000000000570       0x20 ../vga_bsp//newlib/nios2-elf/lib/libc.a(lib_a-writer.o)
 .debug_aranges
                0x0000000000000590       0x20 ../vga_bsp//newlib/nios2-elf/lib/libc.a(lib_a-wsetup.o)
 .debug_aranges
                0x00000000000005b0       0x20 ../vga_bsp//newlib/nios2-elf/lib/libc.a(closer.o)
 .debug_aranges
                0x00000000000005d0       0x28 ../vga_bsp//newlib/nios2-elf/lib/libc.a(lib_a-fclose.o)
 .debug_aranges
                0x00000000000005f8       0x30 ../vga_bsp//newlib/nios2-elf/lib/libc.a(lib_a-fflush.o)
 .debug_aranges
                0x0000000000000628       0x28 ../vga_bsp//newlib/nios2-elf/lib/libc.a(lib_a-freer.o)
 .debug_aranges
                0x0000000000000650       0x18 ../vga_bsp//newlib/nios2-elf/lib/libc.a(lib_a-int_errno.o)
 .debug_aranges
                0x0000000000000668       0x20 ../vga_bsp//newlib/nios2-elf/lib/libc.a(lib_a-lseekr.o)
 .debug_aranges
                0x0000000000000688       0x20 ../vga_bsp//newlib/nios2-elf/lib/libc.a(lib_a-makebuf.o)
 .debug_aranges
                0x00000000000006a8       0x20 ../vga_bsp//newlib/nios2-elf/lib/libc.a(lib_a-readr.o)
 .debug_aranges
                0x00000000000006c8       0x20 ../vga_bsp//newlib/nios2-elf/lib/libc.a(lib_a-fstatr.o)
 .debug_aranges
                0x00000000000006e8       0x20 ../vga_bsp//newlib/nios2-elf/lib/libc.a(lib_a-isattyr.o)
 .debug_aranges
                0x0000000000000708       0x20 ../vga_bsp//libhal_bsp.a(alt_close.o)
 .debug_aranges
                0x0000000000000728       0x20 ../vga_bsp//libhal_bsp.a(alt_dev.o)
 .debug_aranges
                0x0000000000000748       0x18 ../vga_bsp//libhal_bsp.a(alt_errno.o)
 .debug_aranges
                0x0000000000000760       0x20 ../vga_bsp//libhal_bsp.a(alt_fstat.o)
 .debug_aranges
                0x0000000000000780       0x20 ../vga_bsp//libhal_bsp.a(alt_isatty.o)
 .debug_aranges
                0x00000000000007a0       0x20 ../vga_bsp//libhal_bsp.a(alt_load.o)
 .debug_aranges
                0x00000000000007c0       0x20 ../vga_bsp//libhal_bsp.a(alt_lseek.o)
 .debug_aranges
                0x00000000000007e0       0x20 ../vga_bsp//libhal_bsp.a(alt_main.o)
 .debug_aranges
                0x0000000000000800       0x20 ../vga_bsp//libhal_bsp.a(alt_malloc_lock.o)
 .debug_aranges
                0x0000000000000820       0x20 ../vga_bsp//libhal_bsp.a(alt_read.o)
 .debug_aranges
                0x0000000000000840       0x20 ../vga_bsp//libhal_bsp.a(alt_release_fd.o)
 .debug_aranges
                0x0000000000000860       0x20 ../vga_bsp//libhal_bsp.a(alt_sbrk.o)
 .debug_aranges
                0x0000000000000880       0x20 ../vga_bsp//libhal_bsp.a(alt_write.o)
 .debug_aranges
                0x00000000000008a0       0x20 ../vga_bsp//libhal_bsp.a(alt_sys_init.o)
 .debug_aranges
                0x00000000000008c0       0x20 ../vga_bsp//libhal_bsp.a(altera_avalon_jtag_uart_fd.o)
 .debug_aranges
                0x00000000000008e0       0x20 ../vga_bsp//libhal_bsp.a(altera_avalon_jtag_uart_init.o)
 .debug_aranges
                0x0000000000000900       0x20 ../vga_bsp//libhal_bsp.a(altera_avalon_jtag_uart_ioctl.o)
 .debug_aranges
                0x0000000000000920       0x20 ../vga_bsp//libhal_bsp.a(altera_avalon_jtag_uart_read.o)
 .debug_aranges
                0x0000000000000940       0x20 ../vga_bsp//libhal_bsp.a(altera_avalon_jtag_uart_write.o)
 .debug_aranges
                0x0000000000000960       0x20 ../vga_bsp//libhal_bsp.a(altera_up_avalon_video_character_buffer_with_dma.o)
 .debug_aranges
                0x0000000000000980       0x20 ../vga_bsp//libhal_bsp.a(altera_up_avalon_video_pixel_buffer_dma.o)
 .debug_aranges
                0x00000000000009a0       0x20 ../vga_bsp//libhal_bsp.a(alt_alarm_start.o)
 .debug_aranges
                0x00000000000009c0       0x20 ../vga_bsp//libhal_bsp.a(alt_dcache_flush_all.o)
 .debug_aranges
                0x00000000000009e0       0x20 ../vga_bsp//libhal_bsp.a(alt_dev_llist_insert.o)
 .debug_aranges
                0x0000000000000a00       0x20 ../vga_bsp//libhal_bsp.a(alt_do_ctors.o)
 .debug_aranges
                0x0000000000000a20       0x20 ../vga_bsp//libhal_bsp.a(alt_do_dtors.o)
 .debug_aranges
                0x0000000000000a40       0x20 ../vga_bsp//libhal_bsp.a(alt_find_dev.o)
 .debug_aranges
                0x0000000000000a60       0x20 ../vga_bsp//libhal_bsp.a(alt_icache_flush_all.o)
 .debug_aranges
                0x0000000000000a80       0x20 ../vga_bsp//libhal_bsp.a(alt_iic.o)
 .debug_aranges
                0x0000000000000aa0       0x20 ../vga_bsp//libhal_bsp.a(alt_iic_isr_register.o)
 .debug_aranges
                0x0000000000000ac0       0x30 ../vga_bsp//libhal_bsp.a(alt_irq_entry.o)
 .debug_aranges
                0x0000000000000af0       0x20 ../vga_bsp//libhal_bsp.a(alt_irq_handler.o)
 .debug_aranges
                0x0000000000000b10       0x18 ../vga_bsp//libhal_bsp.a(alt_irq_vars.o)
 .debug_aranges
                0x0000000000000b28       0x20 ../vga_bsp//libhal_bsp.a(alt_tick.o)
 .debug_aranges
                0x0000000000000b48       0x20 ../vga_bsp//libhal_bsp.a(altera_nios2_gen2_irq.o)
 .debug_aranges
                0x0000000000000b68       0x38 ../vga_bsp//libhal_bsp.a(alt_exception_entry.o)
 .debug_aranges
                0x0000000000000ba0       0x20 ../vga_bsp//libhal_bsp.a(alt_icache_flush.o)
 .debug_aranges
                0x0000000000000bc0       0x28 ../vga_bsp//libhal_bsp.a(alt_instruction_exception_entry.o)
 .debug_aranges
                0x0000000000000be8       0x20 ../vga_bsp//newlib/nios2-elf/lib/libc.a(lib_a-atexit.o)
 .debug_aranges
                0x0000000000000c08       0x20 ../vga_bsp//newlib/nios2-elf/lib/libc.a(lib_a-exit.o)
 .debug_aranges
                0x0000000000000c28       0x20 ../vga_bsp//newlib/nios2-elf/lib/libc.a(lib_a-memcmp.o)
 .debug_aranges
                0x0000000000000c48       0x20 ../vga_bsp//newlib/nios2-elf/lib/libc.a(lib_a-strcmp.o)
 .debug_aranges
                0x0000000000000c68       0x20 ../vga_bsp//newlib/nios2-elf/lib/libc.a(lib_a-__atexit.o)
 .debug_aranges
                0x0000000000000c88       0x20 ../vga_bsp//newlib/nios2-elf/lib/libc.a(lib_a-__call_atexit.o)
 .debug_aranges
                0x0000000000000ca8       0x20 ../vga_bsp//libhal_bsp.a(alt_exit.o)

.debug_pubnames
 *(.debug_pubnames)

.debug_info     0x0000000000000000    0x18d24
 *(.debug_info .gnu.linkonce.wi.*)
 .debug_info    0x0000000000000000       0x60 ../vga_bsp//obj/HAL/src/crt0.o
 .debug_info    0x0000000000000060      0x568 obj/default/hello_world.o
 .debug_info    0x00000000000005c8       0x91 obj/default/myfile.o
 .debug_info    0x0000000000000659      0x16e ../vga_bsp//newlib/nios2-elf/lib/libm.a(lib_a-s_cos.o)
 .debug_info    0x00000000000007c7      0x16e ../vga_bsp//newlib/nios2-elf/lib/libm.a(lib_a-s_sin.o)
 .debug_info    0x0000000000000935      0x3b6 ../vga_bsp//newlib/nios2-elf/lib/libm.a(lib_a-e_rem_pio2.o)
 .debug_info    0x0000000000000ceb      0x220 ../vga_bsp//newlib/nios2-elf/lib/libm.a(lib_a-k_cos.o)
 .debug_info    0x0000000000000f0b      0x2d5 ../vga_bsp//newlib/nios2-elf/lib/libm.a(lib_a-k_rem_pio2.o)
 .debug_info    0x00000000000011e0      0x1f2 ../vga_bsp//newlib/nios2-elf/lib/libm.a(lib_a-k_sin.o)
 .debug_info    0x00000000000013d2      0x14c ../vga_bsp//newlib/nios2-elf/lib/libm.a(lib_a-s_fabs.o)
 .debug_info    0x000000000000151e      0x1a2 ../vga_bsp//newlib/nios2-elf/lib/libm.a(lib_a-s_floor.o)
 .debug_info    0x00000000000016c0      0x201 ../vga_bsp//newlib/nios2-elf/lib/libm.a(lib_a-s_scalbn.o)
 .debug_info    0x00000000000018c1      0x181 ../vga_bsp//newlib/nios2-elf/lib/libm.a(lib_a-s_copysign.o)
 .debug_info    0x0000000000001a42       0xc7 /usr/local/3rdparty/altera/18.1/nios2eds/bin/gnu/H-x86_64-pc-linux-gnu/bin/../lib/gcc/nios2-elf/5.3.0/libgcc.a(_fixunsdfsi.o)
 .debug_info    0x0000000000001b09      0x2c6 /usr/local/3rdparty/altera/18.1/nios2eds/bin/gnu/H-x86_64-pc-linux-gnu/bin/../lib/gcc/nios2-elf/5.3.0/libgcc.a(lib2-divmod.o)
 .debug_info    0x0000000000001dcf      0x4a2 /usr/local/3rdparty/altera/18.1/nios2eds/bin/gnu/H-x86_64-pc-linux-gnu/bin/../lib/gcc/nios2-elf/5.3.0/libgcc.a(adddf3.o)
 .debug_info    0x0000000000002271      0x1e2 /usr/local/3rdparty/altera/18.1/nios2eds/bin/gnu/H-x86_64-pc-linux-gnu/bin/../lib/gcc/nios2-elf/5.3.0/libgcc.a(eqdf2.o)
 .debug_info    0x0000000000002453      0x202 /usr/local/3rdparty/altera/18.1/nios2eds/bin/gnu/H-x86_64-pc-linux-gnu/bin/../lib/gcc/nios2-elf/5.3.0/libgcc.a(gedf2.o)
 .debug_info    0x0000000000002655      0x5f5 /usr/local/3rdparty/altera/18.1/nios2eds/bin/gnu/H-x86_64-pc-linux-gnu/bin/../lib/gcc/nios2-elf/5.3.0/libgcc.a(muldf3.o)
 .debug_info    0x0000000000002c4a      0x4a2 /usr/local/3rdparty/altera/18.1/nios2eds/bin/gnu/H-x86_64-pc-linux-gnu/bin/../lib/gcc/nios2-elf/5.3.0/libgcc.a(subdf3.o)
 .debug_info    0x00000000000030ec      0x1ae /usr/local/3rdparty/altera/18.1/nios2eds/bin/gnu/H-x86_64-pc-linux-gnu/bin/../lib/gcc/nios2-elf/5.3.0/libgcc.a(fixdfsi.o)
 .debug_info    0x000000000000329a      0x1bc /usr/local/3rdparty/altera/18.1/nios2eds/bin/gnu/H-x86_64-pc-linux-gnu/bin/../lib/gcc/nios2-elf/5.3.0/libgcc.a(floatsidf.o)
 .debug_info    0x0000000000003456      0x248 /usr/local/3rdparty/altera/18.1/nios2eds/bin/gnu/H-x86_64-pc-linux-gnu/bin/../lib/gcc/nios2-elf/5.3.0/libgcc.a(extendsfdf2.o)
 .debug_info    0x000000000000369e      0x124 /usr/local/3rdparty/altera/18.1/nios2eds/bin/gnu/H-x86_64-pc-linux-gnu/bin/../lib/gcc/nios2-elf/5.3.0/libgcc.a(_clzsi2.o)
 .debug_info    0x00000000000037c2       0xb2 /usr/local/3rdparty/altera/18.1/nios2eds/bin/gnu/H-x86_64-pc-linux-gnu/bin/../lib/gcc/nios2-elf/5.3.0/libgcc.a(_clz.o)
 .debug_info    0x0000000000003874      0x9c1 ../vga_bsp//newlib/nios2-elf/lib/libc.a(lib_a-puts.o)
 .debug_info    0x0000000000004235       0xdd ../vga_bsp//newlib/nios2-elf/lib/libc.a(lib_a-strlen.o)
 .debug_info    0x0000000000004312      0xbae ../vga_bsp//newlib/nios2-elf/lib/libc.a(lib_a-findfp.o)
 .debug_info    0x0000000000004ec0      0x9da ../vga_bsp//newlib/nios2-elf/lib/libc.a(lib_a-fvwrite.o)
 .debug_info    0x000000000000589a      0x978 ../vga_bsp//newlib/nios2-elf/lib/libc.a(lib_a-fwalk.o)
 .debug_info    0x0000000000006212      0x89d ../vga_bsp//newlib/nios2-elf/lib/libc.a(lib_a-impure.o)
 .debug_info    0x0000000000006aaf      0xbcb ../vga_bsp//newlib/nios2-elf/lib/libc.a(lib_a-mallocr.o)
 .debug_info    0x000000000000767a      0x126 ../vga_bsp//newlib/nios2-elf/lib/libc.a(lib_a-memchr.o)
 .debug_info    0x00000000000077a0      0x139 ../vga_bsp//newlib/nios2-elf/lib/libc.a(lib_a-memcpy.o)
 .debug_info    0x00000000000078d9      0x12f ../vga_bsp//newlib/nios2-elf/lib/libc.a(lib_a-memmove.o)
 .debug_info    0x0000000000007a08      0x114 ../vga_bsp//newlib/nios2-elf/lib/libc.a(lib_a-memset.o)
 .debug_info    0x0000000000007b1c      0xb38 ../vga_bsp//newlib/nios2-elf/lib/libc.a(lib_a-reallocr.o)
 .debug_info    0x0000000000008654      0x8db ../vga_bsp//newlib/nios2-elf/lib/libc.a(lib_a-sbrkr.o)
 .debug_info    0x0000000000008f2f      0xa64 ../vga_bsp//newlib/nios2-elf/lib/libc.a(lib_a-stdio.o)
 .debug_info    0x0000000000009993      0x8f7 ../vga_bsp//newlib/nios2-elf/lib/libc.a(lib_a-writer.o)
 .debug_info    0x000000000000a28a      0x8d9 ../vga_bsp//newlib/nios2-elf/lib/libc.a(lib_a-wsetup.o)
 .debug_info    0x000000000000ab63      0x8be ../vga_bsp//newlib/nios2-elf/lib/libc.a(closer.o)
 .debug_info    0x000000000000b421      0x90c ../vga_bsp//newlib/nios2-elf/lib/libc.a(lib_a-fclose.o)
 .debug_info    0x000000000000bd2d      0x9c0 ../vga_bsp//newlib/nios2-elf/lib/libc.a(lib_a-fflush.o)
 .debug_info    0x000000000000c6ed      0xb01 ../vga_bsp//newlib/nios2-elf/lib/libc.a(lib_a-freer.o)
 .debug_info    0x000000000000d1ee       0x86 ../vga_bsp//newlib/nios2-elf/lib/libc.a(lib_a-int_errno.o)
 .debug_info    0x000000000000d274      0x8da ../vga_bsp//newlib/nios2-elf/lib/libc.a(lib_a-lseekr.o)
 .debug_info    0x000000000000db4e      0xa51 ../vga_bsp//newlib/nios2-elf/lib/libc.a(lib_a-makebuf.o)
 .debug_info    0x000000000000e59f      0x8f0 ../vga_bsp//newlib/nios2-elf/lib/libc.a(lib_a-readr.o)
 .debug_info    0x000000000000ee8f      0xa34 ../vga_bsp//newlib/nios2-elf/lib/libc.a(lib_a-fstatr.o)
 .debug_info    0x000000000000f8c3      0x8be ../vga_bsp//newlib/nios2-elf/lib/libc.a(lib_a-isattyr.o)
 .debug_info    0x0000000000010181      0x321 ../vga_bsp//libhal_bsp.a(alt_close.o)
 .debug_info    0x00000000000104a2      0x49c ../vga_bsp//libhal_bsp.a(alt_dev.o)
 .debug_info    0x000000000001093e       0xa6 ../vga_bsp//libhal_bsp.a(alt_errno.o)
 .debug_info    0x00000000000109e4      0x488 ../vga_bsp//libhal_bsp.a(alt_fstat.o)
 .debug_info    0x0000000000010e6c      0x48b ../vga_bsp//libhal_bsp.a(alt_isatty.o)
 .debug_info    0x00000000000112f7      0x145 ../vga_bsp//libhal_bsp.a(alt_load.o)
 .debug_info    0x000000000001143c      0x352 ../vga_bsp//libhal_bsp.a(alt_lseek.o)
 .debug_info    0x000000000001178e      0x131 ../vga_bsp//libhal_bsp.a(alt_main.o)