Archive member included to satisfy reference by file (symbol)

../vga_bsp//newlib/nios2-elf/lib/libc.a(lib_a-puts.o)
                              obj/default/hello_world.o (puts)
../vga_bsp//newlib/nios2-elf/lib/libc.a(lib_a-strlen.o)
                              ../vga_bsp//newlib/nios2-elf/lib/libc.a(lib_a-puts.o) (strlen)
../vga_bsp//newlib/nios2-elf/lib/libc.a(lib_a-findfp.o)
                              ../vga_bsp//newlib/nios2-elf/lib/libc.a(lib_a-puts.o) (__sinit)
../vga_bsp//newlib/nios2-elf/lib/libc.a(lib_a-fvwrite.o)
                              ../vga_bsp//newlib/nios2-elf/lib/libc.a(lib_a-puts.o) (__sfvwrite_r)
../vga_bsp//newlib/nios2-elf/lib/libc.a(lib_a-fwalk.o)
                              ../vga_bsp//newlib/nios2-elf/lib/libc.a(lib_a-findfp.o) (_fwalk)
../vga_bsp//newlib/nios2-elf/lib/libc.a(lib_a-impure.o)
                              ../vga_bsp//newlib/nios2-elf/lib/libc.a(lib_a-puts.o) (_impure_ptr)
../vga_bsp//newlib/nios2-elf/lib/libc.a(lib_a-mallocr.o)
                              ../vga_bsp//newlib/nios2-elf/lib/libc.a(lib_a-findfp.o) (_malloc_r)
../vga_bsp//newlib/nios2-elf/lib/libc.a(lib_a-memchr.o)
                              ../vga_bsp//newlib/nios2-elf/lib/libc.a(lib_a-fvwrite.o) (memchr)
../vga_bsp//newlib/nios2-elf/lib/libc.a(lib_a-memcpy.o)
                              ../vga_bsp//newlib/nios2-elf/lib/libc.a(lib_a-fvwrite.o) (memcpy)
../vga_bsp//newlib/nios2-elf/lib/libc.a(lib_a-memmove.o)
                              ../vga_bsp//newlib/nios2-elf/lib/libc.a(lib_a-fvwrite.o) (memmove)
../vga_bsp//newlib/nios2-elf/lib/libc.a(lib_a-memset.o)
                              ../vga_bsp//newlib/nios2-elf/lib/libc.a(lib_a-findfp.o) (memset)
../vga_bsp//newlib/nios2-elf/lib/libc.a(lib_a-reallocr.o)
                              ../vga_bsp//newlib/nios2-elf/lib/libc.a(lib_a-fvwrite.o) (_realloc_r)
../vga_bsp//newlib/nios2-elf/lib/libc.a(lib_a-sbrkr.o)
                              ../vga_bsp//newlib/nios2-elf/lib/libc.a(lib_a-mallocr.o) (_sbrk_r)
../vga_bsp//newlib/nios2-elf/lib/libc.a(lib_a-stdio.o)
                              ../vga_bsp//newlib/nios2-elf/lib/libc.a(lib_a-findfp.o) (__sread)
../vga_bsp//newlib/nios2-elf/lib/libc.a(lib_a-writer.o)
                              ../vga_bsp//newlib/nios2-elf/lib/libc.a(lib_a-stdio.o) (_write_r)
../vga_bsp//newlib/nios2-elf/lib/libc.a(lib_a-wsetup.o)
                              ../vga_bsp//newlib/nios2-elf/lib/libc.a(lib_a-fvwrite.o) (__swsetup_r)
../vga_bsp//newlib/nios2-elf/lib/libc.a(closer.o)
                              ../vga_bsp//newlib/nios2-elf/lib/libc.a(lib_a-stdio.o) (_close_r)
../vga_bsp//newlib/nios2-elf/lib/libc.a(lib_a-fclose.o)
                              ../vga_bsp//newlib/nios2-elf/lib/libc.a(lib_a-findfp.o) (_fclose_r)
../vga_bsp//newlib/nios2-elf/lib/libc.a(lib_a-fflush.o)
                              ../vga_bsp//newlib/nios2-elf/lib/libc.a(lib_a-fclose.o) (__sflush_r)
../vga_bsp//newlib/nios2-elf/lib/libc.a(lib_a-freer.o)
                              ../vga_bsp//newlib/nios2-elf/lib/libc.a(lib_a-fvwrite.o) (_free_r)
../vga_bsp//newlib/nios2-elf/lib/libc.a(lib_a-int_errno.o)
                              ../vga_bsp//newlib/nios2-elf/lib/libc.a(lib_a-sbrkr.o) (errno)
../vga_bsp//newlib/nios2-elf/lib/libc.a(lib_a-lseekr.o)
                              ../vga_bsp//newlib/nios2-elf/lib/libc.a(lib_a-stdio.o) (_lseek_r)
../vga_bsp//newlib/nios2-elf/lib/libc.a(lib_a-makebuf.o)
                              ../vga_bsp//newlib/nios2-elf/lib/libc.a(lib_a-wsetup.o) (__smakebuf_r)
../vga_bsp//newlib/nios2-elf/lib/libc.a(lib_a-readr.o)
                              ../vga_bsp//newlib/nios2-elf/lib/libc.a(lib_a-stdio.o) (_read_r)
../vga_bsp//newlib/nios2-elf/lib/libc.a(lib_a-fstatr.o)
                              ../vga_bsp//newlib/nios2-elf/lib/libc.a(lib_a-makebuf.o) (_fstat_r)
../vga_bsp//newlib/nios2-elf/lib/libc.a(lib_a-isattyr.o)
                              ../vga_bsp//newlib/nios2-elf/lib/libc.a(lib_a-makebuf.o) (_isatty_r)
/usr/local/3rdparty/altera/18.1/nios2eds/bin/gnu/H-x86_64-pc-linux-gnu/bin/../lib/gcc/nios2-elf/5.3.0/libgcc.a(lib2-divmod.o)
                              ../vga_bsp//newlib/nios2-elf/lib/libc.a(lib_a-fvwrite.o) (__divsi3)
../vga_bsp//libhal_bsp.a(alt_close.o)
                              ../vga_bsp//newlib/nios2-elf/lib/libc.a(closer.o) (close)
../vga_bsp//libhal_bsp.a(alt_dev.o)
                              ../vga_bsp//libhal_bsp.a(alt_close.o) (alt_fd_list)
../vga_bsp//libhal_bsp.a(alt_errno.o)
                              ../vga_bsp//libhal_bsp.a(alt_close.o) (alt_errno)
../vga_bsp//libhal_bsp.a(alt_fstat.o)
                              ../vga_bsp//newlib/nios2-elf/lib/libc.a(lib_a-fstatr.o) (fstat)
../vga_bsp//libhal_bsp.a(alt_isatty.o)
                              ../vga_bsp//newlib/nios2-elf/lib/libc.a(lib_a-isattyr.o) (isatty)
../vga_bsp//libhal_bsp.a(alt_load.o)
                              ../vga_bsp//obj/HAL/src/crt0.o (alt_load)
[...]
Memory Configuration

Name             Origin             Length             Attributes
reset            0x0000000008000000 0x0000000000000020
sdram_controller_0 0x0000000008000020 0x0000000007ffffe0
*default*        0x0000000000000000 0xffffffffffffffff

Linker script and memory map

LOAD ../vga_bsp//obj/HAL/src/crt0.o
LOAD obj/default/hello_world.o
LOAD obj/default/myfile.o
LOAD /usr/local/3rdparty/altera/18.1/nios2eds/bin/gnu/H-x86_64-pc-linux-gnu/bin/../lib/gcc/nios2-elf/5.3.0/../../../../../H-x86_64-pc-linux-gnu/nios2-elf/lib/libstdc++.a
LOAD ../vga_bsp//newlib/nios2-elf/lib/libm.a
LOAD /usr/local/3rdparty/altera/18.1/nios2eds/bin/gnu/H-x86_64-pc-linux-gnu/bin/../lib/gcc/nios2-elf/5.3.0/libgcc.a
START GROUP
LOAD ../vga_bsp//newlib/nios2-elf/lib/libc.a
LOAD /usr/local/3rdparty/altera/18.1/nios2eds/bin/gnu/H-x86_64-pc-linux-gnu/bin/../lib/gcc/nios2-elf/5.3.0/libgcc.a
LOAD ../vga_bsp//libhal_bsp.a
LOAD ../vga_bsp//newlib/nios2-elf/lib/libm.a
END GROUP
LOAD /usr/local/3rdparty/altera/18.1/nios2eds/bin/gnu/H-x86_64-pc-linux-gnu/bin/../lib/gcc/nios2-elf/5.3.0/libgcc.a
                0x0000000008000000                __alt_mem_sdram_controller_0 = 0x8000000

.entry          0x0000000008000000       0x20
 *(.entry)
 .entry         0x0000000008000000       0x20 ../vga_bsp//obj/HAL/src/crt0.o
                0x0000000008000000                __reset

.exceptions     0x0000000008000020      0x224
                0x0000000008000020                PROVIDE (__ram_exceptions_start, ABSOLUTE (.))
                0x0000000008000020                . = ALIGN (0x20)
 *(.irq)
 *(.exceptions.entry.label)
 .exceptions.entry.label
                0x0000000008000020        0x0 ../vga_bsp//libhal_bsp.a(alt_irq_entry.o)
                0x0000000008000020                alt_irq_entry
 .exceptions.entry.label
                0x0000000008000020        0x0 ../vga_bsp//libhal_bsp.a(alt_exception_entry.o)
                0x0000000008000020                alt_exception
 *(.exceptions.entry.user)
 *(.exceptions.entry.ecc_fatal)
 *(.exceptions.entry)
 .exceptions.entry
                0x0000000008000020       0x54 ../vga_bsp//libhal_bsp.a(alt_exception_entry.o)
 *(.exceptions.irqtest.user)
 *(.exceptions.irqtest)
 .exceptions.irqtest
                0x0000000008000074       0x10 ../vga_bsp//libhal_bsp.a(alt_irq_entry.o)
 *(.exceptions.irqhandler.user)
 *(.exceptions.irqhandler)
 .exceptions.irqhandler
                0x0000000008000084        0x4 ../vga_bsp//libhal_bsp.a(alt_irq_entry.o)
 *(.exceptions.irqreturn.user)
 *(.exceptions.irqreturn)
 .exceptions.irqreturn
                0x0000000008000088        0x4 ../vga_bsp//libhal_bsp.a(alt_irq_entry.o)
 *(.exceptions.notirq.label)
 .exceptions.notirq.label
                0x000000000800008c        0x0 ../vga_bsp//libhal_bsp.a(alt_irq_entry.o)
 *(.exceptions.notirq.user)
 *(.exceptions.notirq)
 .exceptions.notirq
                0x000000000800008c        0x8 ../vga_bsp//libhal_bsp.a(alt_exception_entry.o)
 *(.exceptions.soft.user)
 *(.exceptions.soft)
 *(.exceptions.unknown.user)
 *(.exceptions.unknown)
 .exceptions.unknown
                0x0000000008000094       0x14 ../vga_bsp//libhal_bsp.a(alt_exception_entry.o)
 *(.exceptions.exit.label)
 .exceptions.exit.label
                0x00000000080000a8        0x0 ../vga_bsp//libhal_bsp.a(alt_irq_entry.o)
 .exceptions.exit.label
                0x00000000080000a8        0x0 ../vga_bsp//libhal_bsp.a(alt_exception_entry.o)
 *(.exceptions.exit.user)
 *(.exceptions.exit)
 .exceptions.exit
                0x00000000080000a8       0x54 ../vga_bsp//libhal_bsp.a(alt_exception_entry.o)
 *(.exceptions)
 .exceptions    0x00000000080000fc       0xd4 ../vga_bsp//libhal_bsp.a(alt_irq_handler.o)
                0x00000000080000fc                alt_irq_handler
 .exceptions    0x00000000080001d0       0x74 ../vga_bsp//libhal_bsp.a(alt_instruction_exception_entry.o)
                0x00000000080001d0                alt_instruction_exception_entry
                0x0000000008000244                PROVIDE (__ram_exceptions_end, ABSOLUTE (.))
                0x0000000008000020                PROVIDE (__flash_exceptions_start, LOADADDR (.exceptions))

.text           0x0000000008000244     0x83e0
                [!provide]                        PROVIDE (stext, ABSOLUTE (.))
 *(.interp)
 *(.hash)
 *(.dynsym)
 *(.dynstr)
 *(.gnu.version)
 *(.gnu.version_d)
 *(.gnu.version_r)
 *(.rel.init)
 *(.rela.init)
 *(.rel.text .rel.text.* .rel.gnu.linkonce.t.*)
 *(.rela.text .rela.text.* .rela.gnu.linkonce.t.*)
 *(.rel.fini)
 *(.rela.fini)
 *(.rel.rodata .rel.rodata.* .rel.gnu.linkonce.r.*)
 *(.rela.rodata .rela.rodata.* .rela.gnu.linkonce.r.*)
 *(.rel.data .rel.data.* .rel.gnu.linkonce.d.*)
 *(.rela.data .rela.data.* .rela.gnu.linkonce.d.*)
 *(.rel.tdata .rel.tdata.* .rel.gnu.linkonce.td.*)
 *(.rela.tdata .rela.tdata.* .rela.gnu.linkonce.td.*)
 *(.rel.tbss .rel.tbss.* .rel.gnu.linkonce.tb.*)
 *(.rela.tbss .rela.tbss.* .rela.gnu.linkonce.tb.*)
 *(.rel.ctors)
 *(.rela.ctors)
 *(.rel.dtors)
 *(.rela.dtors)
 *(.rel.got)
 *(.rela.got)
 *(.rel.sdata .rel.sdata.* .rel.gnu.linkonce.s.*)
 *(.rela.sdata .rela.sdata.* .rela.gnu.linkonce.s.*)
 *(.rel.sbss .rel.sbss.* .rel.gnu.linkonce.sb.*)
 *(.rela.sbss .rela.sbss.* .rela.gnu.linkonce.sb.*)
 *(.rel.sdata2 .rel.sdata2.* .rel.gnu.linkonce.s2.*)
 *(.rela.sdata2 .rela.sdata2.* .rela.gnu.linkonce.s2.*)
 *(.rel.sbss2 .rel.sbss2.* .rel.gnu.linkonce.sb2.*)
 *(.rela.sbss2 .rela.sbss2.* .rela.gnu.linkonce.sb2.*)
 *(.rel.bss .rel.bss.* .rel.gnu.linkonce.b.*)
 *(.rela.bss .rela.bss.* .rela.gnu.linkonce.b.*)
 *(.rel.plt)
 *(.rela.plt)
 *(.rel.dyn)
 *(.init)
 *(.plt)
 *(.text .stub .text.* .gnu.linkonce.t.*)
 .text          0x0000000008000244       0x4c ../vga_bsp//obj/HAL/src/crt0.o
                0x0000000008000244                _start
 .text          0x0000000008000290      0x150 obj/default/hello_world.o
                0x0000000008000290                measuringFrameRate
                0x00000000080002c4                displayFrameRate
                0x0000000008000334                displayImage
                0x000000000800039c                main
 .text          0x00000000080003e0        0x0 obj/default/myfile.o
 .text          0x00000000080003e0        0x0 ../vga_bsp//newlib/nios2-elf/lib/libc.a(lib_a-puts.o)
 .text._puts_r  0x00000000080003e0      0x118 ../vga_bsp//newlib/nios2-elf/lib/libc.a(lib_a-puts.o)
                0x00000000080003e0                _puts_r
 .text.puts     0x00000000080004f8       0x38 ../vga_bsp//newlib/nios2-elf/lib/libc.a(lib_a-puts.o)
                0x00000000080004f8                puts
 .text          0x0000000008000530        0x0 ../vga_bsp//newlib/nios2-elf/lib/libc.a(lib_a-strlen.o)
 .text.strlen   0x0000000008000530       0xf4 ../vga_bsp//newlib/nios2-elf/lib/libc.a(lib_a-strlen.o)
                0x0000000008000530                strlen
 .text          0x0000000008000624        0x0 ../vga_bsp//newlib/nios2-elf/lib/libc.a(lib_a-findfp.o)
 .text.std      0x0000000008000624       0xf4 ../vga_bsp//newlib/nios2-elf/lib/libc.a(lib_a-findfp.o)
 .text.__sfmoreglue
                0x0000000008000718       0xa4 ../vga_bsp//newlib/nios2-elf/lib/libc.a(lib_a-findfp.o)
                0x0000000008000718                __sfmoreglue
 .text.__sfp    0x00000000080007bc      0x194 ../vga_bsp//newlib/nios2-elf/lib/libc.a(lib_a-findfp.o)
                0x00000000080007bc                __sfp
 .text._cleanup_r
                0x0000000008000950       0x44 ../vga_bsp//newlib/nios2-elf/lib/libc.a(lib_a-findfp.o)
                0x0000000008000950                _cleanup_r
 .text._cleanup
                0x0000000008000994       0x34 ../vga_bsp//newlib/nios2-elf/lib/libc.a(lib_a-findfp.o)
                0x0000000008000994                _cleanup
 .text.__sinit  0x00000000080009c8       0xd8 ../vga_bsp//newlib/nios2-elf/lib/libc.a(lib_a-findfp.o)
                0x00000000080009c8                __sinit
 .text.__sfp_lock_acquire
                0x0000000008000aa0       0x20 ../vga_bsp//newlib/nios2-elf/lib/libc.a(lib_a-findfp.o)
                0x0000000008000aa0                __sfp_lock_acquire
 .text.__sfp_lock_release
                0x0000000008000ac0       0x20 ../vga_bsp//newlib/nios2-elf/lib/libc.a(lib_a-findfp.o)
                0x0000000008000ac0                __sfp_lock_release
 .text.__sinit_lock_acquire
                0x0000000008000ae0       0x20 ../vga_bsp//newlib/nios2-elf/lib/libc.a(lib_a-findfp.o)
                0x0000000008000ae0                __sinit_lock_acquire
 .text.__sinit_lock_release
                0x0000000008000b00       0x20 ../vga_bsp//newlib/nios2-elf/lib/libc.a(lib_a-findfp.o)
                0x0000000008000b00                __sinit_lock_release
 .text.__fp_lock
                0x0000000008000b20       0x24 ../vga_bsp//newlib/nios2-elf/lib/libc.a(lib_a-findfp.o)
 .text.__fp_unlock
                0x0000000008000b44       0x24 ../vga_bsp//newlib/nios2-elf/lib/libc.a(lib_a-findfp.o)
 .text.__fp_lock_all
                0x0000000008000b68       0x40 ../vga_bsp//newlib/nios2-elf/lib/libc.a(lib_a-findfp.o)
                0x0000000008000b68                __fp_lock_all
 .text.__fp_unlock_all
                0x0000000008000ba8       0x40 ../vga_bsp//newlib/nios2-elf/lib/libc.a(lib_a-findfp.o)
                0x0000000008000ba8                __fp_unlock_all
 .text          0x0000000008000be8        0x0 ../vga_bsp//newlib/nios2-elf/lib/libc.a(lib_a-fvwrite.o)
 .text.__sfvwrite_r
                0x0000000008000be8      0x5dc ../vga_bsp//newlib/nios2-elf/lib/libc.a(lib_a-fvwrite.o)
                0x0000000008000be8                __sfvwrite_r
 .text          0x00000000080011c4        0x0 ../vga_bsp//newlib/nios2-elf/lib/libc.a(lib_a-fwalk.o)
 .text._fwalk   0x00000000080011c4       0xd8 ../vga_bsp//newlib/nios2-elf/lib/libc.a(lib_a-fwalk.o)
                0x00000000080011c4                _fwalk
 .text._fwalk_reent
                0x000000000800129c       0xdc ../vga_bsp//newlib/nios2-elf/lib/libc.a(lib_a-fwalk.o)
                0x000000000800129c                _fwalk_reent
 .text          0x0000000008001378        0x0 ../vga_bsp//newlib/nios2-elf/lib/libc.a(lib_a-impure.o)
 .text          0x0000000008001378        0x0 ../vga_bsp//newlib/nios2-elf/lib/libc.a(lib_a-mallocr.o)
 .text.malloc_extend_top
                0x0000000008001378      0x3b4 ../vga_bsp//newlib/nios2-elf/lib/libc.a(lib_a-mallocr.o)
 .text._malloc_r
                0x000000000800172c      0xb7c ../vga_bsp//newlib/nios2-elf/lib/libc.a(lib_a-mallocr.o)
                0x000000000800172c                _malloc_r
 .text          0x00000000080022a8        0x0 ../vga_bsp//newlib/nios2-elf/lib/libc.a(lib_a-memchr.o)
 .text.memchr   0x00000000080022a8      0x1bc ../vga_bsp//newlib/nios2-elf/lib/libc.a(lib_a-memchr.o)
                0x00000000080022a8                memchr
 .text          0x0000000008002464        0x0 ../vga_bsp//newlib/nios2-elf/lib/libc.a(lib_a-memcpy.o)
 .text.memcpy   0x0000000008002464      0x188 ../vga_bsp//newlib/nios2-elf/lib/libc.a(lib_a-memcpy.o)
                0x0000000008002464                memcpy
 .text          0x00000000080025ec        0x0 ../vga_bsp//newlib/nios2-elf/lib/libc.a(lib_a-memmove.o)
 .text.memmove  0x00000000080025ec      0x208 ../vga_bsp//newlib/nios2-elf/lib/libc.a(lib_a-memmove.o)
                0x00000000080025ec                memmove
 .text          0x00000000080027f4        0x0 ../vga_bsp//newlib/nios2-elf/lib/libc.a(lib_a-memset.o)
 .text.memset   0x00000000080027f4      0x1c4 ../vga_bsp//newlib/nios2-elf/lib/libc.a(lib_a-memset.o)
                0x00000000080027f4                memset
 .text          0x00000000080029b8        0x0 ../vga_bsp//newlib/nios2-elf/lib/libc.a(lib_a-reallocr.o)
 .text._realloc_r
                0x00000000080029b8      0xbf0 ../vga_bsp//newlib/nios2-elf/lib/libc.a(lib_a-reallocr.o)
                0x00000000080029b8                _realloc_r
 .text          0x00000000080035a8        0x0 ../vga_bsp//newlib/nios2-elf/lib/libc.a(lib_a-sbrkr.o)
 .text._sbrk_r  0x00000000080035a8       0x60 ../vga_bsp//newlib/nios2-elf/lib/libc.a(lib_a-sbrkr.o)
                0x00000000080035a8                _sbrk_r
 .text          0x0000000008003608        0x0 ../vga_bsp//newlib/nios2-elf/lib/libc.a(lib_a-stdio.o)
 .text.__sread  0x0000000008003608       0x9c ../vga_bsp//newlib/nios2-elf/lib/libc.a(lib_a-stdio.o)
                0x0000000008003608                __sread
 .text.__seofread
                0x00000000080036a4       0x30 ../vga_bsp//newlib/nios2-elf/lib/libc.a(lib_a-stdio.o)
                0x00000000080036a4                __seofread
 .text.__swrite
                0x00000000080036d4       0xb4 ../vga_bsp//newlib/nios2-elf/lib/libc.a(lib_a-stdio.o)
                0x00000000080036d4                __swrite
 .text.__sseek  0x0000000008003788       0xa0 ../vga_bsp//newlib/nios2-elf/lib/libc.a(lib_a-stdio.o)
                0x0000000008003788                __sseek
 .text.__sclose
                0x0000000008003828       0x54 ../vga_bsp//newlib/nios2-elf/lib/libc.a(lib_a-stdio.o)
                0x0000000008003828                __sclose
 .text          0x000000000800387c        0x0 ../vga_bsp//newlib/nios2-elf/lib/libc.a(lib_a-writer.o)
 .text._write_r
                0x000000000800387c       0x70 ../vga_bsp//newlib/nios2-elf/lib/libc.a(lib_a-writer.o)
                0x000000000800387c                _write_r
 .text          0x00000000080038ec        0x0 ../vga_bsp//newlib/nios2-elf/lib/libc.a(lib_a-wsetup.o)
 .text.__swsetup_r
                0x00000000080038ec      0x1a0 ../vga_bsp//newlib/nios2-elf/lib/libc.a(lib_a-wsetup.o)
                0x00000000080038ec                __swsetup_r
 .text          0x0000000008003a8c        0x0 ../vga_bsp//newlib/nios2-elf/lib/libc.a(closer.o)
 .text._close_r
                0x0000000008003a8c       0x60 ../vga_bsp//newlib/nios2-elf/lib/libc.a(closer.o)
                0x0000000008003a8c                _close_r
 .text          0x0000000008003aec        0x0 ../vga_bsp//newlib/nios2-elf/lib/libc.a(lib_a-fclose.o)
 .text._fclose_r
                0x0000000008003aec      0x12c ../vga_bsp//newlib/nios2-elf/lib/libc.a(lib_a-fclose.o)
                0x0000000008003aec                _fclose_r
 .text.fclose   0x0000000008003c18       0x38 ../vga_bsp//newlib/nios2-elf/lib/libc.a(lib_a-fclose.o)
                0x0000000008003c18                fclose
 .text          0x0000000008003c50        0x0 ../vga_bsp//newlib/nios2-elf/lib/libc.a(lib_a-fflush.o)
 .text.__sflush_r
                0x0000000008003c50      0x304 ../vga_bsp//newlib/nios2-elf/lib/libc.a(lib_a-fflush.o)
                0x0000000008003c50                __sflush_r
 .text._fflush_r
                0x0000000008003f54       0x88 ../vga_bsp//newlib/nios2-elf/lib/libc.a(lib_a-fflush.o)
                0x0000000008003f54                _fflush_r
 .text.fflush   0x0000000008003fdc       0x54 ../vga_bsp//newlib/nios2-elf/lib/libc.a(lib_a-fflush.o)
                0x0000000008003fdc                fflush
 .text          0x0000000008004030        0x0 ../vga_bsp//newlib/nios2-elf/lib/libc.a(lib_a-freer.o)
 .text._free_r  0x0000000008004030      0x560 ../vga_bsp//newlib/nios2-elf/lib/libc.a(lib_a-freer.o)
                0x0000000008004030                _free_r
 .text._malloc_trim_r
                0x0000000008004590      0x1cc ../vga_bsp//newlib/nios2-elf/lib/libc.a(lib_a-freer.o)
                0x0000000008004590                _malloc_trim_r
 .text          0x000000000800475c        0x0 ../vga_bsp//newlib/nios2-elf/lib/libc.a(lib_a-int_errno.o)
 .text          0x000000000800475c        0x0 ../vga_bsp//newlib/nios2-elf/lib/libc.a(lib_a-lseekr.o)
 .text._lseek_r
                0x000000000800475c       0x70 ../vga_bsp//newlib/nios2-elf/lib/libc.a(lib_a-lseekr.o)
                0x000000000800475c                _lseek_r
 .text          0x00000000080047cc        0x0 ../vga_bsp//newlib/nios2-elf/lib/libc.a(lib_a-makebuf.o)
 .text.__smakebuf_r
                0x00000000080047cc      0x22c ../vga_bsp//newlib/nios2-elf/lib/libc.a(lib_a-makebuf.o)
                0x00000000080047cc                __smakebuf_r
 .text          0x00000000080049f8        0x0 ../vga_bsp//newlib/nios2-elf/lib/libc.a(lib_a-readr.o)
 .text._read_r  0x00000000080049f8       0x70 ../vga_bsp//newlib/nios2-elf/lib/libc.a(lib_a-readr.o)
                0x00000000080049f8                _read_r
 .text          0x0000000008004a68        0x0 ../vga_bsp//newlib/nios2-elf/lib/libc.a(lib_a-fstatr.o)
 .text._fstat_r
                0x0000000008004a68       0x68 ../vga_bsp//newlib/nios2-elf/lib/libc.a(lib_a-fstatr.o)
                0x0000000008004a68                _fstat_r
 .text          0x0000000008004ad0        0x0 ../vga_bsp//newlib/nios2-elf/lib/libc.a(lib_a-isattyr.o)
 .text._isatty_r
                0x0000000008004ad0       0x60 ../vga_bsp//newlib/nios2-elf/lib/libc.a(lib_a-isattyr.o)
                0x0000000008004ad0                _isatty_r
 .text          0x0000000008004b30      0x1b4 /usr/local/3rdparty/altera/18.1/nios2eds/bin/gnu/H-x86_64-pc-linux-gnu/bin/../lib/gcc/nios2-elf/5.3.0/libgcc.a(lib2-divmod.o)
                0x0000000008004b30                __divsi3
                0x0000000008004bb4                __modsi3
                0x0000000008004c28                __udivsi3
                0x0000000008004c8c                __umodsi3
 .text          0x0000000008004ce4      0x10c ../vga_bsp//libhal_bsp.a(alt_close.o)
                0x0000000008004d20                close
 .text          0x0000000008004df0       0x2c ../vga_bsp//libhal_bsp.a(alt_dev.o)
 .text          0x0000000008004e1c        0x0 ../vga_bsp//libhal_bsp.a(alt_errno.o)
 .text          0x0000000008004e1c       0xec ../vga_bsp//libhal_bsp.a(alt_fstat.o)
                0x0000000008004e58                fstat
 .text          0x0000000008004f08       0xe0 ../vga_bsp//libhal_bsp.a(alt_isatty.o)
                0x0000000008004f44                isatty
 .text          0x0000000008004fe8       0xec ../vga_bsp//libhal_bsp.a(alt_load.o)
                0x0000000008005050                alt_load
 .text          0x00000000080050d4      0x110 ../vga_bsp//libhal_bsp.a(alt_lseek.o)
                0x0000000008005110                lseek
 .text          0x00000000080051e4       0x60 ../vga_bsp//libhal_bsp.a(alt_main.o)
                0x00000000080051e4                alt_main
 .text          0x0000000008005244       0x48 ../vga_bsp//libhal_bsp.a(alt_malloc_lock.o)
                0x0000000008005244                __malloc_lock
                0x0000000008005268                __malloc_unlock
 .text          0x000000000800528c      0x138 ../vga_bsp//libhal_bsp.a(alt_read.o)
                0x00000000080052c8                read
 .text          0x00000000080053c4       0x64 ../vga_bsp//libhal_bsp.a(alt_release_fd.o)
                0x00000000080053c4                alt_release_fd
 .text          0x0000000008005428       0xb0 ../vga_bsp//libhal_bsp.a(alt_sbrk.o)
                0x0000000008005428                sbrk
 .text          0x00000000080054d8      0x1a4 ../vga_bsp//libhal_bsp.a(alt_tick.o)
                0x00000000080054d8                alt_alarm_stop
                0x0000000008005574                alt_tick
 .text          0x000000000800567c      0x134 ../vga_bsp//libhal_bsp.a(alt_write.o)
                0x00000000080056b8                write
 .text          0x00000000080057b0      0x428 ../vga_bsp//libhal_bsp.a(alt_sys_init.o)
                0x00000000080057e4                alt_irq_init
                0x000000000800581c                alt_sys_init
 .text          0x0000000008005bd8      0x164 ../vga_bsp//libhal_bsp.a(altera_avalon_jtag_uart_fd.o)
                0x0000000008005bd8                altera_avalon_jtag_uart_read_fd
                0x0000000008005c38                altera_avalon_jtag_uart_write_fd
                0x0000000008005c98                altera_avalon_jtag_uart_close_fd
                0x0000000008005ce8                altera_avalon_jtag_uart_ioctl_fd
 .text          0x0000000008005d3c      0x3d4 ../vga_bsp//libhal_bsp.a(altera_avalon_jtag_uart_init.o)
                0x0000000008005d3c                altera_avalon_jtag_uart_init
                0x00000000080060a8                altera_avalon_jtag_uart_close
 .text          0x0000000008006110       0xf0 ../vga_bsp//libhal_bsp.a(altera_avalon_jtag_uart_ioctl.o)
                0x0000000008006110                altera_avalon_jtag_uart_ioctl
 .text          0x0000000008006200      0x21c ../vga_bsp//libhal_bsp.a(altera_avalon_jtag_uart_read.o)
                0x0000000008006200                altera_avalon_jtag_uart_read
 .text          0x000000000800641c      0x224 ../vga_bsp//libhal_bsp.a(altera_avalon_jtag_uart_write.o)
                0x000000000800641c                altera_avalon_jtag_uart_write
 .text          0x0000000008006640      0x2e0 ../vga_bsp//libhal_bsp.a(altera_up_avalon_video_character_buffer_with_dma.o)
                0x0000000008006640                alt_up_char_buffer_init
                0x00000000080066c0                alt_up_char_buffer_open_dev
                0x00000000080066fc                alt_up_char_buffer_draw
                0x00000000080067c8                alt_up_char_buffer_string
                0x00000000080068c4                alt_up_char_buffer_clear
 .text          0x0000000008006920      0xeb4 ../vga_bsp//libhal_bsp.a(altera_up_avalon_video_pixel_buffer_dma.o)
                0x0000000008006920                alt_up_pixel_buffer_dma_open_dev
                0x000000000800695c                alt_up_pixel_buffer_dma_draw
                0x0000000008006af0                alt_up_pixel_buffer_dma_change_back_buffer_address
                0x0000000008006b4c                alt_up_pixel_buffer_dma_swap_buffers
                0x0000000008006bac                alt_up_pixel_buffer_dma_check_swap_buffers_status
                0x0000000008006be0                alt_up_pixel_buffer_dma_clear_screen
                0x0000000008006d08                alt_up_pixel_buffer_dma_draw_box
                0x0000000008006fe4                alt_up_pixel_buffer_dma_draw_hline
                0x00000000080071f4                alt_up_pixel_buffer_dma_draw_vline
                0x0000000008007440                alt_up_pixel_buffer_dma_draw_rectangle
                0x0000000008007508                helper_plot_pixel
                0x000000000800758c                alt_up_pixel_buffer_dma_draw_line
 .text          0x00000000080077d4      0x12c ../vga_bsp//libhal_bsp.a(alt_alarm_start.o)
                0x00000000080077d4                alt_alarm_start
 .text          0x0000000008007900       0x48 ../vga_bsp//libhal_bsp.a(alt_dcache_flush_all.o)
                0x0000000008007900                alt_dcache_flush_all
 .text          0x0000000008007948       0xe0 ../vga_bsp//libhal_bsp.a(alt_dev_llist_insert.o)
                0x0000000008007984                alt_dev_llist_insert
 .text          0x0000000008007a28       0x60 ../vga_bsp//libhal_bsp.a(alt_do_ctors.o)
                0x0000000008007a28                _do_ctors
 .text          0x0000000008007a88       0x60 ../vga_bsp//libhal_bsp.a(alt_do_dtors.o)
                0x0000000008007a88                _do_dtors
 .text          0x0000000008007ae8       0x90 ../vga_bsp//libhal_bsp.a(alt_find_dev.o)
                0x0000000008007ae8                alt_find_dev
 .text          0x0000000008007b78       0x34 ../vga_bsp//libhal_bsp.a(alt_icache_flush_all.o)
                0x0000000008007b78                alt_icache_flush_all
 .text          0x0000000008007bac      0x1b0 ../vga_bsp//libhal_bsp.a(alt_iic.o)
                0x0000000008007bac                alt_ic_isr_register
                0x0000000008007bfc                alt_ic_irq_enable
                0x0000000008007c84                alt_ic_irq_disable
                0x0000000008007d10                alt_ic_irq_enabled
 .text          0x0000000008007d5c       0xf0 ../vga_bsp//libhal_bsp.a(alt_iic_isr_register.o)
                0x0000000008007d5c                alt_iic_isr_register
 .text          0x0000000008007e4c        0x0 ../vga_bsp//libhal_bsp.a(alt_irq_entry.o)
 .text          0x0000000008007e4c        0x0 ../vga_bsp//libhal_bsp.a(alt_irq_handler.o)
 .text          0x0000000008007e4c        0x0 ../vga_bsp//libhal_bsp.a(alt_irq_vars.o)
 .text          0x0000000008007e4c       0x24 ../vga_bsp//libhal_bsp.a(altera_nios2_gen2_irq.o)
                0x0000000008007e4c                altera_nios2_gen2_irq_init
 .text          0x0000000008007e70        0x0 ../vga_bsp//libhal_bsp.a(alt_exception_entry.o)
 .text          0x0000000008007e70       0x90 ../vga_bsp//libhal_bsp.a(alt_icache_flush.o)
                0x0000000008007e70                alt_icache_flush
 .text          0x0000000008007f00       0x9c ../vga_bsp//libhal_bsp.a(alt_instruction_exception_entry.o)
                0x0000000008007f00                alt_exception_cause_generated_bad_addr
 .text          0x0000000008007f9c        0x0 ../vga_bsp//newlib/nios2-elf/lib/libc.a(lib_a-atexit.o)
 .text.atexit   0x0000000008007f9c       0x3c ../vga_bsp//newlib/nios2-elf/lib/libc.a(lib_a-atexit.o)
                0x0000000008007f9c                atexit
 .text          0x0000000008007fd8        0x0 ../vga_bsp//newlib/nios2-elf/lib/libc.a(lib_a-exit.o)
 .text.exit     0x0000000008007fd8       0x48 ../vga_bsp//newlib/nios2-elf/lib/libc.a(lib_a-exit.o)
                0x0000000008007fd8                exit
 .text          0x0000000008008020        0x0 ../vga_bsp//newlib/nios2-elf/lib/libc.a(lib_a-memcmp.o)
 .text.memcmp   0x0000000008008020      0x134 ../vga_bsp//newlib/nios2-elf/lib/libc.a(lib_a-memcmp.o)
                0x0000000008008020                memcmp
 .text          0x0000000008008154        0x0 ../vga_bsp//newlib/nios2-elf/lib/libc.a(lib_a-strcmp.o)
 .text.strcmp   0x0000000008008154      0x140 ../vga_bsp//newlib/nios2-elf/lib/libc.a(lib_a-strcmp.o)
                0x0000000008008154                strcmp
 .text          0x0000000008008294        0x0 ../vga_bsp//newlib/nios2-elf/lib/libc.a(lib_a-__atexit.o)
 .text.__register_exitproc
                0x0000000008008294      0x170 ../vga_bsp//newlib/nios2-elf/lib/libc.a(lib_a-__atexit.o)
                0x0000000008008294                __register_exitproc
 .text          0x0000000008008404        0x0 ../vga_bsp//newlib/nios2-elf/lib/libc.a(lib_a-__call_atexit.o)
 .text.__call_exitprocs
                0x0000000008008404      0x1ec ../vga_bsp//newlib/nios2-elf/lib/libc.a(lib_a-__call_atexit.o)
                0x0000000008008404                __call_exitprocs
 .text          0x00000000080085f0       0x34 ../vga_bsp//libhal_bsp.a(alt_exit.o)
                0x00000000080085f0                _exit
 *(.gnu.warning.*)
 *(.fini)
                [!provide]                        PROVIDE (__etext, ABSOLUTE (.))
                [!provide]                        PROVIDE (_etext, ABSOLUTE (.))
                [!provide]                        PROVIDE (etext, ABSOLUTE (.))
 *(.eh_frame_hdr)
                0x0000000008008624                . = ALIGN (0x4)
                [!provide]                        PROVIDE (__preinit_array_start, ABSOLUTE (.))
 *(.preinit_array)
                [!provide]                        PROVIDE (__preinit_array_end, ABSOLUTE (.))
                [!provide]                        PROVIDE (__init_array_start, ABSOLUTE (.))
 *(.init_array)
                [!provide]                        PROVIDE (__init_array_end, ABSOLUTE (.))
                [!provide]                        PROVIDE (__fini_array_start, ABSOLUTE (.))
 *(.fini_array)
                [!provide]                        PROVIDE (__fini_array_end, ABSOLUTE (.))
 *(.eh_frame)
 *(.gcc_except_table .gcc_except_table.*)
 *(.dynamic)
                0x0000000008008624                PROVIDE (__CTOR_LIST__, ABSOLUTE (.))
 *(.ctors)
 *(SORT(.ctors.*))
                0x0000000008008624                PROVIDE (__CTOR_END__, ABSOLUTE (.))
                0x0000000008008624                PROVIDE (__DTOR_LIST__, ABSOLUTE (.))
 *(.dtors)
 *(SORT(.dtors.*))
                0x0000000008008624                PROVIDE (__DTOR_END__, ABSOLUTE (.))
 *(.jcr)
                0x0000000008008624                . = ALIGN (0x4)

.rodata         0x0000000008008624    0x38534
                0x0000000008008624                PROVIDE (__ram_rodata_start, ABSOLUTE (.))
                0x0000000008008624                . = ALIGN (0x4)
 *(.rodata .rodata.* .gnu.linkonce.r.*)
 .rodata        0x0000000008008624       0x72 obj/default/hello_world.o
 .rodata        0x0000000008008696    0x38401 obj/default/myfile.o
                0x0000000008008696                myimage
 *fill*         0x0000000008040a97        0x1 
 .rodata        0x0000000008040a98        0x2 ../vga_bsp//newlib/nios2-elf/lib/libc.a(lib_a-puts.o)
 *fill*         0x0000000008040a9a        0x2 
 .rodata        0x0000000008040a9c        0x2 ../vga_bsp//newlib/nios2-elf/lib/libc.a(lib_a-impure.o)
 *fill*         0x0000000008040a9e        0x2 
 .rodata        0x0000000008040aa0        0xa ../vga_bsp//libhal_bsp.a(alt_dev.o)
 *fill*         0x0000000008040aaa        0x2 
 .rodata        0x0000000008040aac       0x8f ../vga_bsp//libhal_bsp.a(alt_sys_init.o)
 *fill*         0x0000000008040b3b        0x1 
 .rodata        0x0000000008040b3c       0x1a ../vga_bsp//libhal_bsp.a(altera_up_avalon_video_character_buffer_with_dma.o)
 *(.rodata1)
                0x0000000008040b58                . = ALIGN (0x4)
 *fill*         0x0000000008040b56        0x2 
                0x0000000008040b58                PROVIDE (__ram_rodata_end, ABSOLUTE (.))
                0x0000000008008624                PROVIDE (__flash_rodata_start, LOADADDR (.rodata))

.rwdata         0x0000000008040b58     0x1b4c load address 0x00000000080426a4
                0x0000000008040b58                PROVIDE (__ram_rwdata_start, ABSOLUTE (.))
                0x0000000008040b58                . = ALIGN (0x4)
 *(.got.plt)
 *(.got)
 *(.data1)
 *(.data .data.* .gnu.linkonce.d.*)
 .data          0x0000000008040b58        0x0 ../vga_bsp//obj/HAL/src/crt0.o
 .data          0x0000000008040b58        0x0 obj/default/hello_world.o
 .data          0x0000000008040b58        0x0 obj/default/myfile.o
 .data          0x0000000008040b58        0x0 ../vga_bsp//newlib/nios2-elf/lib/libc.a(lib_a-puts.o)
 .data          0x0000000008040b58        0x0 ../vga_bsp//newlib/nios2-elf/lib/libc.a(lib_a-strlen.o)
 .data          0x0000000008040b58        0x0 ../vga_bsp//newlib/nios2-elf/lib/libc.a(lib_a-findfp.o)
 .data          0x0000000008040b58        0x0 ../vga_bsp//newlib/nios2-elf/lib/libc.a(lib_a-fvwrite.o)
 .data          0x0000000008040b58        0x0 ../vga_bsp//newlib/nios2-elf/lib/libc.a(lib_a-fwalk.o)
 .data          0x0000000008040b58        0x0 ../vga_bsp//newlib/nios2-elf/lib/libc.a(lib_a-impure.o)
 .data.impure_data
                0x0000000008040b58      0x424 ../vga_bsp//newlib/nios2-elf/lib/libc.a(lib_a-impure.o)
 .data          0x0000000008040f7c        0x0 ../vga_bsp//newlib/nios2-elf/lib/libc.a(lib_a-mallocr.o)
 .data.__malloc_av_
                0x0000000008040f7c      0x408 ../vga_bsp//newlib/nios2-elf/lib/libc.a(lib_a-mallocr.o)
                0x0000000008040f7c                __malloc_av_
 .data          0x0000000008041384        0x0 ../vga_bsp//newlib/nios2-elf/lib/libc.a(lib_a-memchr.o)
 .data          0x0000000008041384        0x0 ../vga_bsp//newlib/nios2-elf/lib/libc.a(lib_a-memcpy.o)
 .data          0x0000000008041384        0x0 ../vga_bsp//newlib/nios2-elf/lib/libc.a(lib_a-memmove.o)
 .data          0x0000000008041384        0x0 ../vga_bsp//newlib/nios2-elf/lib/libc.a(lib_a-memset.o)
 .data          0x0000000008041384        0x0 ../vga_bsp//newlib/nios2-elf/lib/libc.a(lib_a-reallocr.o)
 .data          0x0000000008041384        0x0 ../vga_bsp//newlib/nios2-elf/lib/libc.a(lib_a-sbrkr.o)
 .data          0x0000000008041384        0x0 ../vga_bsp//newlib/nios2-elf/lib/libc.a(lib_a-stdio.o)
 .data          0x0000000008041384        0x0 ../vga_bsp//newlib/nios2-elf/lib/libc.a(lib_a-writer.o)
 .data          0x0000000008041384        0x0 ../vga_bsp//newlib/nios2-elf/lib/libc.a(lib_a-wsetup.o)
 .data          0x0000000008041384        0x0 ../vga_bsp//newlib/nios2-elf/lib/libc.a(closer.o)
 .data          0x0000000008041384        0x0 ../vga_bsp//newlib/nios2-elf/lib/libc.a(lib_a-fclose.o)
 .data          0x0000000008041384        0x0 ../vga_bsp//newlib/nios2-elf/lib/libc.a(lib_a-fflush.o)
 .data          0x0000000008041384        0x0 ../vga_bsp//newlib/nios2-elf/lib/libc.a(lib_a-freer.o)
 .data          0x0000000008041384        0x0 ../vga_bsp//newlib/nios2-elf/lib/libc.a(lib_a-int_errno.o)
 .data          0x0000000008041384        0x0 ../vga_bsp//newlib/nios2-elf/lib/libc.a(lib_a-lseekr.o)
 .data          0x0000000008041384        0x0 ../vga_bsp//newlib/nios2-elf/lib/libc.a(lib_a-makebuf.o)
 .data          0x0000000008041384        0x0 ../vga_bsp//newlib/nios2-elf/lib/libc.a(lib_a-readr.o)
 .data          0x0000000008041384        0x0 ../vga_bsp//newlib/nios2-elf/lib/libc.a(lib_a-fstatr.o)
 .data          0x0000000008041384        0x0 ../vga_bsp//newlib/nios2-elf/lib/libc.a(lib_a-isattyr.o)
 .data          0x0000000008041384        0x0 /usr/local/3rdparty/altera/18.1/nios2eds/bin/gnu/H-x86_64-pc-linux-gnu/bin/../lib/gcc/nios2-elf/5.3.0/libgcc.a(lib2-divmod.o)
 .data          0x0000000008041384        0x0 ../vga_bsp//libhal_bsp.a(alt_close.o)
 .data          0x0000000008041384      0x1a8 ../vga_bsp//libhal_bsp.a(alt_dev.o)
                0x0000000008041384                alt_dev_null
                0x00000000080413ac                alt_fd_list
 .data          0x000000000804152c        0x0 ../vga_bsp//libhal_bsp.a(alt_errno.o)
 .data          0x000000000804152c        0x0 ../vga_bsp//libhal_bsp.a(alt_fstat.o)
 .data          0x000000000804152c        0x0 ../vga_bsp//libhal_bsp.a(alt_isatty.o)
 .data          0x000000000804152c        0x0 ../vga_bsp//libhal_bsp.a(alt_load.o)
 .data          0x000000000804152c        0x0 ../vga_bsp//libhal_bsp.a(alt_lseek.o)
 .data          0x000000000804152c        0x0 ../vga_bsp//libhal_bsp.a(alt_main.o)
 .data          0x000000000804152c        0x0 ../vga_bsp//libhal_bsp.a(alt_malloc_lock.o)
 .data          0x000000000804152c        0x0 ../vga_bsp//libhal_bsp.a(alt_read.o)
 .data          0x000000000804152c        0x0 ../vga_bsp//libhal_bsp.a(alt_release_fd.o)
 .data          0x000000000804152c        0x0 ../vga_bsp//libhal_bsp.a(alt_sbrk.o)
 .data          0x000000000804152c        0x0 ../vga_bsp//libhal_bsp.a(alt_tick.o)
 .data          0x000000000804152c        0x0 ../vga_bsp//libhal_bsp.a(alt_write.o)
 .data          0x000000000804152c     0x1140 ../vga_bsp//libhal_bsp.a(alt_sys_init.o)
 .data          0x000000000804266c        0x0 ../vga_bsp//libhal_bsp.a(altera_avalon_jtag_uart_fd.o)
 .data          0x000000000804266c        0x0 ../vga_bsp//libhal_bsp.a(altera_avalon_jtag_uart_init.o)
 .data          0x000000000804266c        0x0 ../vga_bsp//libhal_bsp.a(altera_avalon_jtag_uart_ioctl.o)
 .data          0x000000000804266c        0x0 ../vga_bsp//libhal_bsp.a(altera_avalon_jtag_uart_read.o)
 .data          0x000000000804266c        0x0 ../vga_bsp//libhal_bsp.a(altera_avalon_jtag_uart_write.o)
 .data          0x000000000804266c        0x0 ../vga_bsp//libhal_bsp.a(altera_up_avalon_video_character_buffer_with_dma.o)
 .data          0x000000000804266c        0x0 ../vga_bsp//libhal_bsp.a(altera_up_avalon_video_pixel_buffer_dma.o)
 .data          0x000000000804266c        0x0 ../vga_bsp//libhal_bsp.a(alt_alarm_start.o)
 .data          0x000000000804266c        0x0 ../vga_bsp//libhal_bsp.a(alt_dcache_flush_all.o)
 .data          0x000000000804266c        0x0 ../vga_bsp//libhal_bsp.a(alt_dev_llist_insert.o)
 .data          0x000000000804266c        0x0 ../vga_bsp//libhal_bsp.a(alt_do_ctors.o)
 .data          0x000000000804266c        0x0 ../vga_bsp//libhal_bsp.a(alt_do_dtors.o)
 .data          0x000000000804266c        0x0 ../vga_bsp//libhal_bsp.a(alt_find_dev.o)
 .data          0x000000000804266c        0x0 ../vga_bsp//libhal_bsp.a(alt_icache_flush_all.o)
 .data          0x000000000804266c        0x0 ../vga_bsp//libhal_bsp.a(alt_iic.o)
 .data          0x000000000804266c        0x0 ../vga_bsp//libhal_bsp.a(alt_iic_isr_register.o)
 .data          0x000000000804266c        0x0 ../vga_bsp//libhal_bsp.a(alt_irq_entry.o)
 .data          0x000000000804266c        0x0 ../vga_bsp//libhal_bsp.a(alt_irq_handler.o)
 .data          0x000000000804266c        0x0 ../vga_bsp//libhal_bsp.a(alt_irq_vars.o)
 .data          0x000000000804266c        0x0 ../vga_bsp//libhal_bsp.a(altera_nios2_gen2_irq.o)
 .data          0x000000000804266c        0x0 ../vga_bsp//libhal_bsp.a(alt_exception_entry.o)
 .data          0x000000000804266c        0x0 ../vga_bsp//libhal_bsp.a(alt_icache_flush.o)
 .data          0x000000000804266c        0x0 ../vga_bsp//libhal_bsp.a(alt_instruction_exception_entry.o)
 .data          0x000000000804266c        0x0 ../vga_bsp//newlib/nios2-elf/lib/libc.a(lib_a-atexit.o)
 .data          0x000000000804266c        0x0 ../vga_bsp//newlib/nios2-elf/lib/libc.a(lib_a-exit.o)
 .data          0x000000000804266c        0x0 ../vga_bsp//newlib/nios2-elf/lib/libc.a(lib_a-memcmp.o)
 .data          0x000000000804266c        0x0 ../vga_bsp//newlib/nios2-elf/lib/libc.a(lib_a-strcmp.o)
 .data          0x000000000804266c        0x0 ../vga_bsp//newlib/nios2-elf/lib/libc.a(lib_a-__atexit.o)
 .data          0x000000000804266c        0x0 ../vga_bsp//newlib/nios2-elf/lib/libc.a(lib_a-__call_atexit.o)
 .data          0x000000000804266c        0x0 ../vga_bsp//libhal_bsp.a(alt_exit.o)
                0x000000000804a66c                _gp = ABSOLUTE ((. + 0x8000))
                [!provide]                        PROVIDE (gp, _gp)
 *(.rwdata .rwdata.*)
 *(.sdata .sdata.* .gnu.linkonce.s.*)
 .sdata._impure_ptr
                0x000000000804266c        0x4 ../vga_bsp//newlib/nios2-elf/lib/libc.a(lib_a-impure.o)
                0x000000000804266c                _impure_ptr
 .sdata._global_impure_ptr
                0x0000000008042670        0x4 ../vga_bsp//newlib/nios2-elf/lib/libc.a(lib_a-impure.o)
                0x0000000008042670                _global_impure_ptr
 .sdata.__malloc_trim_threshold
                0x0000000008042674        0x4 ../vga_bsp//newlib/nios2-elf/lib/libc.a(lib_a-mallocr.o)
                0x0000000008042674                __malloc_trim_threshold
 .sdata.__malloc_sbrk_base
                0x0000000008042678        0x4 ../vga_bsp//newlib/nios2-elf/lib/libc.a(lib_a-mallocr.o)
                0x0000000008042678                __malloc_sbrk_base
 .sdata         0x000000000804267c       0x14 ../vga_bsp//libhal_bsp.a(alt_dev.o)
                0x000000000804267c                alt_fs_list
                0x0000000008042684                alt_dev_list
                0x000000000804268c                alt_max_fd
 .sdata         0x0000000008042690        0x4 ../vga_bsp//libhal_bsp.a(alt_errno.o)
                0x0000000008042690                alt_errno
 .sdata         0x0000000008042694        0x4 ../vga_bsp//libhal_bsp.a(alt_sbrk.o)
 .sdata         0x0000000008042698        0x8 ../vga_bsp//libhal_bsp.a(alt_tick.o)
                0x0000000008042698                alt_alarm_list
 .sdata         0x00000000080426a0        0x4 ../vga_bsp//libhal_bsp.a(alt_irq_vars.o)
                0x00000000080426a0                alt_priority_mask
 *(.sdata2 .sdata2.* .gnu.linkonce.s2.*)
                0x00000000080426a4                . = ALIGN (0x4)
                0x00000000080426a4                _edata = ABSOLUTE (.)
                [!provide]                        PROVIDE (edata, ABSOLUTE (.))
                0x00000000080426a4                PROVIDE (__ram_rwdata_end, ABSOLUTE (.))
                0x00000000080426a4                PROVIDE (__flash_rwdata_start, LOADADDR (.rwdata))

.bss            0x00000000080441f0      0x160
                0x00000000080441f0                __bss_start = ABSOLUTE (.)
                [!provide]                        PROVIDE (__sbss_start, ABSOLUTE (.))
                [!provide]                        PROVIDE (___sbss_start, ABSOLUTE (.))
 *(.dynsbss)
 *(.sbss .sbss.* .gnu.linkonce.sb.*)
 .sbss.__sfp_lock
                0x00000000080441f0        0x4 ../vga_bsp//newlib/nios2-elf/lib/libc.a(lib_a-findfp.o)
 .sbss.__sinit_lock
                0x00000000080441f4        0x4 ../vga_bsp//newlib/nios2-elf/lib/libc.a(lib_a-findfp.o)
 .sbss.__malloc_top_pad
                0x00000000080441f8        0x4 ../vga_bsp//newlib/nios2-elf/lib/libc.a(lib_a-mallocr.o)
                0x00000000080441f8                __malloc_top_pad
 .sbss.__malloc_max_sbrked_mem
                0x00000000080441fc        0x4 ../vga_bsp//newlib/nios2-elf/lib/libc.a(lib_a-mallocr.o)
                0x00000000080441fc                __malloc_max_sbrked_mem
 .sbss.__malloc_max_total_mem
                0x0000000008044200        0x4 ../vga_bsp//newlib/nios2-elf/lib/libc.a(lib_a-mallocr.o)
                0x0000000008044200                __malloc_max_total_mem
 .sbss          0x0000000008044204        0x4 ../vga_bsp//newlib/nios2-elf/lib/libc.a(lib_a-int_errno.o)
                0x0000000008044204                errno
 .sbss          0x0000000008044208        0xc ../vga_bsp//libhal_bsp.a(alt_main.o)
                0x0000000008044208                alt_argc
                0x000000000804420c                alt_argv
                0x0000000008044210                alt_envp
 .sbss          0x0000000008044214        0x8 ../vga_bsp//libhal_bsp.a(alt_tick.o)
                0x0000000008044214                _alt_tick_rate
                0x0000000008044218                _alt_nticks
 .sbss          0x000000000804421c        0x4 ../vga_bsp//libhal_bsp.a(alt_irq_vars.o)
                0x000000000804421c                alt_irq_active
 .sbss          0x0000000008044220        0x4 ../vga_bsp//libhal_bsp.a(alt_instruction_exception_entry.o)
                0x0000000008044220                alt_instruction_exception_handler
 .sbss.__atexit_lock
                0x0000000008044224        0x4 ../vga_bsp//newlib/nios2-elf/lib/libc.a(lib_a-__call_atexit.o)
 *(.sbss2 .sbss2.* .gnu.linkonce.sb2.*)
 *(.scommon)
                [!provide]                        PROVIDE (__sbss_end, ABSOLUTE (.))
                [!provide]                        PROVIDE (___sbss_end, ABSOLUTE (.))
 *(.dynbss)
 *(.bss .bss.* .gnu.linkonce.b.*)
 .bss           0x0000000008044228        0x0 ../vga_bsp//obj/HAL/src/crt0.o
 .bss           0x0000000008044228        0x0 obj/default/hello_world.o
 .bss           0x0000000008044228        0x0 obj/default/myfile.o
 .bss           0x0000000008044228        0x0 ../vga_bsp//newlib/nios2-elf/lib/libc.a(lib_a-puts.o)
 .bss           0x0000000008044228        0x0 ../vga_bsp//newlib/nios2-elf/lib/libc.a(lib_a-strlen.o)
 .bss           0x0000000008044228        0x0 ../vga_bsp//newlib/nios2-elf/lib/libc.a(lib_a-findfp.o)
 .bss           0x0000000008044228        0x0 ../vga_bsp//newlib/nios2-elf/lib/libc.a(lib_a-fvwrite.o)
 .bss           0x0000000008044228        0x0 ../vga_bsp//newlib/nios2-elf/lib/libc.a(lib_a-fwalk.o)
 .bss           0x0000000008044228        0x0 ../vga_bsp//newlib/nios2-elf/lib/libc.a(lib_a-impure.o)
 .bss           0x0000000008044228        0x0 ../vga_bsp//newlib/nios2-elf/lib/libc.a(lib_a-mallocr.o)
 .bss.__malloc_current_mallinfo
                0x0000000008044228       0x28 ../vga_bsp//newlib/nios2-elf/lib/libc.a(lib_a-mallocr.o)
                0x0000000008044228                __malloc_current_mallinfo
 .bss           0x0000000008044250        0x0 ../vga_bsp//newlib/nios2-elf/lib/libc.a(lib_a-memchr.o)
 .bss           0x0000000008044250        0x0 ../vga_bsp//newlib/nios2-elf/lib/libc.a(lib_a-memcpy.o)
 .bss           0x0000000008044250        0x0 ../vga_bsp//newlib/nios2-elf/lib/libc.a(lib_a-memmove.o)
 .bss           0x0000000008044250        0x0 ../vga_bsp//newlib/nios2-elf/lib/libc.a(lib_a-memset.o)
 .bss           0x0000000008044250        0x0 ../vga_bsp//newlib/nios2-elf/lib/libc.a(lib_a-reallocr.o)
 .bss           0x0000000008044250        0x0 ../vga_bsp//newlib/nios2-elf/lib/libc.a(lib_a-sbrkr.o)
 .bss           0x0000000008044250        0x0 ../vga_bsp//newlib/nios2-elf/lib/libc.a(lib_a-stdio.o)
 .bss           0x0000000008044250        0x0 ../vga_bsp//newlib/nios2-elf/lib/libc.a(lib_a-writer.o)
 .bss           0x0000000008044250        0x0 ../vga_bsp//newlib/nios2-elf/lib/libc.a(lib_a-wsetup.o)
 .bss           0x0000000008044250        0x0 ../vga_bsp//newlib/nios2-elf/lib/libc.a(closer.o)
 .bss           0x0000000008044250        0x0 ../vga_bsp//newlib/nios2-elf/lib/libc.a(lib_a-fclose.o)
 .bss           0x0000000008044250        0x0 ../vga_bsp//newlib/nios2-elf/lib/libc.a(lib_a-fflush.o)
 .bss           0x0000000008044250        0x0 ../vga_bsp//newlib/nios2-elf/lib/libc.a(lib_a-freer.o)
 .bss           0x0000000008044250        0x0 ../vga_bsp//newlib/nios2-elf/lib/libc.a(lib_a-int_errno.o)
 .bss           0x0000000008044250        0x0 ../vga_bsp//newlib/nios2-elf/lib/libc.a(lib_a-lseekr.o)
 .bss           0x0000000008044250        0x0 ../vga_bsp//newlib/nios2-elf/lib/libc.a(lib_a-makebuf.o)
 .bss           0x0000000008044250        0x0 ../vga_bsp//newlib/nios2-elf/lib/libc.a(lib_a-readr.o)
 .bss           0x0000000008044250        0x0 ../vga_bsp//newlib/nios2-elf/lib/libc.a(lib_a-fstatr.o)
 .bss           0x0000000008044250        0x0 ../vga_bsp//newlib/nios2-elf/lib/libc.a(lib_a-isattyr.o)
 .bss           0x0000000008044250        0x0 /usr/local/3rdparty/altera/18.1/nios2eds/bin/gnu/H-x86_64-pc-linux-gnu/bin/../lib/gcc/nios2-elf/5.3.0/libgcc.a(lib2-divmod.o)
 .bss           0x0000000008044250        0x0 ../vga_bsp//libhal_bsp.a(alt_close.o)
 .bss           0x0000000008044250        0x0 ../vga_bsp//libhal_bsp.a(alt_dev.o)
 .bss           0x0000000008044250        0x0 ../vga_bsp//libhal_bsp.a(alt_errno.o)
 .bss           0x0000000008044250        0x0 ../vga_bsp//libhal_bsp.a(alt_fstat.o)
 .bss           0x0000000008044250        0x0 ../vga_bsp//libhal_bsp.a(alt_isatty.o)
 .bss           0x0000000008044250        0x0 ../vga_bsp//libhal_bsp.a(alt_load.o)
 .bss           0x0000000008044250        0x0 ../vga_bsp//libhal_bsp.a(alt_lseek.o)
 .bss           0x0000000008044250        0x0 ../vga_bsp//libhal_bsp.a(alt_main.o)
 .bss           0x0000000008044250        0x0 ../vga_bsp//libhal_bsp.a(alt_malloc_lock.o)
 .bss           0x0000000008044250        0x0 ../vga_bsp//libhal_bsp.a(alt_read.o)
 .bss           0x0000000008044250        0x0 ../vga_bsp//libhal_bsp.a(alt_release_fd.o)
 .bss           0x0000000008044250        0x0 ../vga_bsp//libhal_bsp.a(alt_sbrk.o)
 .bss           0x0000000008044250        0x0 ../vga_bsp//libhal_bsp.a(alt_tick.o)
 .bss           0x0000000008044250        0x0 ../vga_bsp//libhal_bsp.a(alt_write.o)
 .bss           0x0000000008044250        0x0 ../vga_bsp//libhal_bsp.a(alt_sys_init.o)
 .bss           0x0000000008044250        0x0 ../vga_bsp//libhal_bsp.a(altera_avalon_jtag_uart_fd.o)
 .bss           0x0000000008044250        0x0 ../vga_bsp//libhal_bsp.a(altera_avalon_jtag_uart_init.o)
 .bss           0x0000000008044250        0x0 ../vga_bsp//libhal_bsp.a(altera_avalon_jtag_uart_ioctl.o)
 .bss           0x0000000008044250        0x0 ../vga_bsp//libhal_bsp.a(altera_avalon_jtag_uart_read.o)
 .bss           0x0000000008044250        0x0 ../vga_bsp//libhal_bsp.a(altera_avalon_jtag_uart_write.o)
 .bss           0x0000000008044250        0x0 ../vga_bsp//libhal_bsp.a(altera_up_avalon_video_character_buffer_with_dma.o)
 .bss           0x0000000008044250        0x0 ../vga_bsp//libhal_bsp.a(altera_up_avalon_video_pixel_buffer_dma.o)
 .bss           0x0000000008044250        0x0 ../vga_bsp//libhal_bsp.a(alt_alarm_start.o)
 .bss           0x0000000008044250        0x0 ../vga_bsp//libhal_bsp.a(alt_dcache_flush_all.o)
 .bss           0x0000000008044250        0x0 ../vga_bsp//libhal_bsp.a(alt_dev_llist_insert.o)
 .bss           0x0000000008044250        0x0 ../vga_bsp//libhal_bsp.a(alt_do_ctors.o)
 .bss           0x0000000008044250        0x0 ../vga_bsp//libhal_bsp.a(alt_do_dtors.o)
 .bss           0x0000000008044250        0x0 ../vga_bsp//libhal_bsp.a(alt_find_dev.o)
 .bss           0x0000000008044250        0x0 ../vga_bsp//libhal_bsp.a(alt_icache_flush_all.o)
 .bss           0x0000000008044250        0x0 ../vga_bsp//libhal_bsp.a(alt_iic.o)
 .bss           0x0000000008044250        0x0 ../vga_bsp//libhal_bsp.a(alt_iic_isr_register.o)
 .bss           0x0000000008044250        0x0 ../vga_bsp//libhal_bsp.a(alt_irq_entry.o)
 .bss           0x0000000008044250        0x0 ../vga_bsp//libhal_bsp.a(alt_irq_handler.o)
 .bss           0x0000000008044250        0x0 ../vga_bsp//libhal_bsp.a(alt_irq_vars.o)
 .bss           0x0000000008044250        0x0 ../vga_bsp//libhal_bsp.a(altera_nios2_gen2_irq.o)
 .bss           0x0000000008044250        0x0 ../vga_bsp//libhal_bsp.a(alt_exception_entry.o)
 .bss           0x0000000008044250        0x0 ../vga_bsp//libhal_bsp.a(alt_icache_flush.o)
 .bss           0x0000000008044250        0x0 ../vga_bsp//libhal_bsp.a(alt_instruction_exception_entry.o)
 .bss           0x0000000008044250        0x0 ../vga_bsp//newlib/nios2-elf/lib/libc.a(lib_a-atexit.o)
 .bss           0x0000000008044250        0x0 ../vga_bsp//newlib/nios2-elf/lib/libc.a(lib_a-exit.o)
 .bss           0x0000000008044250        0x0 ../vga_bsp//newlib/nios2-elf/lib/libc.a(lib_a-memcmp.o)
 .bss           0x0000000008044250        0x0 ../vga_bsp//newlib/nios2-elf/lib/libc.a(lib_a-strcmp.o)
 .bss           0x0000000008044250        0x0 ../vga_bsp//newlib/nios2-elf/lib/libc.a(lib_a-__atexit.o)
 .bss           0x0000000008044250        0x0 ../vga_bsp//newlib/nios2-elf/lib/libc.a(lib_a-__call_atexit.o)
 .bss           0x0000000008044250        0x0 ../vga_bsp//libhal_bsp.a(alt_exit.o)
 *(COMMON)
 COMMON         0x0000000008044250      0x100 ../vga_bsp//libhal_bsp.a(alt_irq_handler.o)
                0x0000000008044250                alt_irq
                0x0000000008044350                . = ALIGN (0x4)
                0x0000000008044350                __bss_end = ABSOLUTE (.)

.sdram_controller_0
                0x0000000008044350        0x0
                [!provide]                        PROVIDE (_alt_partition_sdram_controller_0_start, ABSOLUTE (.))
 *(.sdram_controller_0 .sdram_controller_0. sdram_controller_0.*)
                0x0000000008044350                . = ALIGN (0x4)
                [!provide]                        PROVIDE (_alt_partition_sdram_controller_0_end, ABSOLUTE (.))
                0x0000000008044350                _end = ABSOLUTE (.)
                0x0000000008044350                end = ABSOLUTE (.)
                0x0000000008044350                __alt_stack_base = ABSOLUTE (.)
                [!provide]                        PROVIDE (_alt_partition_sdram_controller_0_load_addr, LOADADDR (.sdram_controller_0))

.stab
 *(.stab)

.stabstr
 *(.stabstr)

.stab.excl
 *(.stab.excl)

.stab.exclstr
 *(.stab.exclstr)

.stab.index
 *(.stab.index)

.stab.indexstr
 *(.stab.indexstr)

.comment        0x0000000000000000       0x23
 *(.comment)
 .comment       0x0000000000000000       0x23 obj/default/hello_world.o
                                         0x24 (size before relaxing)
 .comment       0x0000000000000023       0x24 obj/default/myfile.o
 .comment       0x0000000000000023       0x24 ../vga_bsp//newlib/nios2-elf/lib/libc.a(lib_a-puts.o)
 .comment       0x0000000000000023       0x24 ../vga_bsp//newlib/nios2-elf/lib/libc.a(lib_a-strlen.o)
 .comment       0x0000000000000023       0x24 ../vga_bsp//newlib/nios2-elf/lib/libc.a(lib_a-findfp.o)
 .comment       0x0000000000000023       0x24 ../vga_bsp//newlib/nios2-elf/lib/libc.a(lib_a-fvwrite.o)
 .comment       0x0000000000000023       0x24 ../vga_bsp//newlib/nios2-elf/lib/libc.a(lib_a-fwalk.o)
 .comment       0x0000000000000023       0x24 ../vga_bsp//newlib/nios2-elf/lib/libc.a(lib_a-impure.o)
 .comment       0x0000000000000023       0x24 ../vga_bsp//newlib/nios2-elf/lib/libc.a(lib_a-mallocr.o)
 .comment       0x0000000000000023       0x24 ../vga_bsp//newlib/nios2-elf/lib/libc.a(lib_a-memchr.o)
 .comment       0x0000000000000023       0x24 ../vga_bsp//newlib/nios2-elf/lib/libc.a(lib_a-memcpy.o)
 .comment       0x0000000000000023       0x24 ../vga_bsp//newlib/nios2-elf/lib/libc.a(lib_a-memmove.o)
 .comment       0x0000000000000023       0x24 ../vga_bsp//newlib/nios2-elf/lib/libc.a(lib_a-memset.o)
 .comment       0x0000000000000023       0x24 ../vga_bsp//newlib/nios2-elf/lib/libc.a(lib_a-reallocr.o)
 .comment       0x0000000000000023       0x24 ../vga_bsp//newlib/nios2-elf/lib/libc.a(lib_a-sbrkr.o)
 .comment       0x0000000000000023       0x24 ../vga_bsp//newlib/nios2-elf/lib/libc.a(lib_a-stdio.o)
 .comment       0x0000000000000023       0x24 ../vga_bsp//newlib/nios2-elf/lib/libc.a(lib_a-writer.o)
 .comment       0x0000000000000023       0x24 ../vga_bsp//newlib/nios2-elf/lib/libc.a(lib_a-wsetup.o)
 .comment       0x0000000000000023       0x24 ../vga_bsp//newlib/nios2-elf/lib/libc.a(closer.o)
 .comment       0x0000000000000023       0x24 ../vga_bsp//newlib/nios2-elf/lib/libc.a(lib_a-fclose.o)
 .comment       0x0000000000000023       0x24 ../vga_bsp//newlib/nios2-elf/lib/libc.a(lib_a-fflush.o)
 .comment       0x0000000000000023       0x24 ../vga_bsp//newlib/nios2-elf/lib/libc.a(lib_a-freer.o)
 .comment       0x0000000000000023       0x24 ../vga_bsp//newlib/nios2-elf/lib/libc.a(lib_a-int_errno.o)
 .comment       0x0000000000000023       0x24 ../vga_bsp//newlib/nios2-elf/lib/libc.a(lib_a-lseekr.o)
 .comment       0x0000000000000023       0x24 ../vga_bsp//newlib/nios2-elf/lib/libc.a(lib_a-makebuf.o)
 .comment       0x0000000000000023       0x24 ../vga_bsp//newlib/nios2-elf/lib/libc.a(lib_a-readr.o)
 .comment       0x0000000000000023       0x24 ../vga_bsp//newlib/nios2-elf/lib/libc.a(lib_a-fstatr.o)
 .comment       0x0000000000000023       0x24 ../vga_bsp//newlib/nios2-elf/lib/libc.a(lib_a-isattyr.o)
 .comment       0x0000000000000023       0x24 /usr/local/3rdparty/altera/18.1/nios2eds/bin/gnu/H-x86_64-pc-linux-gnu/bin/../lib/gcc/nios2-elf/5.3.0/libgcc.a(lib2-divmod.o)
 .comment       0x0000000000000023       0x24 ../vga_bsp//libhal_bsp.a(alt_close.o)
 .comment       0x0000000000000023       0x24 ../vga_bsp//libhal_bsp.a(alt_dev.o)
 .comment       0x0000000000000023       0x24 ../vga_bsp//libhal_bsp.a(alt_errno.o)
 .comment       0x0000000000000023       0x24 ../vga_bsp//libhal_bsp.a(alt_fstat.o)
 .comment       0x0000000000000023       0x24 ../vga_bsp//libhal_bsp.a(alt_isatty.o)
 .comment       0x0000000000000023       0x24 ../vga_bsp//libhal_bsp.a(alt_load.o)
 .comment       0x0000000000000023       0x24 ../vga_bsp//libhal_bsp.a(alt_lseek.o)
 .comment       0x0000000000000023       0x24 ../vga_bsp//libhal_bsp.a(alt_main.o)
 .comment       0x0000000000000023       0x24 ../vga_bsp//libhal_bsp.a(alt_malloc_lock.o)
 .comment       0x0000000000000023       0x24 ../vga_bsp//libhal_bsp.a(alt_read.o)
 .comment       0x0000000000000023       0x24 ../vga_bsp//libhal_bsp.a(alt_release_fd.o)
 .comment       0x0000000000000023       0x24 ../vga_bsp//libhal_bsp.a(alt_sbrk.o)
 .comment       0x0000000000000023       0x24 ../vga_bsp//libhal_bsp.a(alt_tick.o)
 .comment       0x0000000000000023       0x24 ../vga_bsp//libhal_bsp.a(alt_write.o)
 .comment       0x0000000000000023       0x24 ../vga_bsp//libhal_bsp.a(alt_sys_init.o)
 .comment       0x0000000000000023       0x24 ../vga_bsp//libhal_bsp.a(altera_avalon_jtag_uart_fd.o)
 .comment       0x0000000000000023       0x24 ../vga_bsp//libhal_bsp.a(altera_avalon_jtag_uart_init.o)
 .comment       0x0000000000000023       0x24 ../vga_bsp//libhal_bsp.a(altera_avalon_jtag_uart_ioctl.o)
 .comment       0x0000000000000023       0x24 ../vga_bsp//libhal_bsp.a(altera_avalon_jtag_uart_read.o)
 .comment       0x0000000000000023       0x24 ../vga_bsp//libhal_bsp.a(altera_avalon_jtag_uart_write.o)
 .comment       0x0000000000000023       0x24 ../vga_bsp//libhal_bsp.a(altera_up_avalon_video_character_buffer_with_dma.o)
 .comment       0x0000000000000023       0x24 ../vga_bsp//libhal_bsp.a(altera_up_avalon_video_pixel_buffer_dma.o)
 .comment       0x0000000000000023       0x24 ../vga_bsp//libhal_bsp.a(alt_alarm_start.o)
 .comment       0x0000000000000023       0x24 ../vga_bsp//libhal_bsp.a(alt_dcache_flush_all.o)
 .comment       0x0000000000000023       0x24 ../vga_bsp//libhal_bsp.a(alt_dev_llist_insert.o)
 .comment       0x0000000000000023       0x24 ../vga_bsp//libhal_bsp.a(alt_do_ctors.o)
 .comment       0x0000000000000023       0x24 ../vga_bsp//libhal_bsp.a(alt_do_dtors.o)
 .comment       0x0000000000000023       0x24 ../vga_bsp//libhal_bsp.a(alt_find_dev.o)
 .comment       0x0000000000000023       0x24 ../vga_bsp//libhal_bsp.a(alt_icache_flush_all.o)
 .comment       0x0000000000000023       0x24 ../vga_bsp//libhal_bsp.a(alt_iic.o)
 .comment       0x0000000000000023       0x24 ../vga_bsp//libhal_bsp.a(alt_iic_isr_register.o)
 .comment       0x0000000000000023       0x24 ../vga_bsp//libhal_bsp.a(alt_irq_handler.o)
 .comment       0x0000000000000023       0x24 ../vga_bsp//libhal_bsp.a(alt_irq_vars.o)
 .comment       0x0000000000000023       0x24 ../vga_bsp//libhal_bsp.a(altera_nios2_gen2_irq.o)
 .comment       0x0000000000000023       0x24 ../vga_bsp//libhal_bsp.a(alt_icache_flush.o)
 .comment       0x0000000000000023       0x24 ../vga_bsp//libhal_bsp.a(alt_instruction_exception_entry.o)
 .comment       0x0000000000000023       0x24 ../vga_bsp//newlib/nios2-elf/lib/libc.a(lib_a-atexit.o)
 .comment       0x0000000000000023       0x24 ../vga_bsp//newlib/nios2-elf/lib/libc.a(lib_a-exit.o)
 .comment       0x0000000000000023       0x24 ../vga_bsp//newlib/nios2-elf/lib/libc.a(lib_a-memcmp.o)
 .comment       0x0000000000000023       0x24 ../vga_bsp//newlib/nios2-elf/lib/libc.a(lib_a-strcmp.o)
 .comment       0x0000000000000023       0x24 ../vga_bsp//newlib/nios2-elf/lib/libc.a(lib_a-__atexit.o)
 .comment       0x0000000000000023       0x24 ../vga_bsp//newlib/nios2-elf/lib/libc.a(lib_a-__call_atexit.o)
 .comment       0x0000000000000023       0x24 ../vga_bsp//libhal_bsp.a(alt_exit.o)

.debug
 *(.debug)

.line
 *(.line)

.debug_srcinfo
 *(.debug_srcinfo)

.debug_sfnames
 *(.debug_sfnames)

.debug_aranges  0x0000000000000000      0xa30
 *(.debug_aranges)
 .debug_aranges
                0x0000000000000000       0x28 ../vga_bsp//obj/HAL/src/crt0.o
 .debug_aranges
                0x0000000000000028       0x20 obj/default/hello_world.o
 .debug_aranges
                0x0000000000000048       0x18 obj/default/myfile.o
 .debug_aranges
                0x0000000000000060       0x28 ../vga_bsp//newlib/nios2-elf/lib/libc.a(lib_a-puts.o)
 .debug_aranges
                0x0000000000000088       0x20 ../vga_bsp//newlib/nios2-elf/lib/libc.a(lib_a-strlen.o)
 .debug_aranges
                0x00000000000000a8       0x88 ../vga_bsp//newlib/nios2-elf/lib/libc.a(lib_a-findfp.o)
 .debug_aranges
                0x0000000000000130       0x20 ../vga_bsp//newlib/nios2-elf/lib/libc.a(lib_a-fvwrite.o)
 .debug_aranges
                0x0000000000000150       0x28 ../vga_bsp//newlib/nios2-elf/lib/libc.a(lib_a-fwalk.o)
 .debug_aranges
                0x0000000000000178       0x18 ../vga_bsp//newlib/nios2-elf/lib/libc.a(lib_a-impure.o)
 .debug_aranges
                0x0000000000000190       0x28 ../vga_bsp//newlib/nios2-elf/lib/libc.a(lib_a-mallocr.o)
 .debug_aranges
                0x00000000000001b8       0x20 ../vga_bsp//newlib/nios2-elf/lib/libc.a(lib_a-memchr.o)
 .debug_aranges
                0x00000000000001d8       0x20 ../vga_bsp//newlib/nios2-elf/lib/libc.a(lib_a-memcpy.o)
 .debug_aranges
                0x00000000000001f8       0x20 ../vga_bsp//newlib/nios2-elf/lib/libc.a(lib_a-memmove.o)
 .debug_aranges
                0x0000000000000218       0x20 ../vga_bsp//newlib/nios2-elf/lib/libc.a(lib_a-memset.o)
 .debug_aranges
                0x0000000000000238       0x20 ../vga_bsp//newlib/nios2-elf/lib/libc.a(lib_a-reallocr.o)
 .debug_aranges
                0x0000000000000258       0x20 ../vga_bsp//newlib/nios2-elf/lib/libc.a(lib_a-sbrkr.o)
 .debug_aranges
                0x0000000000000278       0x40 ../vga_bsp//newlib/nios2-elf/lib/libc.a(lib_a-stdio.o)
 .debug_aranges
                0x00000000000002b8       0x20 ../vga_bsp//newlib/nios2-elf/lib/libc.a(lib_a-writer.o)
 .debug_aranges
                0x00000000000002d8       0x20 ../vga_bsp//newlib/nios2-elf/lib/libc.a(lib_a-wsetup.o)
 .debug_aranges
                0x00000000000002f8       0x20 ../vga_bsp//newlib/nios2-elf/lib/libc.a(closer.o)
 .debug_aranges
                0x0000000000000318       0x28 ../vga_bsp//newlib/nios2-elf/lib/libc.a(lib_a-fclose.o)
 .debug_aranges
                0x0000000000000340       0x30 ../vga_bsp//newlib/nios2-elf/lib/libc.a(lib_a-fflush.o)
 .debug_aranges
                0x0000000000000370       0x28 ../vga_bsp//newlib/nios2-elf/lib/libc.a(lib_a-freer.o)
 .debug_aranges
                0x0000000000000398       0x18 ../vga_bsp//newlib/nios2-elf/lib/libc.a(lib_a-int_errno.o)
 .debug_aranges
                0x00000000000003b0       0x20 ../vga_bsp//newlib/nios2-elf/lib/libc.a(lib_a-lseekr.o)
 .debug_aranges
                0x00000000000003d0       0x20 ../vga_bsp//newlib/nios2-elf/lib/libc.a(lib_a-makebuf.o)
 .debug_aranges
                0x00000000000003f0       0x20 ../vga_bsp//newlib/nios2-elf/lib/libc.a(lib_a-readr.o)
 .debug_aranges
                0x0000000000000410       0x20 ../vga_bsp//newlib/nios2-elf/lib/libc.a(lib_a-fstatr.o)
 .debug_aranges
                0x0000000000000430       0x20 ../vga_bsp//newlib/nios2-elf/lib/libc.a(lib_a-isattyr.o)
 .debug_aranges
                0x0000000000000450       0x20 /usr/local/3rdparty/altera/18.1/nios2eds/bin/gnu/H-x86_64-pc-linux-gnu/bin/../lib/gcc/nios2-elf/5.3.0/libgcc.a(lib2-divmod.o)
 .debug_aranges
                0x0000000000000470       0x20 ../vga_bsp//libhal_bsp.a(alt_close.o)
 .debug_aranges
                0x0000000000000490       0x20 ../vga_bsp//libhal_bsp.a(alt_dev.o)
 .debug_aranges
                0x00000000000004b0       0x18 ../vga_bsp//libhal_bsp.a(alt_errno.o)
 .debug_aranges
                0x00000000000004c8       0x20 ../vga_bsp//libhal_bsp.a(alt_fstat.o)
 .debug_aranges
                0x00000000000004e8       0x20 ../vga_bsp//libhal_bsp.a(alt_isatty.o)
 .debug_aranges
                0x0000000000000508       0x20 ../vga_bsp//libhal_bsp.a(alt_load.o)
 .debug_aranges
                0x0000000000000528       0x20 ../vga_bsp//libhal_bsp.a(alt_lseek.o)
 .debug_aranges
                0x0000000000000548       0x20 ../vga_bsp//libhal_bsp.a(alt_main.o)
 .debug_aranges
                0x0000000000000568       0x20 ../vga_bsp//libhal_bsp.a(alt_malloc_lock.o)
 .debug_aranges
                0x0000000000000588       0x20 ../vga_bsp//libhal_bsp.a(alt_read.o)
 .debug_aranges
                0x00000000000005a8       0x20 ../vga_bsp//libhal_bsp.a(alt_release_fd.o)
 .debug_aranges
                0x00000000000005c8       0x20 ../vga_bsp//libhal_bsp.a(alt_sbrk.o)
 .debug_aranges
                0x00000000000005e8       0x20 ../vga_bsp//libhal_bsp.a(alt_tick.o)
 .debug_aranges
                0x0000000000000608       0x20 ../vga_bsp//libhal_bsp.a(alt_write.o)
 .debug_aranges
                0x0000000000000628       0x20 ../vga_bsp//libhal_bsp.a(alt_sys_init.o)
 .debug_aranges
                0x0000000000000648       0x20 ../vga_bsp//libhal_bsp.a(altera_avalon_jtag_uart_fd.o)
 .debug_aranges
                0x0000000000000668       0x20 ../vga_bsp//libhal_bsp.a(altera_avalon_jtag_uart_init.o)
 .debug_aranges
                0x0000000000000688       0x20 ../vga_bsp//libhal_bsp.a(altera_avalon_jtag_uart_ioctl.o)
 .debug_aranges
                0x00000000000006a8       0x20 ../vga_bsp//libhal_bsp.a(altera_avalon_jtag_uart_read.o)
 .debug_aranges
                0x00000000000006c8       0x20 ../vga_bsp//libhal_bsp.a(altera_avalon_jtag_uart_write.o)
 .debug_aranges
                0x00000000000006e8       0x20 ../vga_bsp//libhal_bsp.a(altera_up_avalon_video_character_buffer_with_dma.o)
 .debug_aranges
                0x0000000000000708       0x20 ../vga_bsp//libhal_bsp.a(altera_up_avalon_video_pixel_buffer_dma.o)
 .debug_aranges
                0x0000000000000728       0x20 ../vga_bsp//libhal_bsp.a(alt_alarm_start.o)
 .debug_aranges
                0x0000000000000748       0x20 ../vga_bsp//libhal_bsp.a(alt_dcache_flush_all.o)
 .debug_aranges
                0x0000000000000768       0x20 ../vga_bsp//libhal_bsp.a(alt_dev_llist_insert.o)
 .debug_aranges
                0x0000000000000788       0x20 ../vga_bsp//libhal_bsp.a(alt_do_ctors.o)
 .debug_aranges
                0x00000000000007a8       0x20 ../vga_bsp//libhal_bsp.a(alt_do_dtors.o)
 .debug_aranges
                0x00000000000007c8       0x20 ../vga_bsp//libhal_bsp.a(alt_find_dev.o)
 .debug_aranges
                0x00000000000007e8       0x20 ../vga_bsp//libhal_bsp.a(alt_icache_flush_all.o)
 .debug_aranges
                0x0000000000000808       0x20 ../vga_bsp//libhal_bsp.a(alt_iic.o)
 .debug_aranges
                0x0000000000000828       0x20 ../vga_bsp//libhal_bsp.a(alt_iic_isr_register.o)
 .debug_aranges
                0x0000000000000848       0x30 ../vga_bsp//libhal_bsp.a(alt_irq_entry.o)
 .debug_aranges
                0x0000000000000878       0x20 ../vga_bsp//libhal_bsp.a(alt_irq_handler.o)
 .debug_aranges
                0x0000000000000898       0x18 ../vga_bsp//libhal_bsp.a(alt_irq_vars.o)
 .debug_aranges
                0x00000000000008b0       0x20 ../vga_bsp//libhal_bsp.a(altera_nios2_gen2_irq.o)
 .debug_aranges
                0x00000000000008d0       0x38 ../vga_bsp//libhal_bsp.a(alt_exception_entry.o)
 .debug_aranges
                0x0000000000000908       0x20 ../vga_bsp//libhal_bsp.a(alt_icache_flush.o)
 .debug_aranges
                0x0000000000000928       0x28 ../vga_bsp//libhal_bsp.a(alt_instruction_exception_entry.o)
 .debug_aranges
                0x0000000000000950       0x20 ../vga_bsp//newlib/nios2-elf/lib/libc.a(lib_a-atexit.o)
 .debug_aranges
                0x0000000000000970       0x20 ../vga_bsp//newlib/nios2-elf/lib/libc.a(lib_a-exit.o)
 .debug_aranges
                0x0000000000000990       0x20 ../vga_bsp//newlib/nios2-elf/lib/libc.a(lib_a-memcmp.o)
 .debug_aranges
                0x00000000000009b0       0x20 ../vga_bsp//newlib/nios2-elf/lib/libc.a(lib_a-strcmp.o)
 .debug_aranges
                0x00000000000009d0       0x20 ../vga_bsp//newlib/nios2-elf/lib/libc.a(lib_a-__atexit.o)
 .debug_aranges
                0x00000000000009f0       0x20 ../vga_bsp//newlib/nios2-elf/lib/libc.a(lib_a-__call_atexit.o)
 .debug_aranges
                0x0000000000000a10       0x20 ../vga_bsp//libhal_bsp.a(alt_exit.o)

.debug_pubnames
 *(.debug_pubnames)

.debug_info     0x0000000000000000    0x15da2
 *(.debug_info .gnu.linkonce.wi.*)
 .debug_info    0x0000000000000000       0x60 ../vga_bsp//obj/HAL/src/crt0.o
 .debug_info    0x0000000000000060      0x53b obj/default/hello_world.o
 .debug_info    0x000000000000059b       0x91 obj/default/myfile.o
 .debug_info    0x000000000000062c      0x9c1 ../vga_bsp//newlib/nios2-elf/lib/libc.a(lib_a-puts.o)
 .debug_info    0x0000000000000fed       0xdd ../vga_bsp//newlib/nios2-elf/lib/libc.a(lib_a-strlen.o)
 .debug_info    0x00000000000010ca      0xbae ../vga_bsp//newlib/nios2-elf/lib/libc.a(lib_a-findfp.o)
 .debug_info    0x0000000000001c78      0x9da ../vga_bsp//newlib/nios2-elf/lib/libc.a(lib_a-fvwrite.o)
 .debug_info    0x0000000000002652      0x978 ../vga_bsp//newlib/nios2-elf/lib/libc.a(lib_a-fwalk.o)
 .debug_info    0x0000000000002fca      0x89d ../vga_bsp//newlib/nios2-elf/lib/libc.a(lib_a-impure.o)
 .debug_info    0x0000000000003867      0xbcb ../vga_bsp//newlib/nios2-elf/lib/libc.a(lib_a-mallocr.o)
 .debug_info    0x0000000000004432      0x126 ../vga_bsp//newlib/nios2-elf/lib/libc.a(lib_a-memchr.o)
 .debug_info    0x0000000000004558      0x139 ../vga_bsp//newlib/nios2-elf/lib/libc.a(lib_a-memcpy.o)
 .debug_info    0x0000000000004691      0x12f ../vga_bsp//newlib/nios2-elf/lib/libc.a(lib_a-memmove.o)
 .debug_info    0x00000000000047c0      0x114 ../vga_bsp//newlib/nios2-elf/lib/libc.a(lib_a-memset.o)
 .debug_info    0x00000000000048d4      0xb38 ../vga_bsp//newlib/nios2-elf/lib/libc.a(lib_a-reallocr.o)
 .debug_info    0x000000000000540c      0x8db ../vga_bsp//newlib/nios2-elf/lib/libc.a(lib_a-sbrkr.o)
 .debug_info    0x0000000000005ce7      0xa64 ../vga_bsp//newlib/nios2-elf/lib/libc.a(lib_a-stdio.o)
 .debug_info    0x000000000000674b      0x8f7 ../vga_bsp//newlib/nios2-elf/lib/libc.a(lib_a-writer.o)
 .debug_info    0x0000000000007042      0x8d9 ../vga_bsp//newlib/nios2-elf/lib/libc.a(lib_a-wsetup.o)
 .debug_info    0x000000000000791b      0x8be ../vga_bsp//newlib/nios2-elf/lib/libc.a(closer.o)
 .debug_info    0x00000000000081d9      0x90c ../vga_bsp//newlib/nios2-elf/lib/libc.a(lib_a-fclose.o)
 .debug_info    0x0000000000008ae5      0x9c0 ../vga_bsp//newlib/nios2-elf/lib/libc.a(lib_a-fflush.o)
 .debug_info    0x00000000000094a5      0xb01 ../vga_bsp//newlib/nios2-elf/lib/libc.a(lib_a-freer.o)
 .debug_info    0x0000000000009fa6       0x86 ../vga_bsp//newlib/nios2-elf/lib/libc.a(lib_a-int_errno.o)
 .debug_info    0x000000000000a02c      0x8da ../vga_bsp//newlib/nios2-elf/lib/libc.a(lib_a-lseekr.o)
 .debug_info    0x000000000000a906      0xa51 ../vga_bsp//newlib/nios2-elf/lib/libc.a(lib_a-makebuf.o)
 .debug_info    0x000000000000b357      0x8f0 ../vga_bsp//newlib/nios2-elf/lib/libc.a(lib_a-readr.o)
 .debug_info    0x000000000000bc47      0xa34 ../vga_bsp//newlib/nios2-elf/lib/libc.a(lib_a-fstatr.o)
 .debug_info    0x000000000000c67b      0x8be ../vga_bsp//newlib/nios2-elf/lib/libc.a(lib_a-isattyr.o)
 .debug_info    0x000000000000cf39      0x2c6 /usr/local/3rdparty/altera/18.1/nios2eds/bin/gnu/H-x86_64-pc-linux-gnu/bin/../lib/gcc/nios2-elf/5.3.0/libgcc.a(lib2-divmod.o)
 .debug_info    0x000000000000d1ff      0x321 ../vga_bsp//libhal_bsp.a(alt_close.o)
 .debug_info    0x000000000000d520      0x49c ../vga_bsp//libhal_bsp.a(alt_dev.o)
 .debug_info    0x000000000000d9bc       0xa6 ../vga_bsp//libhal_bsp.a(alt_errno.o)
 .debug_info    0x000000000000da62      0x488 ../vga_bsp//libhal_bsp.a(alt_fstat.o)
 .debug_info    0x000000000000deea      0x48b ../vga_bsp//libhal_bsp.a(alt_isatty.o)
 .debug_info    0x000000000000e375      0x145 ../vga_bsp//libhal_bsp.a(alt_load.o)
 .debug_info    0x000000000000e4ba      0x352 ../vga_bsp//libhal_bsp.a(alt_lseek.o)
 .debug_info    0x000000000000e80c      0x131 ../vga_bsp//libhal_bsp.a(alt_main.o)
 .debug_info    0x000000000000e93d      0x8b6 ../vga_bsp//libhal_bsp.a(alt_malloc_lock.o)
 .debug_info    0x000000000000f1f3      0x4b0 ../vga_bsp//libhal_bsp.a(alt_read.o)
 .debug_info    0x000000000000f6a3      0x2b0 ../vga_bsp//libhal_bsp.a(alt_release_fd.o)
 .debug_info    0x000000000000f953      0x1ac ../vga_bsp//libhal_bsp.a(alt_sbrk.o)
 .debug_info    0x000000000000faff      0x299 ../vga_bsp//libhal_bsp.a(alt_tick.o)
 .debug_info    0x000000000000fd98      0x4b7 ../vga_bsp//libhal_bsp.a(alt_write.o)
 .debug_info    0x000000000001024f      0x6db ../vga_bsp//libhal_bsp.a(alt_sys_init.o)
 .debug_info    0x000000000001092a      0x52e ../vga_bsp//libhal_bsp.a(altera_avalon_jtag_uart_fd.o)
 .debug_info    0x0000000000010e58      0x3a0 ../vga_bsp//libhal_bsp.a(altera_avalon_jtag_uart_init.o)
 .debug_info    0x00000000000111f8      0x280 ../vga_bsp//libhal_bsp.a(altera_avalon_jtag_uart_ioctl.o)
 .debug_info    0x0000000000011478      0x345 ../vga_bsp//libhal_bsp.a(altera_avalon_jtag_uart_read.o)
 .debug_info    0x00000000000117bd      0x340 ../vga_bsp//libhal_bsp.a(altera_avalon_jtag_uart_write.o)
 .debug_info    0x0000000000011afd      0x468 ../vga_bsp//libhal_bsp.a(altera_up_avalon_video_character_buffer_with_dma.o)
 .debug_info    0x0000000000011f65      0xaa3 ../vga_bsp//libhal_bsp.a(altera_up_avalon_video_pixel_buffer_dma.o)
 .debug_info    0x0000000000012a08      0x2cc ../vga_bsp//libhal_bsp.a(alt_alarm_start.o)
 .debug_info    0x0000000000012cd4       0xa5 ../vga_bsp//libhal_bsp.a(alt_dcache_flush_all.o)
 .debug_info    0x0000000000012d79      0x1a9 ../vga_bsp//libhal_bsp.a(alt_dev_llist_insert.o)
 .debug_info    0x0000000000012f22       0x83 ../vga_bsp//libhal_bsp.a(alt_do_ctors.o)
 .debug_info    0x0000000000012fa5       0x83 ../vga_bsp//libhal_bsp.a(alt_do_dtors.o)
 .debug_info    0x0000000000013028      0x2e9 ../vga_bsp//libhal_bsp.a(alt_find_dev.o)
 .debug_info    0x0000000000013311       0x92 ../vga_bsp//libhal_bsp.a(alt_icache_flush_all.o)
 .debug_info    0x00000000000133a3      0x350 ../vga_bsp//libhal_bsp.a(alt_iic.o)
 .debug_info    0x00000000000136f3      0x1ef ../vga_bsp//libhal_bsp.a(alt_iic_isr_register.o)
 .debug_info    0x00000000000138e2       0x69 ../vga_bsp//libhal_bsp.a(alt_irq_entry.o)
 .debug_info    0x000000000001394b      0x187 ../vga_bsp//libhal_bsp.a(alt_irq_handler.o)
 .debug_info    0x0000000000013ad2       0x88 ../vga_bsp//libhal_bsp.a(alt_irq_vars.o)
 .debug_info    0x0000000000013b5a       0x92 ../vga_bsp//libhal_bsp.a(altera_nios2_gen2_irq.o)
 .debug_info    0x0000000000013bec       0x6f ../vga_bsp//libhal_bsp.a(alt_exception_entry.o)
 .debug_info    0x0000000000013c5b       0xdc ../vga_bsp//libhal_bsp.a(alt_icache_flush.o)
 .debug_info    0x0000000000013d37      0x1e7 ../vga_bsp//libhal_bsp.a(alt_instruction_exception_entry.o)
 .debug_info    0x0000000000013f1e       0xca ../vga_bsp//newlib/nios2-elf/lib/libc.a(lib_a-atexit.o)
 .debug_info    0x0000000000013fe8      0x8a0 ../vga_bsp//newlib/nios2-elf/lib/libc.a(lib_a-exit.o)
 .debug_info    0x0000000000014888      0x10f ../vga_bsp//newlib/nios2-elf/lib/libc.a(lib_a-memcmp.o)
 .debug_info    0x0000000000014997       0xdc ../vga_bsp//newlib/nios2-elf/lib/libc.a(lib_a-strcmp.o)
 .debug_info    0x0000000000014a73      0x90d ../vga_bsp//newlib/nios2-elf/lib/libc.a(lib_a-__atexit.o)
 .debug_info    0x0000000000015380      0x936 ../vga_bsp//newlib/nios2-elf/lib/libc.a(lib_a-__call_atexit.o)
 .debug_info    0x0000000000015cb6       0xec ../vga_bsp//libhal_bsp.a(alt_exit.o)

.debug_abbrev   0x0000000000000000     0x5828
 *(.debug_abbrev)
 .debug_abbrev  0x0000000000000000       0x12 ../vga_bsp//obj/HAL/src/crt0.o
 .debug_abbrev  0x0000000000000012      0x155 obj/default/hello_world.o
 .debug_abbrev  0x0000000000000167       0x52 obj/default/myfile.o
 .debug_abbrev  0x00000000000001b9      0x1f5 ../vga_bsp//newlib/nios2-elf/lib/libc.a(lib_a-puts.o)
 .debug_abbrev  0x00000000000003ae       0x7f ../vga_bsp//newlib/nios2-elf/lib/libc.a(lib_a-strlen.o)
 .debug_abbrev  0x000000000000042d      0x2ba ../vga_bsp//newlib/nios2-elf/lib/libc.a(lib_a-findfp.o)
 .debug_abbrev  0x00000000000006e7      0x1d5 ../vga_bsp//newlib/nios2-elf/lib/libc.a(lib_a-fvwrite.o)
 .debug_abbrev  0x00000000000008bc      0x1ba ../vga_bsp//newlib/nios2-elf/lib/libc.a(lib_a-fwalk.o)
 .debug_abbrev  0x0000000000000a76      0x18d ../vga_bsp//newlib/nios2-elf/lib/libc.a(lib_a-impure.o)
 .debug_abbrev  0x0000000000000c03      0x1fb ../vga_bsp//newlib/nios2-elf/lib/libc.a(lib_a-mallocr.o)
 .debug_abbrev  0x0000000000000dfe       0xa9 ../vga_bsp//newlib/nios2-elf/lib/libc.a(lib_a-memchr.o)
 .debug_abbrev  0x0000000000000ea7       0xa1 ../vga_bsp//newlib/nios2-elf/lib/libc.a(lib_a-memcpy.o)
 .debug_abbrev  0x0000000000000f48       0x9a ../vga_bsp//newlib/nios2-elf/lib/libc.a(lib_a-memmove.o)
 .debug_abbrev  0x0000000000000fe2       0x8e ../vga_bsp//newlib/nios2-elf/lib/libc.a(lib_a-memset.o)
 .debug_abbrev  0x0000000000001070      0x1fe ../vga_bsp//newlib/nios2-elf/lib/libc.a(lib_a-reallocr.o)
 .debug_abbrev  0x000000000000126e      0x1de ../vga_bsp//newlib/nios2-elf/lib/libc.a(lib_a-sbrkr.o)
 .debug_abbrev  0x000000000000144c      0x1f0 ../vga_bsp//newlib/nios2-elf/lib/libc.a(lib_a-stdio.o)
 .debug_abbrev  0x000000000000163c      0x1c1 ../vga_bsp//newlib/nios2-elf/lib/libc.a(lib_a-writer.o)
 .debug_abbrev  0x00000000000017fd      0x1c5 ../vga_bsp//newlib/nios2-elf/lib/libc.a(lib_a-wsetup.o)
 .debug_abbrev  0x00000000000019c2      0x1bc ../vga_bsp//newlib/nios2-elf/lib/libc.a(closer.o)
 .debug_abbrev  0x0000000000001b7e      0x1ff ../vga_bsp//newlib/nios2-elf/lib/libc.a(lib_a-fclose.o)
 .debug_abbrev  0x0000000000001d7d      0x21d ../vga_bsp//newlib/nios2-elf/lib/libc.a(lib_a-fflush.o)
 .debug_abbrev  0x0000000000001f9a      0x1fd ../vga_bsp//newlib/nios2-elf/lib/libc.a(lib_a-freer.o)
 .debug_abbrev  0x0000000000002197       0x35 ../vga_bsp//newlib/nios2-elf/lib/libc.a(lib_a-int_errno.o)
 .debug_abbrev  0x00000000000021cc      0x1cb ../vga_bsp//newlib/nios2-elf/lib/libc.a(lib_a-lseekr.o)
 .debug_abbrev  0x0000000000002397      0x1b8 ../vga_bsp//newlib/nios2-elf/lib/libc.a(lib_a-makebuf.o)
 .debug_abbrev  0x000000000000254f      0x1bc ../vga_bsp//newlib/nios2-elf/lib/libc.a(lib_a-readr.o)
 .debug_abbrev  0x000000000000270b      0x1cb ../vga_bsp//newlib/nios2-elf/lib/libc.a(lib_a-fstatr.o)
 .debug_abbrev  0x00000000000028d6      0x1bc ../vga_bsp//newlib/nios2-elf/lib/libc.a(lib_a-isattyr.o)
 .debug_abbrev  0x0000000000002a92      0x10e /usr/local/3rdparty/altera/18.1/nios2eds/bin/gnu/H-x86_64-pc-linux-gnu/bin/../lib/gcc/nios2-elf/5.3.0/libgcc.a(lib2-divmod.o)
 .debug_abbrev  0x0000000000002ba0      0x11f ../vga_bsp//libhal_bsp.a(alt_close.o)
 .debug_abbrev  0x0000000000002cbf       0xd9 ../vga_bsp//libhal_bsp.a(alt_dev.o)
 .debug_abbrev  0x0000000000002d98       0x5a ../vga_bsp//libhal_bsp.a(alt_errno.o)
 .debug_abbrev  0x0000000000002df2      0x11f ../vga_bsp//libhal_bsp.a(alt_fstat.o)
 .debug_abbrev  0x0000000000002f11      0x11f ../vga_bsp//libhal_bsp.a(alt_isatty.o)
 .debug_abbrev  0x0000000000003030       0x9f ../vga_bsp//libhal_bsp.a(alt_load.o)
 .debug_abbrev  0x00000000000030cf      0x11f ../vga_bsp//libhal_bsp.a(alt_lseek.o)
 .debug_abbrev  0x00000000000031ee       0xba ../vga_bsp//libhal_bsp.a(alt_main.o)
 .debug_abbrev  0x00000000000032a8      0x1b4 ../vga_bsp//libhal_bsp.a(alt_malloc_lock.o)
 .debug_abbrev  0x000000000000345c      0x12e ../vga_bsp//libhal_bsp.a(alt_read.o)
 .debug_abbrev  0x000000000000358a       0xde ../vga_bsp//libhal_bsp.a(alt_release_fd.o)
 .debug_abbrev  0x0000000000003668      0x112 ../vga_bsp//libhal_bsp.a(alt_sbrk.o)
 .debug_abbrev  0x000000000000377a      0x15a ../vga_bsp//libhal_bsp.a(alt_tick.o)
 .debug_abbrev  0x00000000000038d4      0x133 ../vga_bsp//libhal_bsp.a(alt_write.o)
 .debug_abbrev  0x0000000000003a07      0x178 ../vga_bsp//libhal_bsp.a(alt_sys_init.o)
 .debug_abbrev  0x0000000000003b7f      0x127 ../vga_bsp//libhal_bsp.a(altera_avalon_jtag_uart_fd.o)
 .debug_abbrev  0x0000000000003ca6      0x19e ../vga_bsp//libhal_bsp.a(altera_avalon_jtag_uart_init.o)
 .debug_abbrev  0x0000000000003e44      0x111 ../vga_bsp//libhal_bsp.a(altera_avalon_jtag_uart_ioctl.o)
 .debug_abbrev  0x0000000000003f55      0x1aa ../vga_bsp//libhal_bsp.a(altera_avalon_jtag_uart_read.o)
 .debug_abbrev  0x00000000000040ff      0x1a8 ../vga_bsp//libhal_bsp.a(altera_avalon_jtag_uart_write.o)
 .debug_abbrev  0x00000000000042a7      0x135 ../vga_bsp//libhal_bsp.a(altera_up_avalon_video_character_buffer_with_dma.o)
 .debug_abbrev  0x00000000000043dc      0x1b9 ../vga_bsp//libhal_bsp.a(altera_up_avalon_video_pixel_buffer_dma.o)
 .debug_abbrev  0x0000000000004595      0x162 ../vga_bsp//libhal_bsp.a(alt_alarm_start.o)
 .debug_abbrev  0x00000000000046f7       0x5a ../vga_bsp//libhal_bsp.a(alt_dcache_flush_all.o)
 .debug_abbrev  0x0000000000004751      0x114 ../vga_bsp//libhal_bsp.a(alt_dev_llist_insert.o)
 .debug_abbrev  0x0000000000004865       0x79 ../vga_bsp//libhal_bsp.a(alt_do_ctors.o)
 .debug_abbrev  0x00000000000048de       0x79 ../vga_bsp//libhal_bsp.a(alt_do_dtors.o)
 .debug_abbrev  0x0000000000004957       0xf0 ../vga_bsp//libhal_bsp.a(alt_find_dev.o)
 .debug_abbrev  0x0000000000004a47       0x42 ../vga_bsp//libhal_bsp.a(alt_icache_flush_all.o)
 .debug_abbrev  0x0000000000004a89      0x163 ../vga_bsp//libhal_bsp.a(alt_iic.o)
 .debug_abbrev  0x0000000000004bec      0x169 ../vga_bsp//libhal_bsp.a(alt_iic_isr_register.o)
 .debug_abbrev  0x0000000000004d55       0x12 ../vga_bsp//libhal_bsp.a(alt_irq_entry.o)
 .debug_abbrev  0x0000000000004d67      0x122 ../vga_bsp//libhal_bsp.a(alt_irq_handler.o)
 .debug_abbrev  0x0000000000004e89       0x40 ../vga_bsp//libhal_bsp.a(alt_irq_vars.o)
 .debug_abbrev  0x0000000000004ec9       0x42 ../vga_bsp//libhal_bsp.a(altera_nios2_gen2_irq.o)
 .debug_abbrev  0x0000000000004f0b       0x12 ../vga_bsp//libhal_bsp.a(alt_exception_entry.o)
 .debug_abbrev  0x0000000000004f1d       0x8c ../vga_bsp//libhal_bsp.a(alt_icache_flush.o)
 .debug_abbrev  0x0000000000004fa9       0xdc ../vga_bsp//libhal_bsp.a(alt_instruction_exception_entry.o)
 .debug_abbrev  0x0000000000005085       0x7b ../vga_bsp//newlib/nios2-elf/lib/libc.a(lib_a-atexit.o)
 .debug_abbrev  0x0000000000005100      0x1ae ../vga_bsp//newlib/nios2-elf/lib/libc.a(lib_a-exit.o)
 .debug_abbrev  0x00000000000052ae       0x7d ../vga_bsp//newlib/nios2-elf/lib/libc.a(lib_a-memcmp.o)
 .debug_abbrev  0x000000000000532b       0x72 ../vga_bsp//newlib/nios2-elf/lib/libc.a(lib_a-strcmp.o)
 .debug_abbrev  0x000000000000539d      0x1f4 ../vga_bsp//newlib/nios2-elf/lib/libc.a(lib_a-__atexit.o)
 .debug_abbrev  0x0000000000005591      0x1ee ../vga_bsp//newlib/nios2-elf/lib/libc.a(lib_a-__call_atexit.o)
 .debug_abbrev  0x000000000000577f       0xa9 ../vga_bsp//libhal_bsp.a(alt_exit.o)

.debug_line     0x0000000000000000     0x6b41
 *(.debug_line)
 .debug_line    0x0000000000000000       0x72 ../vga_bsp//obj/HAL/src/crt0.o
 .debug_line    0x0000000000000072      0x18f obj/default/hello_world.o
 .debug_line    0x0000000000000201       0x4c obj/default/myfile.o
 .debug_line    0x000000000000024d      0x235 ../vga_bsp//newlib/nios2-elf/lib/libc.a(lib_a-puts.o)
 .debug_line    0x0000000000000482      0x174 ../vga_bsp//newlib/nios2-elf/lib/libc.a(lib_a-strlen.o)
 .debug_line    0x00000000000005f6      0x33d ../vga_bsp//newlib/nios2-elf/lib/libc.a(lib_a-findfp.o)
 .debug_line    0x0000000000000933      0x2d3 ../vga_bsp//newlib/nios2-elf/lib/libc.a(lib_a-fvwrite.o)
 .debug_line    0x0000000000000c06      0x248 ../vga_bsp//newlib/nios2-elf/lib/libc.a(lib_a-fwalk.o)
 .debug_line    0x0000000000000e4e      0x167 ../vga_bsp//newlib/nios2-elf/lib/libc.a(lib_a-impure.o)
 .debug_line    0x0000000000000fb5      0x39f ../vga_bsp//newlib/nios2-elf/lib/libc.a(lib_a-mallocr.o)
 .debug_line    0x0000000000001354      0x19a ../vga_bsp//newlib/nios2-elf/lib/libc.a(lib_a-memchr.o)
 .debug_line    0x00000000000014ee      0x18a ../vga_bsp//newlib/nios2-elf/lib/libc.a(lib_a-memcpy.o)
 .debug_line    0x0000000000001678      0x19e ../vga_bsp//newlib/nios2-elf/lib/libc.a(lib_a-memmove.o)
 .debug_line    0x0000000000001816      0x19b ../vga_bsp//newlib/nios2-elf/lib/libc.a(lib_a-memset.o)
 .debug_line    0x00000000000019b1      0x2ec ../vga_bsp//newlib/nios2-elf/lib/libc.a(lib_a-reallocr.o)
 .debug_line    0x0000000000001c9d      0x1e2 ../vga_bsp//newlib/nios2-elf/lib/libc.a(lib_a-sbrkr.o)
 .debug_line    0x0000000000001e7f      0x250 ../vga_bsp//newlib/nios2-elf/lib/libc.a(lib_a-stdio.o)
 .debug_line    0x00000000000020cf      0x1e3 ../vga_bsp//newlib/nios2-elf/lib/libc.a(lib_a-writer.o)
 .debug_line    0x00000000000022b2      0x226 ../vga_bsp//newlib/nios2-elf/lib/libc.a(lib_a-wsetup.o)
 .debug_line    0x00000000000024d8      0x1e3 ../vga_bsp//newlib/nios2-elf/lib/libc.a(closer.o)
 .debug_line    0x00000000000026bb      0x223 ../vga_bsp//newlib/nios2-elf/lib/libc.a(lib_a-fclose.o)
 .debug_line    0x00000000000028de      0x2ac ../vga_bsp//newlib/nios2-elf/lib/libc.a(lib_a-fflush.o)
 .debug_line    0x0000000000002b8a      0x26e ../vga_bsp//newlib/nios2-elf/lib/libc.a(lib_a-freer.o)
 .debug_line    0x0000000000002df8       0x7e ../vga_bsp//newlib/nios2-elf/lib/libc.a(lib_a-int_errno.o)
 .debug_line    0x0000000000002e76      0x1e3 ../vga_bsp//newlib/nios2-elf/lib/libc.a(lib_a-lseekr.o)
 .debug_line    0x0000000000003059      0x230 ../vga_bsp//newlib/nios2-elf/lib/libc.a(lib_a-makebuf.o)
 .debug_line    0x0000000000003289      0x1e2 ../vga_bsp//newlib/nios2-elf/lib/libc.a(lib_a-readr.o)
 .debug_line    0x000000000000346b      0x1f8 ../vga_bsp//newlib/nios2-elf/lib/libc.a(lib_a-fstatr.o)
 .debug_line    0x0000000000003663      0x1e4 ../vga_bsp//newlib/nios2-elf/lib/libc.a(lib_a-isattyr.o)
 .debug_line    0x0000000000003847      0x102 /usr/local/3rdparty/altera/18.1/nios2eds/bin/gnu/H-x86_64-pc-linux-gnu/bin/../lib/gcc/nios2-elf/5.3.0/libgcc.a(lib2-divmod.o)
 .debug_line    0x0000000000003949      0x173 ../vga_bsp//libhal_bsp.a(alt_close.o)
 .debug_line    0x0000000000003abc      0x106 ../vga_bsp//libhal_bsp.a(alt_dev.o)
 .debug_line    0x0000000000003bc2       0x51 ../vga_bsp//libhal_bsp.a(alt_errno.o)
 .debug_line    0x0000000000003c13      0x16c ../vga_bsp//libhal_bsp.a(alt_fstat.o)
 .debug_line    0x0000000000003d7f      0x170 ../vga_bsp//libhal_bsp.a(alt_isatty.o)
 .debug_line    0x0000000000003eef       0x8e ../vga_bsp//libhal_bsp.a(alt_load.o)
 .debug_line    0x0000000000003f7d      0x171 ../vga_bsp//libhal_bsp.a(alt_lseek.o)
 .debug_line    0x00000000000040ee       0xa0 ../vga_bsp//libhal_bsp.a(alt_main.o)
 .debug_line    0x000000000000418e      0x13e ../vga_bsp//libhal_bsp.a(alt_malloc_lock.o)
 .debug_line    0x00000000000042cc      0x1f8 ../vga_bsp//libhal_bsp.a(alt_read.o)
 .debug_line    0x00000000000044c4       0xae ../vga_bsp//libhal_bsp.a(alt_release_fd.o)
 .debug_line    0x0000000000004572      0x101 ../vga_bsp//libhal_bsp.a(alt_sbrk.o)
 .debug_line    0x0000000000004673       0xff ../vga_bsp//libhal_bsp.a(alt_tick.o)
 .debug_line    0x0000000000004772      0x1f7 ../vga_bsp//libhal_bsp.a(alt_write.o)
 .debug_line    0x0000000000004969      0x22b ../vga_bsp//libhal_bsp.a(alt_sys_init.o)
 .debug_line    0x0000000000004b94      0x12f ../vga_bsp//libhal_bsp.a(altera_avalon_jtag_uart_fd.o)
 .debug_line    0x0000000000004cc3      0x18b ../vga_bsp//libhal_bsp.a(altera_avalon_jtag_uart_init.o)
 .debug_line    0x0000000000004e4e      0x131 ../vga_bsp//libhal_bsp.a(altera_avalon_jtag_uart_ioctl.o)
 .debug_line    0x0000000000004f7f      0x171 ../vga_bsp//libhal_bsp.a(altera_avalon_jtag_uart_read.o)
 .debug_line    0x00000000000050f0      0x170 ../vga_bsp//libhal_bsp.a(altera_avalon_jtag_uart_write.o)
 .debug_line    0x0000000000005260      0x16c ../vga_bsp//libhal_bsp.a(altera_up_avalon_video_character_buffer_with_dma.o)
 .debug_line    0x00000000000053cc      0x4be ../vga_bsp//libhal_bsp.a(altera_up_avalon_video_pixel_buffer_dma.o)
 .debug_line    0x000000000000588a       0xf9 ../vga_bsp//libhal_bsp.a(alt_alarm_start.o)
 .debug_line    0x0000000000005983       0x61 ../vga_bsp//libhal_bsp.a(alt_dcache_flush_all.o)
 .debug_line    0x00000000000059e4       0xcf ../vga_bsp//libhal_bsp.a(alt_dev_llist_insert.o)
 .debug_line    0x0000000000005ab3       0x59 ../vga_bsp//libhal_bsp.a(alt_do_ctors.o)
 .debug_line    0x0000000000005b0c       0x59 ../vga_bsp//libhal_bsp.a(alt_do_dtors.o)
 .debug_line    0x0000000000005b65       0xb5 ../vga_bsp//libhal_bsp.a(alt_find_dev.o)
 .debug_line    0x0000000000005c1a       0x50 ../vga_bsp//libhal_bsp.a(alt_icache_flush_all.o)
 .debug_line    0x0000000000005c6a       0xeb ../vga_bsp//libhal_bsp.a(alt_iic.o)
 .debug_line    0x0000000000005d55       0xdb ../vga_bsp//libhal_bsp.a(alt_iic_isr_register.o)
 .debug_line    0x0000000000005e30       0x6b ../vga_bsp//libhal_bsp.a(alt_irq_entry.o)
 .debug_line    0x0000000000005e9b       0xaa ../vga_bsp//libhal_bsp.a(alt_irq_handler.o)
 .debug_line    0x0000000000005f45       0x50 ../vga_bsp//libhal_bsp.a(alt_irq_vars.o)
 .debug_line    0x0000000000005f95       0x51 ../vga_bsp//libhal_bsp.a(altera_nios2_gen2_irq.o)
 .debug_line    0x0000000000005fe6       0xb3 ../vga_bsp//libhal_bsp.a(alt_exception_entry.o)
 .debug_line    0x0000000000006099       0x81 ../vga_bsp//libhal_bsp.a(alt_icache_flush.o)
 .debug_line    0x000000000000611a       0xba ../vga_bsp//libhal_bsp.a(alt_instruction_exception_entry.o)
 .debug_line    0x00000000000061d4       0xfb ../vga_bsp//newlib/nios2-elf/lib/libc.a(lib_a-atexit.o)
 .debug_line    0x00000000000062cf      0x1db ../vga_bsp//newlib/nios2-elf/lib/libc.a(lib_a-exit.o)
 .debug_line    0x00000000000064aa      0x184 ../vga_bsp//newlib/nios2-elf/lib/libc.a(lib_a-memcmp.o)
 .debug_line    0x000000000000662e      0x112 ../vga_bsp//newlib/nios2-elf/lib/libc.a(lib_a-strcmp.o)
 .debug_line    0x0000000000006740      0x1a8 ../vga_bsp//newlib/nios2-elf/lib/libc.a(lib_a-__atexit.o)
 .debug_line    0x00000000000068e8      0x1e8 ../vga_bsp//newlib/nios2-elf/lib/libc.a(lib_a-__call_atexit.o)
 .debug_line    0x0000000000006ad0       0x71 ../vga_bsp//libhal_bsp.a(alt_exit.o)

.debug_frame    0x0000000000000000     0x193c
 *(.debug_frame)
 .debug_frame   0x0000000000000000       0xac obj/default/hello_world.o
 .debug_frame   0x00000000000000ac       0x60 ../vga_bsp//newlib/nios2-elf/lib/libc.a(lib_a-puts.o)
 .debug_frame   0x000000000000010c       0x34 ../vga_bsp//newlib/nios2-elf/lib/libc.a(lib_a-strlen.o)
 .debug_frame   0x0000000000000140      0x22c ../vga_bsp//newlib/nios2-elf/lib/libc.a(lib_a-findfp.o)
 .debug_frame   0x000000000000036c       0x58 ../vga_bsp//newlib/nios2-elf/lib/libc.a(lib_a-fvwrite.o)
 .debug_frame   0x00000000000003c4       0x88 ../vga_bsp//newlib/nios2-elf/lib/libc.a(lib_a-fwalk.o)
 .debug_frame   0x000000000000044c       0x60 ../vga_bsp//newlib/nios2-elf/lib/libc.a(lib_a-mallocr.o)
 .debug_frame   0x00000000000004ac       0x34 ../vga_bsp//newlib/nios2-elf/lib/libc.a(lib_a-memchr.o)
 .debug_frame   0x00000000000004e0       0x34 ../vga_bsp//newlib/nios2-elf/lib/libc.a(lib_a-memcpy.o)
 .debug_frame   0x0000000000000514       0x34 ../vga_bsp//newlib/nios2-elf/lib/libc.a(lib_a-memmove.o)
 .debug_frame   0x0000000000000548       0x34 ../vga_bsp//newlib/nios2-elf/lib/libc.a(lib_a-memset.o)
 .debug_frame   0x000000000000057c       0x38 ../vga_bsp//newlib/nios2-elf/lib/libc.a(lib_a-reallocr.o)
 .debug_frame   0x00000000000005b4       0x38 ../vga_bsp//newlib/nios2-elf/lib/libc.a(lib_a-sbrkr.o)
 .debug_frame   0x00000000000005ec       0xe8 ../vga_bsp//newlib/nios2-elf/lib/libc.a(lib_a-stdio.o)
 .debug_frame   0x00000000000006d4       0x38 ../vga_bsp//newlib/nios2-elf/lib/libc.a(lib_a-writer.o)
 .debug_frame   0x000000000000070c       0x40 ../vga_bsp//newlib/nios2-elf/lib/libc.a(lib_a-wsetup.o)
 .debug_frame   0x000000000000074c       0x38 ../vga_bsp//newlib/nios2-elf/lib/libc.a(closer.o)
 .debug_frame   0x0000000000000784       0x68 ../vga_bsp//newlib/nios2-elf/lib/libc.a(lib_a-fclose.o)
 .debug_frame   0x00000000000007ec       0xa0 ../vga_bsp//newlib/nios2-elf/lib/libc.a(lib_a-fflush.o)
 .debug_frame   0x000000000000088c       0x60 ../vga_bsp//newlib/nios2-elf/lib/libc.a(lib_a-freer.o)
 .debug_frame   0x00000000000008ec       0x38 ../vga_bsp//newlib/nios2-elf/lib/libc.a(lib_a-lseekr.o)
 .debug_frame   0x0000000000000924       0x4c ../vga_bsp//newlib/nios2-elf/lib/libc.a(lib_a-makebuf.o)
 .debug_frame   0x0000000000000970       0x38 ../vga_bsp//newlib/nios2-elf/lib/libc.a(lib_a-readr.o)
 .debug_frame   0x00000000000009a8       0x38 ../vga_bsp//newlib/nios2-elf/lib/libc.a(lib_a-fstatr.o)
 .debug_frame   0x00000000000009e0       0x38 ../vga_bsp//newlib/nios2-elf/lib/libc.a(lib_a-isattyr.o)
 .debug_frame   0x0000000000000a18       0x50 /usr/local/3rdparty/altera/18.1/nios2eds/bin/gnu/H-x86_64-pc-linux-gnu/bin/../lib/gcc/nios2-elf/5.3.0/libgcc.a(lib2-divmod.o)
 .debug_frame   0x0000000000000a68       0x60 ../vga_bsp//libhal_bsp.a(alt_close.o)
 .debug_frame   0x0000000000000ac8       0x34 ../vga_bsp//libhal_bsp.a(alt_dev.o)
 .debug_frame   0x0000000000000afc       0x60 ../vga_bsp//libhal_bsp.a(alt_fstat.o)
 .debug_frame   0x0000000000000b5c       0x60 ../vga_bsp//libhal_bsp.a(alt_isatty.o)
 .debug_frame   0x0000000000000bbc       0x5c ../vga_bsp//libhal_bsp.a(alt_load.o)
 .debug_frame   0x0000000000000c18       0x60 ../vga_bsp//libhal_bsp.a(alt_lseek.o)
 .debug_frame   0x0000000000000c78       0x2c ../vga_bsp//libhal_bsp.a(alt_main.o)
 .debug_frame   0x0000000000000ca4       0x58 ../vga_bsp//libhal_bsp.a(alt_malloc_lock.o)
 .debug_frame   0x0000000000000cfc       0x60 ../vga_bsp//libhal_bsp.a(alt_read.o)
 .debug_frame   0x0000000000000d5c       0x34 ../vga_bsp//libhal_bsp.a(alt_release_fd.o)
 .debug_frame   0x0000000000000d90       0x34 ../vga_bsp//libhal_bsp.a(alt_sbrk.o)
 .debug_frame   0x0000000000000dc4       0x5c ../vga_bsp//libhal_bsp.a(alt_tick.o)
 .debug_frame   0x0000000000000e20       0x60 ../vga_bsp//libhal_bsp.a(alt_write.o)
 .debug_frame   0x0000000000000e80       0x88 ../vga_bsp//libhal_bsp.a(alt_sys_init.o)
 .debug_frame   0x0000000000000f08       0xb0 ../vga_bsp//libhal_bsp.a(altera_avalon_jtag_uart_fd.o)
 .debug_frame   0x0000000000000fb8       0xa4 ../vga_bsp//libhal_bsp.a(altera_avalon_jtag_uart_init.o)
 .debug_frame   0x000000000000105c       0x34 ../vga_bsp//libhal_bsp.a(altera_avalon_jtag_uart_ioctl.o)
 .debug_frame   0x0000000000001090       0x38 ../vga_bsp//libhal_bsp.a(altera_avalon_jtag_uart_read.o)
 .debug_frame   0x00000000000010c8       0x38 ../vga_bsp//libhal_bsp.a(altera_avalon_jtag_uart_write.o)
 .debug_frame   0x0000000000001100       0xcc ../vga_bsp//libhal_bsp.a(altera_up_avalon_video_character_buffer_with_dma.o)
 .debug_frame   0x00000000000011cc      0x270 ../vga_bsp//libhal_bsp.a(altera_up_avalon_video_pixel_buffer_dma.o)
 .debug_frame   0x000000000000143c       0x34 ../vga_bsp//libhal_bsp.a(alt_alarm_start.o)
 .debug_frame   0x0000000000001470       0x34 ../vga_bsp//libhal_bsp.a(alt_dcache_flush_all.o)
 .debug_frame   0x00000000000014a4       0x60 ../vga_bsp//libhal_bsp.a(alt_dev_llist_insert.o)
 .debug_frame   0x0000000000001504       0x38 ../vga_bsp//libhal_bsp.a(alt_do_ctors.o)
 .debug_frame   0x000000000000153c       0x38 ../vga_bsp//libhal_bsp.a(alt_do_dtors.o)
 .debug_frame   0x0000000000001574       0x38 ../vga_bsp//libhal_bsp.a(alt_find_dev.o)
 .debug_frame   0x00000000000015ac       0x38 ../vga_bsp//libhal_bsp.a(alt_icache_flush_all.o)
 .debug_frame   0x00000000000015e4       0xa4 ../vga_bsp//libhal_bsp.a(alt_iic.o)
 .debug_frame   0x0000000000001688       0x38 ../vga_bsp//libhal_bsp.a(alt_iic_isr_register.o)
 .debug_frame   0x00000000000016c0       0x38 ../vga_bsp//libhal_bsp.a(alt_irq_handler.o)
 .debug_frame   0x00000000000016f8       0x34 ../vga_bsp//libhal_bsp.a(altera_nios2_gen2_irq.o)
 .debug_frame   0x000000000000172c       0x34 ../vga_bsp//libhal_bsp.a(alt_icache_flush.o)
 .debug_frame   0x0000000000001760       0x5c ../vga_bsp//libhal_bsp.a(alt_instruction_exception_entry.o)
 .debug_frame   0x00000000000017bc       0x38 ../vga_bsp//newlib/nios2-elf/lib/libc.a(lib_a-atexit.o)
 .debug_frame   0x00000000000017f4       0x2c ../vga_bsp//newlib/nios2-elf/lib/libc.a(lib_a-exit.o)